176.53.222.10 - - [21/Oct/2025:05:17:54 +0500] "GET /login.php HTTP/1.0" 200 5142 "-" "Mozilla/5.0 (Windows NT 10.0; Win64; x64) AppleWebKit/537.36 (KHTML, like Gecko) Chrome/94.0.4606.61 Safari/537.36"
172.70.248.17 - - [21/Oct/2025:05:23:34 +0500] "GET /wordpress/wp-admin/setup-config.php HTTP/1.0" 404 4406 "-" "Mozilla/5.0 (Windows NT 10.0; Win64; x64) AppleWebKit/537.36 (KHTML, like Gecko) Chrome/140.0.0.0 Safari/537.36"
172.71.184.59 - - [21/Oct/2025:05:26:05 +0500] "GET /wp-admin/setup-config.php HTTP/1.0" 404 4406 "-" "Mozilla/5.0 (Windows NT 10.0; Win64; x64) AppleWebKit/537.36 (KHTML, like Gecko) Chrome/140.0.0.0 Safari/537.36"
172.70.250.235 - - [21/Oct/2025:05:26:33 +0500] "GET /wp-admin/setup-config.php HTTP/1.0" 404 4406 "-" "Mozilla/5.0 (Windows NT 10.0; Win64; x64) AppleWebKit/537.36 (KHTML, like Gecko) Chrome/140.0.0.0 Safari/537.36"
172.71.172.29 - - [21/Oct/2025:05:26:37 +0500] "GET /wordpress/wp-admin/setup-config.php HTTP/1.0" 404 4406 "-" "Mozilla/5.0 (Windows NT 10.0; Win64; x64) AppleWebKit/537.36 (KHTML, like Gecko) Chrome/140.0.0.0 Safari/537.36"
172.71.184.59 - - [21/Oct/2025:05:43:45 +0500] "GET /wp-admin/setup-config.php HTTP/1.0" 404 4406 "-" "Mozilla/5.0 (Windows NT 10.0; Win64; x64) AppleWebKit/537.36 (KHTML, like Gecko) Chrome/140.0.0.0 Safari/537.36"
104.23.223.125 - - [21/Oct/2025:05:44:39 +0500] "GET /wordpress/wp-admin/setup-config.php HTTP/1.0" 404 4406 "-" "Mozilla/5.0 (Windows NT 10.0; Win64; x64) AppleWebKit/537.36 (KHTML, like Gecko) Chrome/140.0.0.0 Safari/537.36"
172.68.183.48 - - [21/Oct/2025:05:46:13 +0500] "GET /wordpress/wp-admin/setup-config.php HTTP/1.0" 404 4406 "-" "Mozilla/5.0 (Windows NT 10.0; Win64; x64) AppleWebKit/537.36 (KHTML, like Gecko) Chrome/140.0.0.0 Safari/537.36"
172.68.10.7 - - [21/Oct/2025:05:47:12 +0500] "GET /wp-admin/setup-config.php HTTP/1.0" 404 4406 "-" "Mozilla/5.0 (Windows NT 10.0; Win64; x64) AppleWebKit/537.36 (KHTML, like Gecko) Chrome/140.0.0.0 Safari/537.36"
160.224.44.130 - - [21/Oct/2025:06:04:53 +0500] "GET / HTTP/1.0" 302 3719 "-" "Mozilla/5.0 (Windows NT 10.0; Win64; x64) AppleWebKit/537.36 (KHTML, like Gecko) Chrome/94.0.4606.61 Safari/537.36"
160.224.44.130 - - [21/Oct/2025:06:04:53 +0500] "GET /login.php HTTP/1.0" 200 5142 "-" "Mozilla/5.0 (Windows NT 10.0; Win64; x64) AppleWebKit/537.36 (KHTML, like Gecko) Chrome/94.0.4606.61 Safari/537.36"
172.71.184.58 - - [21/Oct/2025:06:05:31 +0500] "GET /wordpress/wp-admin/setup-config.php HTTP/1.0" 404 4406 "-" "Mozilla/5.0 (Windows NT 10.0; Win64; x64) AppleWebKit/537.36 (KHTML, like Gecko) Chrome/140.0.0.0 Safari/537.36"
172.68.10.6 - - [21/Oct/2025:06:06:18 +0500] "GET /wordpress/wp-admin/setup-config.php HTTP/1.0" 404 4406 "-" "Mozilla/5.0 (Windows NT 10.0; Win64; x64) AppleWebKit/537.36 (KHTML, like Gecko) Chrome/140.0.0.0 Safari/537.36"
172.68.10.6 - - [21/Oct/2025:06:06:27 +0500] "GET /wp-admin/setup-config.php HTTP/1.0" 404 4406 "-" "Mozilla/5.0 (Windows NT 10.0; Win64; x64) AppleWebKit/537.36 (KHTML, like Gecko) Chrome/140.0.0.0 Safari/537.36"
172.68.195.147 - - [21/Oct/2025:06:06:54 +0500] "GET /wp-admin/setup-config.php HTTP/1.0" 404 4406 "-" "Mozilla/5.0 (Windows NT 10.0; Win64; x64) AppleWebKit/537.36 (KHTML, like Gecko) Chrome/140.0.0.0 Safari/537.36"
172.68.195.146 - - [21/Oct/2025:06:32:22 +0500] "GET /wordpress/wp-admin/setup-config.php HTTP/1.0" 404 4406 "-" "Mozilla/5.0 (Windows NT 10.0; Win64; x64) AppleWebKit/537.36 (KHTML, like Gecko) Chrome/140.0.0.0 Safari/537.36"
172.71.184.58 - - [21/Oct/2025:06:33:22 +0500] "GET /wp-admin/setup-config.php HTTP/1.0" 404 4406 "-" "Mozilla/5.0 (Windows NT 10.0; Win64; x64) AppleWebKit/537.36 (KHTML, like Gecko) Chrome/140.0.0.0 Safari/537.36"
172.71.184.59 - - [21/Oct/2025:06:35:54 +0500] "GET /wp-admin/setup-config.php HTTP/1.0" 404 4406 "-" "Mozilla/5.0 (Windows NT 10.0; Win64; x64) AppleWebKit/537.36 (KHTML, like Gecko) Chrome/140.0.0.0 Safari/537.36"
172.68.10.6 - - [21/Oct/2025:06:36:00 +0500] "GET /wordpress/wp-admin/setup-config.php HTTP/1.0" 404 4406 "-" "Mozilla/5.0 (Windows NT 10.0; Win64; x64) AppleWebKit/537.36 (KHTML, like Gecko) Chrome/140.0.0.0 Safari/537.36"
104.23.221.29 - - [21/Oct/2025:06:54:14 +0500] "GET /wp-admin/setup-config.php HTTP/1.0" 404 4406 "-" "Mozilla/5.0 (Windows NT 10.0; Win64; x64) AppleWebKit/537.36 (KHTML, like Gecko) Chrome/140.0.0.0 Safari/537.36"
104.23.221.29 - - [21/Oct/2025:06:54:33 +0500] "GET /wordpress/wp-admin/setup-config.php HTTP/1.0" 404 4406 "-" "Mozilla/5.0 (Windows NT 10.0; Win64; x64) AppleWebKit/537.36 (KHTML, like Gecko) Chrome/140.0.0.0 Safari/537.36"
185.177.72.8 - - [21/Oct/2025:06:56:03 +0500] "GET /.git/config HTTP/1.0" 200 3796 "-" "Mozilla/5.0 (iPhone; U; CPU iPhone OS 4_3 like Mac OS X; de-de) AppleWebKit/533.17.9 (KHTML, like Gecko) Mobile/8F190"
104.23.223.124 - - [21/Oct/2025:06:56:17 +0500] "GET /wp-admin/setup-config.php HTTP/1.0" 404 4406 "-" "Mozilla/5.0 (Windows NT 10.0; Win64; x64) AppleWebKit/537.36 (KHTML, like Gecko) Chrome/140.0.0.0 Safari/537.36"
104.23.221.28 - - [21/Oct/2025:06:57:34 +0500] "GET /wordpress/wp-admin/setup-config.php HTTP/1.0" 404 4406 "-" "Mozilla/5.0 (Windows NT 10.0; Win64; x64) AppleWebKit/537.36 (KHTML, like Gecko) Chrome/140.0.0.0 Safari/537.36"
172.68.183.47 - - [21/Oct/2025:07:16:39 +0500] "GET /wordpress/wp-admin/setup-config.php HTTP/1.0" 404 4406 "-" "Mozilla/5.0 (Windows NT 10.0; Win64; x64) AppleWebKit/537.36 (KHTML, like Gecko) Chrome/140.0.0.0 Safari/537.36"
172.71.184.59 - - [21/Oct/2025:07:17:26 +0500] "GET /wp-admin/setup-config.php HTTP/1.0" 404 4406 "-" "Mozilla/5.0 (Windows NT 10.0; Win64; x64) AppleWebKit/537.36 (KHTML, like Gecko) Chrome/140.0.0.0 Safari/537.36"
104.23.223.125 - - [21/Oct/2025:07:17:27 +0500] "GET /wordpress/wp-admin/setup-config.php HTTP/1.0" 404 4406 "-" "Mozilla/5.0 (Windows NT 10.0; Win64; x64) AppleWebKit/537.36 (KHTML, like Gecko) Chrome/140.0.0.0 Safari/537.36"
104.23.223.124 - - [21/Oct/2025:07:18:39 +0500] "GET /wp-admin/setup-config.php HTTP/1.0" 404 4406 "-" "Mozilla/5.0 (Windows NT 10.0; Win64; x64) AppleWebKit/537.36 (KHTML, like Gecko) Chrome/140.0.0.0 Safari/537.36"
34.142.243.24 - - [21/Oct/2025:07:30:14 +0500] "GET / HTTP/1.0" 302 3719 "http://nursultan0-0.site/" "Mozilla/5.0 (Linux; Android 5.1.1; SM-J111F)"
34.142.243.24 - - [21/Oct/2025:07:30:15 +0500] "GET /login.php HTTP/1.0" 200 5142 "https://nursultan0-0.site/" "Mozilla/5.0 (Linux; Android 5.1.1; SM-J111F)"
34.142.243.24 - - [21/Oct/2025:07:30:16 +0500] "GET /wordpress/ HTTP/1.0" 404 4406 "http://nursultan0-0.site/wordpress/" "Mozilla/5.0 (Linux; Android 5.1.1; SM-J111F)"
172.71.184.58 - - [21/Oct/2025:07:35:00 +0500] "GET /wordpress/wp-admin/setup-config.php HTTP/1.0" 404 4406 "-" "Mozilla/5.0 (Windows NT 10.0; Win64; x64) AppleWebKit/537.36 (KHTML, like Gecko) Chrome/140.0.0.0 Safari/537.36"
162.158.110.74 - - [21/Oct/2025:07:35:08 +0500] "GET /wordpress/wp-admin/setup-config.php HTTP/1.0" 404 4406 "-" "Mozilla/5.0 (Windows NT 10.0; Win64; x64) AppleWebKit/537.36 (KHTML, like Gecko) Chrome/140.0.0.0 Safari/537.36"
172.71.184.58 - - [21/Oct/2025:07:35:39 +0500] "GET /wp-admin/setup-config.php HTTP/1.0" 404 4406 "-" "Mozilla/5.0 (Windows NT 10.0; Win64; x64) AppleWebKit/537.36 (KHTML, like Gecko) Chrome/140.0.0.0 Safari/537.36"
172.71.164.50 - - [21/Oct/2025:07:36:10 +0500] "GET /wp-admin/setup-config.php HTTP/1.0" 404 4406 "-" "Mozilla/5.0 (Windows NT 10.0; Win64; x64) AppleWebKit/537.36 (KHTML, like Gecko) Chrome/140.0.0.0 Safari/537.36"
172.71.184.59 - - [21/Oct/2025:07:56:04 +0500] "GET /wp-admin/setup-config.php HTTP/1.0" 404 4406 "-" "Mozilla/5.0 (Windows NT 10.0; Win64; x64) AppleWebKit/537.36 (KHTML, like Gecko) Chrome/140.0.0.0 Safari/537.36"
172.71.148.70 - - [21/Oct/2025:07:57:07 +0500] "GET /wordpress/wp-admin/setup-config.php HTTP/1.0" 404 4406 "-" "Mozilla/5.0 (Windows NT 10.0; Win64; x64) AppleWebKit/537.36 (KHTML, like Gecko) Chrome/140.0.0.0 Safari/537.36"
172.71.148.73 - - [21/Oct/2025:07:57:09 +0500] "GET /wp-admin/setup-config.php HTTP/1.0" 404 4406 "-" "Mozilla/5.0 (Windows NT 10.0; Win64; x64) AppleWebKit/537.36 (KHTML, like Gecko) Chrome/140.0.0.0 Safari/537.36"
172.68.10.7 - - [21/Oct/2025:07:59:09 +0500] "GET /wordpress/wp-admin/setup-config.php HTTP/1.0" 404 4406 "-" "Mozilla/5.0 (Windows NT 10.0; Win64; x64) AppleWebKit/537.36 (KHTML, like Gecko) Chrome/140.0.0.0 Safari/537.36"
172.71.184.59 - - [21/Oct/2025:08:14:22 +0500] "GET /wp-admin/setup-config.php HTTP/1.0" 404 4406 "-" "Mozilla/5.0 (Windows NT 10.0; Win64; x64) AppleWebKit/537.36 (KHTML, like Gecko) Chrome/140.0.0.0 Safari/537.36"
172.71.184.58 - - [21/Oct/2025:08:15:34 +0500] "GET /wp-admin/setup-config.php HTTP/1.0" 404 4406 "-" "Mozilla/5.0 (Windows NT 10.0; Win64; x64) AppleWebKit/537.36 (KHTML, like Gecko) Chrome/140.0.0.0 Safari/537.36"
172.70.246.125 - - [21/Oct/2025:08:17:11 +0500] "GET /wordpress/wp-admin/setup-config.php HTTP/1.0" 404 4406 "-" "Mozilla/5.0 (Windows NT 10.0; Win64; x64) AppleWebKit/537.36 (KHTML, like Gecko) Chrome/140.0.0.0 Safari/537.36"
172.68.10.7 - - [21/Oct/2025:08:17:48 +0500] "GET /wordpress/wp-admin/setup-config.php HTTP/1.0" 404 4406 "-" "Mozilla/5.0 (Windows NT 10.0; Win64; x64) AppleWebKit/537.36 (KHTML, like Gecko) Chrome/140.0.0.0 Safari/537.36"
82.146.44.21 - - [21/Oct/2025:08:25:13 +0500] "GET / HTTP/1.0" 302 3719 "-" "AppleWebKit/537.36 (KHTML, like Gecko)"
82.146.44.21 - - [21/Oct/2025:08:25:13 +0500] "GET /login.php HTTP/1.0" 200 5074 "-" "AppleWebKit/537.36 (KHTML, like Gecko)"
82.146.44.21 - - [21/Oct/2025:08:25:13 +0500] "GET / HTTP/1.0" 302 3719 "-" "AppleWebKit/537.36 (KHTML, like Gecko)"
82.146.44.21 - - [21/Oct/2025:08:25:15 +0500] "GET /login.php HTTP/1.0" 200 5074 "-" "AppleWebKit/537.36 (KHTML, like Gecko)"
119.28.89.249 - - [21/Oct/2025:08:30:45 +0500] "GET / HTTP/1.0" 302 3719 "http://nursultan0-0.site" "Mozilla/5.0 (iPhone; CPU iPhone OS 13_2_3 like Mac OS X) AppleWebKit/605.1.15 (KHTML, like Gecko) Version/13.0.3 Mobile/15E148 Safari/604.1"
119.28.89.249 - - [21/Oct/2025:08:30:46 +0500] "GET /login.php HTTP/1.0" 200 5142 "https://nursultan0-0.site/" "Mozilla/5.0 (iPhone; CPU iPhone OS 13_2_3 like Mac OS X) AppleWebKit/605.1.15 (KHTML, like Gecko) Version/13.0.3 Mobile/15E148 Safari/604.1"
43.159.152.187 - - [21/Oct/2025:08:31:06 +0500] "GET / HTTP/1.0" 302 3719 "http://nursultan0-0.site/" "Mozilla/5.0 (iPhone; CPU iPhone OS 13_2_3 like Mac OS X) AppleWebKit/605.1.15 (KHTML, like Gecko) Version/13.0.3 Mobile/15E148 Safari/604.1"
43.159.152.187 - - [21/Oct/2025:08:31:08 +0500] "GET /login.php HTTP/1.0" 200 5142 "https://nursultan0-0.site/" "Mozilla/5.0 (iPhone; CPU iPhone OS 13_2_3 like Mac OS X) AppleWebKit/605.1.15 (KHTML, like Gecko) Version/13.0.3 Mobile/15E148 Safari/604.1"
43.133.14.237 - - [21/Oct/2025:08:31:22 +0500] "GET / HTTP/1.0" 302 3719 "http://nursultan0-0.site/" "Mozilla/5.0 (iPhone; CPU iPhone OS 13_2_3 like Mac OS X) AppleWebKit/605.1.15 (KHTML, like Gecko) Version/13.0.3 Mobile/15E148 Safari/604.1"
43.133.14.237 - - [21/Oct/2025:08:31:24 +0500] "GET /login.php HTTP/1.0" 200 5142 "https://nursultan0-0.site/" "Mozilla/5.0 (iPhone; CPU iPhone OS 13_2_3 like Mac OS X) AppleWebKit/605.1.15 (KHTML, like Gecko) Version/13.0.3 Mobile/15E148 Safari/604.1"
49.51.180.2 - - [21/Oct/2025:08:32:00 +0500] "GET / HTTP/1.0" 302 3719 "http://nursultan0-0.site/" "Mozilla/5.0 (iPhone; CPU iPhone OS 13_2_3 like Mac OS X) AppleWebKit/605.1.15 (KHTML, like Gecko) Version/13.0.3 Mobile/15E148 Safari/604.1"
49.51.180.2 - - [21/Oct/2025:08:32:01 +0500] "GET /login.php HTTP/1.0" 200 5142 "https://nursultan0-0.site/" "Mozilla/5.0 (iPhone; CPU iPhone OS 13_2_3 like Mac OS X) AppleWebKit/605.1.15 (KHTML, like Gecko) Version/13.0.3 Mobile/15E148 Safari/604.1"
104.23.223.125 - - [21/Oct/2025:08:34:39 +0500] "GET /wordpress/wp-admin/setup-config.php HTTP/1.0" 404 4406 "-" "Mozilla/5.0 (Windows NT 10.0; Win64; x64) AppleWebKit/537.36 (KHTML, like Gecko) Chrome/140.0.0.0 Safari/537.36"
104.23.221.29 - - [21/Oct/2025:08:35:34 +0500] "GET /wp-admin/setup-config.php HTTP/1.0" 404 4406 "-" "Mozilla/5.0 (Windows NT 10.0; Win64; x64) AppleWebKit/537.36 (KHTML, like Gecko) Chrome/140.0.0.0 Safari/537.36"
82.146.44.21 - - [21/Oct/2025:08:36:00 +0500] "GET /assets/style.css HTTP/1.0" 200 3555 "-" "AppleWebKit/537.36 (KHTML, like Gecko)"
82.146.44.21 - - [21/Oct/2025:08:36:00 +0500] "GET /assets/script.js HTTP/1.0" 200 3569 "-" "AppleWebKit/537.36 (KHTML, like Gecko)"
82.146.44.21 - - [21/Oct/2025:08:36:07 +0500] "GET /assets/style.css HTTP/1.0" 200 3555 "-" "AppleWebKit/537.36 (KHTML, like Gecko)"
104.23.223.125 - - [21/Oct/2025:08:36:08 +0500] "GET /wp-admin/setup-config.php HTTP/1.0" 404 4406 "-" "Mozilla/5.0 (Windows NT 10.0; Win64; x64) AppleWebKit/537.36 (KHTML, like Gecko) Chrome/140.0.0.0 Safari/537.36"
82.146.44.21 - - [21/Oct/2025:08:36:08 +0500] "GET /assets/script.js HTTP/1.0" 200 3569 "-" "AppleWebKit/537.36 (KHTML, like Gecko)"
104.23.223.125 - - [21/Oct/2025:08:36:19 +0500] "GET /wordpress/wp-admin/setup-config.php HTTP/1.0" 404 4406 "-" "Mozilla/5.0 (Windows NT 10.0; Win64; x64) AppleWebKit/537.36 (KHTML, like Gecko) Chrome/140.0.0.0 Safari/537.36"
157.143.122.60 - - [21/Oct/2025:08:39:55 +0500] "GET / HTTP/1.0" 302 3719 "-" "Mozilla/5.0 (Linux; Android 6.0; Nexus 5 Build/MRA58N) AppleWebKit/537.36 (KHTML, like Gecko) Chrome/130.0.0.0 Mobile Safari/537.36"
157.143.122.60 - - [21/Oct/2025:08:39:55 +0500] "GET /login.php HTTP/1.0" 200 5142 "https://nursultan0-0.site/" "Mozilla/5.0 (Linux; Android 6.0; Nexus 5 Build/MRA58N) AppleWebKit/537.36 (KHTML, like Gecko) Chrome/130.0.0.0 Mobile Safari/537.36"
157.143.122.60 - - [21/Oct/2025:08:39:55 +0500] "GET /assets/style.css HTTP/1.0" 200 3555 "-" "Mozilla/5.0 (Linux; Android 6.0; Nexus 5 Build/MRA58N) AppleWebKit/537.36 (KHTML, like Gecko) Chrome/130.0.0.0 Mobile Safari/537.36"
157.143.122.60 - - [21/Oct/2025:08:39:55 +0500] "GET /js/lkk_ch.js HTTP/1.0" 404 4406 "-" "Mozilla/5.0 (Linux; Android 6.0; Nexus 5 Build/MRA58N) AppleWebKit/537.36 (KHTML, like Gecko) Chrome/130.0.0.0 Mobile Safari/537.36"
157.143.122.60 - - [21/Oct/2025:08:39:55 +0500] "GET /css/support_parent.css HTTP/1.0" 404 4406 "-" "Mozilla/5.0 (Linux; Android 6.0; Nexus 5 Build/MRA58N) AppleWebKit/537.36 (KHTML, like Gecko) Chrome/130.0.0.0 Mobile Safari/537.36"
157.143.122.60 - - [21/Oct/2025:08:39:55 +0500] "GET /js/twint_ch.js HTTP/1.0" 404 4406 "-" "Mozilla/5.0 (Linux; Android 6.0; Nexus 5 Build/MRA58N) AppleWebKit/537.36 (KHTML, like Gecko) Chrome/130.0.0.0 Mobile Safari/537.36"
157.143.122.60 - - [21/Oct/2025:08:39:55 +0500] "GET /assets/script.js HTTP/1.0" 200 3569 "-" "Mozilla/5.0 (Linux; Android 6.0; Nexus 5 Build/MRA58N) AppleWebKit/537.36 (KHTML, like Gecko) Chrome/130.0.0.0 Mobile Safari/537.36"
104.23.221.29 - - [21/Oct/2025:08:55:09 +0500] "GET /wp-admin/setup-config.php HTTP/1.0" 404 4406 "-" "Mozilla/5.0 (Windows NT 10.0; Win64; x64) AppleWebKit/537.36 (KHTML, like Gecko) Chrome/140.0.0.0 Safari/537.36"
172.71.184.58 - - [21/Oct/2025:08:55:28 +0500] "GET /wordpress/wp-admin/setup-config.php HTTP/1.0" 404 4406 "-" "Mozilla/5.0 (Windows NT 10.0; Win64; x64) AppleWebKit/537.36 (KHTML, like Gecko) Chrome/140.0.0.0 Safari/537.36"
104.23.221.29 - - [21/Oct/2025:08:55:30 +0500] "GET /wp-admin/setup-config.php HTTP/1.0" 404 4406 "-" "Mozilla/5.0 (Windows NT 10.0; Win64; x64) AppleWebKit/537.36 (KHTML, like Gecko) Chrome/140.0.0.0 Safari/537.36"
172.71.184.58 - - [21/Oct/2025:08:56:04 +0500] "GET /wordpress/wp-admin/setup-config.php HTTP/1.0" 404 4406 "-" "Mozilla/5.0 (Windows NT 10.0; Win64; x64) AppleWebKit/537.36 (KHTML, like Gecko) Chrome/140.0.0.0 Safari/537.36"
104.23.221.29 - - [21/Oct/2025:08:58:58 +0500] "GET /wp-admin/setup-config.php HTTP/1.0" 404 4406 "-" "Mozilla/5.0 (Windows NT 10.0; Win64; x64) AppleWebKit/537.36 (KHTML, like Gecko) Chrome/140.0.0.0 Safari/537.36"
54.84.93.91 - - [21/Oct/2025:09:00:51 +0500] "GET /.git/config HTTP/1.0" 200 3796 "-" "Mozilla/5.0 (Linux; Android 8.0.0; XT1650) AppleWebKit/537.36 (KHTML, like Gecko) Chrome/74.0.3729.157 Mobile Safari/537.36"
3.128.29.238 - - [21/Oct/2025:09:01:33 +0500] "GET / HTTP/1.0" 302 3719 "-" "-"
185.249.173.116 - - [21/Oct/2025:09:11:57 +0500] "GET / HTTP/1.0" 302 3719 "-" "Mozilla/5.0 (Windows NT 10.0; Win64; x64) AppleWebKit/537.36 (KHTML, like Gecko) Chrome/141.0.0.0 Safari/537.36"
185.249.173.116 - - [21/Oct/2025:09:11:57 +0500] "GET /login.php HTTP/1.0" 200 5074 "-" "Mozilla/5.0 (Windows NT 10.0; Win64; x64) AppleWebKit/537.36 (KHTML, like Gecko) Chrome/141.0.0.0 Safari/537.36"
185.249.173.116 - - [21/Oct/2025:09:11:57 +0500] "GET /assets/style.css HTTP/1.0" 200 3555 "https://nursultan0-0.site/login.php" "Mozilla/5.0 (Windows NT 10.0; Win64; x64) AppleWebKit/537.36 (KHTML, like Gecko) Chrome/141.0.0.0 Safari/537.36"
185.249.173.116 - - [21/Oct/2025:09:11:57 +0500] "GET /assets/script.js HTTP/1.0" 200 3569 "https://nursultan0-0.site/login.php" "Mozilla/5.0 (Windows NT 10.0; Win64; x64) AppleWebKit/537.36 (KHTML, like Gecko) Chrome/141.0.0.0 Safari/537.36"
185.249.173.116 - - [21/Oct/2025:09:11:57 +0500] "GET /favicon.ico HTTP/1.0" 404 4406 "https://nursultan0-0.site/login.php" "Mozilla/5.0 (Windows NT 10.0; Win64; x64) AppleWebKit/537.36 (KHTML, like Gecko) Chrome/141.0.0.0 Safari/537.36"
185.249.173.116 - - [21/Oct/2025:09:11:59 +0500] "POST /login.php HTTP/1.0" 302 3662 "https://nursultan0-0.site/login.php" "Mozilla/5.0 (Windows NT 10.0; Win64; x64) AppleWebKit/537.36 (KHTML, like Gecko) Chrome/141.0.0.0 Safari/537.36"
185.249.173.116 - - [21/Oct/2025:09:11:59 +0500] "GET /index.php HTTP/1.0" 200 5873 "https://nursultan0-0.site/login.php" "Mozilla/5.0 (Windows NT 10.0; Win64; x64) AppleWebKit/537.36 (KHTML, like Gecko) Chrome/141.0.0.0 Safari/537.36"
185.249.173.116 - - [21/Oct/2025:09:12:05 +0500] "GET /admin_panel.php HTTP/1.0" 200 32497 "https://nursultan0-0.site/index.php" "Mozilla/5.0 (Windows NT 10.0; Win64; x64) AppleWebKit/537.36 (KHTML, like Gecko) Chrome/141.0.0.0 Safari/537.36"
172.68.195.147 - - [21/Oct/2025:09:16:43 +0500] "GET /wordpress/wp-admin/setup-config.php HTTP/1.0" 404 4406 "-" "Mozilla/5.0 (Windows NT 10.0; Win64; x64) AppleWebKit/537.36 (KHTML, like Gecko) Chrome/140.0.0.0 Safari/537.36"
172.71.184.58 - - [21/Oct/2025:09:17:20 +0500] "GET /wordpress/wp-admin/setup-config.php HTTP/1.0" 404 4406 "-" "Mozilla/5.0 (Windows NT 10.0; Win64; x64) AppleWebKit/537.36 (KHTML, like Gecko) Chrome/140.0.0.0 Safari/537.36"
172.68.10.6 - - [21/Oct/2025:09:17:29 +0500] "GET /wp-admin/setup-config.php HTTP/1.0" 404 4406 "-" "Mozilla/5.0 (Windows NT 10.0; Win64; x64) AppleWebKit/537.36 (KHTML, like Gecko) Chrome/140.0.0.0 Safari/537.36"
172.68.10.6 - - [21/Oct/2025:09:18:33 +0500] "GET /wp-admin/setup-config.php HTTP/1.0" 404 4406 "-" "Mozilla/5.0 (Windows NT 10.0; Win64; x64) AppleWebKit/537.36 (KHTML, like Gecko) Chrome/140.0.0.0 Safari/537.36"
149.57.180.169 - - [21/Oct/2025:09:19:56 +0500] "GET / HTTP/1.0" 302 3719 "-" "Mozilla/5.0 (X11; Linux i686; rv:109.0) Gecko/20100101 Firefox/120.0"
149.57.180.169 - - [21/Oct/2025:09:19:56 +0500] "GET /login.php HTTP/1.0" 200 5074 "-" "Mozilla/5.0 (X11; Linux i686; rv:109.0) Gecko/20100101 Firefox/120.0"
172.71.184.58 - - [21/Oct/2025:09:36:42 +0500] "GET /wp-admin/setup-config.php HTTP/1.0" 404 4406 "-" "Mozilla/5.0 (Windows NT 10.0; Win64; x64) AppleWebKit/537.36 (KHTML, like Gecko) Chrome/140.0.0.0 Safari/537.36"
172.68.10.6 - - [21/Oct/2025:09:36:51 +0500] "GET /wp-admin/setup-config.php HTTP/1.0" 404 4406 "-" "Mozilla/5.0 (Windows NT 10.0; Win64; x64) AppleWebKit/537.36 (KHTML, like Gecko) Chrome/140.0.0.0 Safari/537.36"
172.71.184.58 - - [21/Oct/2025:09:37:31 +0500] "GET /wordpress/wp-admin/setup-config.php HTTP/1.0" 404 4406 "-" "Mozilla/5.0 (Windows NT 10.0; Win64; x64) AppleWebKit/537.36 (KHTML, like Gecko) Chrome/140.0.0.0 Safari/537.36"
172.68.10.7 - - [21/Oct/2025:09:39:07 +0500] "GET /wordpress/wp-admin/setup-config.php HTTP/1.0" 404 4406 "-" "Mozilla/5.0 (Windows NT 10.0; Win64; x64) AppleWebKit/537.36 (KHTML, like Gecko) Chrome/140.0.0.0 Safari/537.36"
43.153.15.51 - - [21/Oct/2025:09:47:16 +0500] "GET / HTTP/1.0" 302 3719 "http://nursultan0-0.site" "Mozilla/5.0 (iPhone; CPU iPhone OS 13_2_3 like Mac OS X) AppleWebKit/605.1.15 (KHTML, like Gecko) Version/13.0.3 Mobile/15E148 Safari/604.1"
43.153.15.51 - - [21/Oct/2025:09:47:17 +0500] "GET /login.php HTTP/1.0" 200 5142 "https://nursultan0-0.site/" "Mozilla/5.0 (iPhone; CPU iPhone OS 13_2_3 like Mac OS X) AppleWebKit/605.1.15 (KHTML, like Gecko) Version/13.0.3 Mobile/15E148 Safari/604.1"
172.71.184.59 - - [21/Oct/2025:09:57:07 +0500] "GET /wp-admin/setup-config.php HTTP/1.0" 404 4406 "-" "Mozilla/5.0 (Windows NT 10.0; Win64; x64) AppleWebKit/537.36 (KHTML, like Gecko) Chrome/140.0.0.0 Safari/537.36"
172.71.184.58 - - [21/Oct/2025:09:57:26 +0500] "GET /wordpress/wp-admin/setup-config.php HTTP/1.0" 404 4406 "-" "Mozilla/5.0 (Windows NT 10.0; Win64; x64) AppleWebKit/537.36 (KHTML, like Gecko) Chrome/140.0.0.0 Safari/537.36"
172.68.10.7 - - [21/Oct/2025:09:58:41 +0500] "GET /wp-admin/setup-config.php HTTP/1.0" 404 4406 "-" "Mozilla/5.0 (Windows NT 10.0; Win64; x64) AppleWebKit/537.36 (KHTML, like Gecko) Chrome/140.0.0.0 Safari/537.36"
172.71.184.59 - - [21/Oct/2025:10:01:05 +0500] "GET /wordpress/wp-admin/setup-config.php HTTP/1.0" 404 4406 "-" "Mozilla/5.0 (Windows NT 10.0; Win64; x64) AppleWebKit/537.36 (KHTML, like Gecko) Chrome/140.0.0.0 Safari/537.36"
172.71.144.164 - - [21/Oct/2025:10:18:08 +0500] "GET /wp-admin/setup-config.php HTTP/1.0" 404 4406 "-" "Mozilla/5.0 (Windows NT 10.0; Win64; x64) AppleWebKit/537.36 (KHTML, like Gecko) Chrome/140.0.0.0 Safari/537.36"
172.71.184.59 - - [21/Oct/2025:10:19:56 +0500] "GET /wordpress/wp-admin/setup-config.php HTTP/1.0" 404 4406 "-" "Mozilla/5.0 (Windows NT 10.0; Win64; x64) AppleWebKit/537.36 (KHTML, like Gecko) Chrome/140.0.0.0 Safari/537.36"
172.71.184.59 - - [21/Oct/2025:10:20:48 +0500] "GET /wordpress/wp-admin/setup-config.php HTTP/1.0" 404 4406 "-" "Mozilla/5.0 (Windows NT 10.0; Win64; x64) AppleWebKit/537.36 (KHTML, like Gecko) Chrome/140.0.0.0 Safari/537.36"
172.68.10.6 - - [21/Oct/2025:10:21:36 +0500] "GET /wp-admin/setup-config.php HTTP/1.0" 404 4406 "-" "Mozilla/5.0 (Windows NT 10.0; Win64; x64) AppleWebKit/537.36 (KHTML, like Gecko) Chrome/140.0.0.0 Safari/537.36"
146.190.128.242 - - [21/Oct/2025:10:24:22 +0500] "GET / HTTP/1.0" 302 3719 "-" "Mozilla/5.0 (Windows NT 10.0; Win64; x64) AppleWebKit/537.36 (KHTML, like Gecko) Chrome/78.0.3904.108 Safari/537.36"
146.190.128.242 - - [21/Oct/2025:10:24:22 +0500] "GET //wp-includes/wlwmanifest.xml HTTP/1.0" 404 4406 "-" "Mozilla/5.0 (Windows NT 10.0; Win64; x64) AppleWebKit/537.36 (KHTML, like Gecko) Chrome/78.0.3904.108 Safari/537.36"
146.190.128.242 - - [21/Oct/2025:10:24:22 +0500] "GET //xmlrpc.php?rsd HTTP/1.0" 404 3539 "-" "Mozilla/5.0 (Windows NT 10.0; Win64; x64) AppleWebKit/537.36 (KHTML, like Gecko) Chrome/78.0.3904.108 Safari/537.36"
146.190.128.242 - - [21/Oct/2025:10:24:23 +0500] "GET / HTTP/1.0" 302 3651 "-" "Mozilla/5.0 (Windows NT 10.0; Win64; x64) AppleWebKit/537.36 (KHTML, like Gecko) Chrome/78.0.3904.108 Safari/537.36"
146.190.128.242 - - [21/Oct/2025:10:24:23 +0500] "GET //blog/wp-includes/wlwmanifest.xml HTTP/1.0" 404 4406 "-" "Mozilla/5.0 (Windows NT 10.0; Win64; x64) AppleWebKit/537.36 (KHTML, like Gecko) Chrome/78.0.3904.108 Safari/537.36"
146.190.128.242 - - [21/Oct/2025:10:24:23 +0500] "GET //web/wp-includes/wlwmanifest.xml HTTP/1.0" 404 4406 "-" "Mozilla/5.0 (Windows NT 10.0; Win64; x64) AppleWebKit/537.36 (KHTML, like Gecko) Chrome/78.0.3904.108 Safari/537.36"
146.190.128.242 - - [21/Oct/2025:10:24:23 +0500] "GET //wordpress/wp-includes/wlwmanifest.xml HTTP/1.0" 404 4406 "-" "Mozilla/5.0 (Windows NT 10.0; Win64; x64) AppleWebKit/537.36 (KHTML, like Gecko) Chrome/78.0.3904.108 Safari/537.36"
146.190.128.242 - - [21/Oct/2025:10:24:24 +0500] "GET //website/wp-includes/wlwmanifest.xml HTTP/1.0" 404 4406 "-" "Mozilla/5.0 (Windows NT 10.0; Win64; x64) AppleWebKit/537.36 (KHTML, like Gecko) Chrome/78.0.3904.108 Safari/537.36"
146.190.128.242 - - [21/Oct/2025:10:24:24 +0500] "GET //wp/wp-includes/wlwmanifest.xml HTTP/1.0" 404 4406 "-" "Mozilla/5.0 (Windows NT 10.0; Win64; x64) AppleWebKit/537.36 (KHTML, like Gecko) Chrome/78.0.3904.108 Safari/537.36"
146.190.128.242 - - [21/Oct/2025:10:24:24 +0500] "GET //news/wp-includes/wlwmanifest.xml HTTP/1.0" 404 4406 "-" "Mozilla/5.0 (Windows NT 10.0; Win64; x64) AppleWebKit/537.36 (KHTML, like Gecko) Chrome/78.0.3904.108 Safari/537.36"
146.190.128.242 - - [21/Oct/2025:10:24:24 +0500] "GET //2018/wp-includes/wlwmanifest.xml HTTP/1.0" 404 4406 "-" "Mozilla/5.0 (Windows NT 10.0; Win64; x64) AppleWebKit/537.36 (KHTML, like Gecko) Chrome/78.0.3904.108 Safari/537.36"
146.190.128.242 - - [21/Oct/2025:10:24:25 +0500] "GET //2019/wp-includes/wlwmanifest.xml HTTP/1.0" 404 4406 "-" "Mozilla/5.0 (Windows NT 10.0; Win64; x64) AppleWebKit/537.36 (KHTML, like Gecko) Chrome/78.0.3904.108 Safari/537.36"
146.190.128.242 - - [21/Oct/2025:10:24:25 +0500] "GET //shop/wp-includes/wlwmanifest.xml HTTP/1.0" 404 4406 "-" "Mozilla/5.0 (Windows NT 10.0; Win64; x64) AppleWebKit/537.36 (KHTML, like Gecko) Chrome/78.0.3904.108 Safari/537.36"
146.190.128.242 - - [21/Oct/2025:10:24:25 +0500] "GET //wp1/wp-includes/wlwmanifest.xml HTTP/1.0" 404 4406 "-" "Mozilla/5.0 (Windows NT 10.0; Win64; x64) AppleWebKit/537.36 (KHTML, like Gecko) Chrome/78.0.3904.108 Safari/537.36"
146.190.128.242 - - [21/Oct/2025:10:24:25 +0500] "GET //test/wp-includes/wlwmanifest.xml HTTP/1.0" 404 4406 "-" "Mozilla/5.0 (Windows NT 10.0; Win64; x64) AppleWebKit/537.36 (KHTML, like Gecko) Chrome/78.0.3904.108 Safari/537.36"
146.190.128.242 - - [21/Oct/2025:10:24:26 +0500] "GET //media/wp-includes/wlwmanifest.xml HTTP/1.0" 404 4406 "-" "Mozilla/5.0 (Windows NT 10.0; Win64; x64) AppleWebKit/537.36 (KHTML, like Gecko) Chrome/78.0.3904.108 Safari/537.36"
146.190.128.242 - - [21/Oct/2025:10:24:26 +0500] "GET //wp2/wp-includes/wlwmanifest.xml HTTP/1.0" 404 4406 "-" "Mozilla/5.0 (Windows NT 10.0; Win64; x64) AppleWebKit/537.36 (KHTML, like Gecko) Chrome/78.0.3904.108 Safari/537.36"
146.190.128.242 - - [21/Oct/2025:10:24:26 +0500] "GET //site/wp-includes/wlwmanifest.xml HTTP/1.0" 404 4406 "-" "Mozilla/5.0 (Windows NT 10.0; Win64; x64) AppleWebKit/537.36 (KHTML, like Gecko) Chrome/78.0.3904.108 Safari/537.36"
146.190.128.242 - - [21/Oct/2025:10:24:26 +0500] "GET //cms/wp-includes/wlwmanifest.xml HTTP/1.0" 404 4406 "-" "Mozilla/5.0 (Windows NT 10.0; Win64; x64) AppleWebKit/537.36 (KHTML, like Gecko) Chrome/78.0.3904.108 Safari/537.36"
146.190.128.242 - - [21/Oct/2025:10:24:27 +0500] "GET //sito/wp-includes/wlwmanifest.xml HTTP/1.0" 404 4406 "-" "Mozilla/5.0 (Windows NT 10.0; Win64; x64) AppleWebKit/537.36 (KHTML, like Gecko) Chrome/78.0.3904.108 Safari/537.36"
172.71.148.69 - - [21/Oct/2025:10:36:20 +0500] "GET /wordpress/wp-admin/setup-config.php HTTP/1.0" 404 4406 "-" "Mozilla/5.0 (Windows NT 10.0; Win64; x64) AppleWebKit/537.36 (KHTML, like Gecko) Chrome/140.0.0.0 Safari/537.36"
172.71.184.58 - - [21/Oct/2025:10:37:11 +0500] "GET /wordpress/wp-admin/setup-config.php HTTP/1.0" 404 4406 "-" "Mozilla/5.0 (Windows NT 10.0; Win64; x64) AppleWebKit/537.36 (KHTML, like Gecko) Chrome/140.0.0.0 Safari/537.36"
208.84.101.54 - - [21/Oct/2025:10:37:25 +0500] "GET //wp-includes/ID3/license.txt HTTP/1.0" 404 4406 "-" "Mozilla/5.0 (Windows NT 10.0; Win64; x64) AppleWebKit/537.36 (KHTML, like Gecko) Chrome/95.0.4638.69 Safari/537.36"
208.84.101.54 - - [21/Oct/2025:10:37:25 +0500] "GET //feed/ HTTP/1.0" 404 4406 "-" "Mozilla/5.0 (Windows NT 10.0; Win64; x64) AppleWebKit/537.36 (KHTML, like Gecko) Chrome/95.0.4638.69 Safari/537.36"
208.84.101.54 - - [21/Oct/2025:10:37:25 +0500] "GET //xmlrpc.php?rsd HTTP/1.0" 404 3539 "-" "Mozilla/5.0 (Windows NT 10.0; Win64; x64) AppleWebKit/537.36 (KHTML, like Gecko) Chrome/95.0.4638.69 Safari/537.36"
208.84.101.54 - - [21/Oct/2025:10:37:26 +0500] "GET //blog/wp-includes/wlwmanifest.xml HTTP/1.0" 404 4406 "-" "Mozilla/5.0 (Windows NT 10.0; Win64; x64) AppleWebKit/537.36 (KHTML, like Gecko) Chrome/95.0.4638.69 Safari/537.36"
208.84.101.54 - - [21/Oct/2025:10:37:26 +0500] "GET //web/wp-includes/wlwmanifest.xml HTTP/1.0" 404 4406 "-" "Mozilla/5.0 (Windows NT 10.0; Win64; x64) AppleWebKit/537.36 (KHTML, like Gecko) Chrome/95.0.4638.69 Safari/537.36"
208.84.101.54 - - [21/Oct/2025:10:37:26 +0500] "GET //wordpress/wp-includes/wlwmanifest.xml HTTP/1.0" 404 4406 "-" "Mozilla/5.0 (Windows NT 10.0; Win64; x64) AppleWebKit/537.36 (KHTML, like Gecko) Chrome/95.0.4638.69 Safari/537.36"
208.84.101.54 - - [21/Oct/2025:10:37:26 +0500] "GET //wp/wp-includes/wlwmanifest.xml HTTP/1.0" 404 4406 "-" "Mozilla/5.0 (Windows NT 10.0; Win64; x64) AppleWebKit/537.36 (KHTML, like Gecko) Chrome/95.0.4638.69 Safari/537.36"
208.84.101.54 - - [21/Oct/2025:10:37:27 +0500] "GET //2020/wp-includes/wlwmanifest.xml HTTP/1.0" 404 4406 "-" "Mozilla/5.0 (Windows NT 10.0; Win64; x64) AppleWebKit/537.36 (KHTML, like Gecko) Chrome/95.0.4638.69 Safari/537.36"
208.84.101.54 - - [21/Oct/2025:10:37:27 +0500] "GET //2019/wp-includes/wlwmanifest.xml HTTP/1.0" 404 4406 "-" "Mozilla/5.0 (Windows NT 10.0; Win64; x64) AppleWebKit/537.36 (KHTML, like Gecko) Chrome/95.0.4638.69 Safari/537.36"
208.84.101.54 - - [21/Oct/2025:10:37:27 +0500] "GET //2021/wp-includes/wlwmanifest.xml HTTP/1.0" 404 4406 "-" "Mozilla/5.0 (Windows NT 10.0; Win64; x64) AppleWebKit/537.36 (KHTML, like Gecko) Chrome/95.0.4638.69 Safari/537.36"
208.84.101.54 - - [21/Oct/2025:10:37:27 +0500] "GET //shop/wp-includes/wlwmanifest.xml HTTP/1.0" 404 4406 "-" "Mozilla/5.0 (Windows NT 10.0; Win64; x64) AppleWebKit/537.36 (KHTML, like Gecko) Chrome/95.0.4638.69 Safari/537.36"
208.84.101.54 - - [21/Oct/2025:10:37:27 +0500] "GET //wp1/wp-includes/wlwmanifest.xml HTTP/1.0" 404 4406 "-" "Mozilla/5.0 (Windows NT 10.0; Win64; x64) AppleWebKit/537.36 (KHTML, like Gecko) Chrome/95.0.4638.69 Safari/537.36"
208.84.101.54 - - [21/Oct/2025:10:37:28 +0500] "GET //test/wp-includes/wlwmanifest.xml HTTP/1.0" 404 4406 "-" "Mozilla/5.0 (Windows NT 10.0; Win64; x64) AppleWebKit/537.36 (KHTML, like Gecko) Chrome/95.0.4638.69 Safari/537.36"
208.84.101.54 - - [21/Oct/2025:10:37:28 +0500] "GET //site/wp-includes/wlwmanifest.xml HTTP/1.0" 404 4406 "-" "Mozilla/5.0 (Windows NT 10.0; Win64; x64) AppleWebKit/537.36 (KHTML, like Gecko) Chrome/95.0.4638.69 Safari/537.36"
208.84.101.54 - - [21/Oct/2025:10:37:28 +0500] "GET //cms/wp-includes/wlwmanifest.xml HTTP/1.0" 404 4406 "-" "Mozilla/5.0 (Windows NT 10.0; Win64; x64) AppleWebKit/537.36 (KHTML, like Gecko) Chrome/95.0.4638.69 Safari/537.36"
172.71.184.58 - - [21/Oct/2025:10:39:29 +0500] "GET /wp-admin/setup-config.php HTTP/1.0" 404 4406 "-" "Mozilla/5.0 (Windows NT 10.0; Win64; x64) AppleWebKit/537.36 (KHTML, like Gecko) Chrome/140.0.0.0 Safari/537.36"
172.71.184.59 - - [21/Oct/2025:10:40:10 +0500] "GET /wp-admin/setup-config.php HTTP/1.0" 404 4406 "-" "Mozilla/5.0 (Windows NT 10.0; Win64; x64) AppleWebKit/537.36 (KHTML, like Gecko) Chrome/140.0.0.0 Safari/537.36"
212.24.108.42 - - [21/Oct/2025:10:40:45 +0500] "GET /?wbTokenVerifyDiag=1 HTTP/1.0" 302 3719 "-" "Mozilla/5.0 (Windows NT 10.0; Win64; x64) AppleWebKit/537.36 (KHTML, like Gecko) Chrome/96.0.4664.110 Safari/537.36"
172.68.10.6 - - [21/Oct/2025:11:01:34 +0500] "GET /wordpress/wp-admin/setup-config.php HTTP/1.0" 404 4406 "-" "Mozilla/5.0 (Windows NT 10.0; Win64; x64) AppleWebKit/537.36 (KHTML, like Gecko) Chrome/140.0.0.0 Safari/537.36"
172.71.184.58 - - [21/Oct/2025:11:01:42 +0500] "GET /wp-admin/setup-config.php HTTP/1.0" 404 4406 "-" "Mozilla/5.0 (Windows NT 10.0; Win64; x64) AppleWebKit/537.36 (KHTML, like Gecko) Chrome/140.0.0.0 Safari/537.36"
162.158.95.175 - - [21/Oct/2025:11:02:26 +0500] "GET /wordpress/wp-admin/setup-config.php HTTP/1.0" 404 4406 "-" "Mozilla/5.0 (Windows NT 10.0; Win64; x64) AppleWebKit/537.36 (KHTML, like Gecko) Chrome/140.0.0.0 Safari/537.36"
172.71.184.58 - - [21/Oct/2025:11:02:41 +0500] "GET /wp-admin/setup-config.php HTTP/1.0" 404 4406 "-" "Mozilla/5.0 (Windows NT 10.0; Win64; x64) AppleWebKit/537.36 (KHTML, like Gecko) Chrome/140.0.0.0 Safari/537.36"
104.23.223.124 - - [21/Oct/2025:11:23:11 +0500] "GET /wp-admin/setup-config.php HTTP/1.0" 404 4406 "-" "Mozilla/5.0 (Windows NT 10.0; Win64; x64) AppleWebKit/537.36 (KHTML, like Gecko) Chrome/140.0.0.0 Safari/537.36"
172.70.250.234 - - [21/Oct/2025:11:23:34 +0500] "GET /wordpress/wp-admin/setup-config.php HTTP/1.0" 404 4406 "-" "Mozilla/5.0 (Windows NT 10.0; Win64; x64) AppleWebKit/537.36 (KHTML, like Gecko) Chrome/140.0.0.0 Safari/537.36"
172.71.184.58 - - [21/Oct/2025:11:23:49 +0500] "GET /wp-admin/setup-config.php HTTP/1.0" 404 4406 "-" "Mozilla/5.0 (Windows NT 10.0; Win64; x64) AppleWebKit/537.36 (KHTML, like Gecko) Chrome/140.0.0.0 Safari/537.36"
172.68.10.6 - - [21/Oct/2025:11:24:50 +0500] "GET /wordpress/wp-admin/setup-config.php HTTP/1.0" 404 4406 "-" "Mozilla/5.0 (Windows NT 10.0; Win64; x64) AppleWebKit/537.36 (KHTML, like Gecko) Chrome/140.0.0.0 Safari/537.36"
45.90.63.133 - - [21/Oct/2025:11:34:15 +0500] "GET / HTTP/1.0" 302 3719 "-" "Mozilla/5.0 (Windows NT 10.0; Win64; x64) AppleWebKit/537.36 (KHTML, like Gecko) Chrome/94.0.4606.61 Safari/537.36"
45.90.63.133 - - [21/Oct/2025:11:34:15 +0500] "GET /login.php HTTP/1.0" 200 5142 "-" "Mozilla/5.0 (Windows NT 10.0; Win64; x64) AppleWebKit/537.36 (KHTML, like Gecko) Chrome/94.0.4606.61 Safari/537.36"
162.158.86.228 - - [21/Oct/2025:11:45:46 +0500] "GET /wordpress/wp-admin/setup-config.php HTTP/1.0" 404 4406 "-" "Mozilla/5.0 (Windows NT 10.0; Win64; x64) AppleWebKit/537.36 (KHTML, like Gecko) Chrome/140.0.0.0 Safari/537.36"
172.71.172.29 - - [21/Oct/2025:11:46:00 +0500] "GET /wordpress/wp-admin/setup-config.php HTTP/1.0" 404 4406 "-" "Mozilla/5.0 (Windows NT 10.0; Win64; x64) AppleWebKit/537.36 (KHTML, like Gecko) Chrome/140.0.0.0 Safari/537.36"
172.68.10.6 - - [21/Oct/2025:11:46:56 +0500] "GET /wp-admin/setup-config.php HTTP/1.0" 404 4406 "-" "Mozilla/5.0 (Windows NT 10.0; Win64; x64) AppleWebKit/537.36 (KHTML, like Gecko) Chrome/140.0.0.0 Safari/537.36"
172.68.10.6 - - [21/Oct/2025:11:47:14 +0500] "GET /wp-admin/setup-config.php HTTP/1.0" 404 4406 "-" "Mozilla/5.0 (Windows NT 10.0; Win64; x64) AppleWebKit/537.36 (KHTML, like Gecko) Chrome/140.0.0.0 Safari/537.36"
172.68.10.6 - - [21/Oct/2025:11:49:03 +0500] "GET /wp-admin/setup-config.php HTTP/1.0" 404 4406 "-" "Mozilla/5.0 (Windows NT 10.0; Win64; x64) AppleWebKit/537.36 (KHTML, like Gecko) Chrome/140.0.0.0 Safari/537.36"
172.68.10.7 - - [21/Oct/2025:12:04:36 +0500] "GET /wp-admin/setup-config.php HTTP/1.0" 404 4406 "-" "Mozilla/5.0 (Windows NT 10.0; Win64; x64) AppleWebKit/537.36 (KHTML, like Gecko) Chrome/140.0.0.0 Safari/537.36"
104.23.223.124 - - [21/Oct/2025:12:05:08 +0500] "GET /wordpress/wp-admin/setup-config.php HTTP/1.0" 404 4406 "-" "Mozilla/5.0 (Windows NT 10.0; Win64; x64) AppleWebKit/537.36 (KHTML, like Gecko) Chrome/140.0.0.0 Safari/537.36"
104.23.223.124 - - [21/Oct/2025:12:05:09 +0500] "GET /wordpress/wp-admin/setup-config.php HTTP/1.0" 404 4406 "-" "Mozilla/5.0 (Windows NT 10.0; Win64; x64) AppleWebKit/537.36 (KHTML, like Gecko) Chrome/140.0.0.0 Safari/537.36"
172.71.184.59 - - [21/Oct/2025:12:07:39 +0500] "GET /wp-admin/setup-config.php HTTP/1.0" 404 4406 "-" "Mozilla/5.0 (Windows NT 10.0; Win64; x64) AppleWebKit/537.36 (KHTML, like Gecko) Chrome/140.0.0.0 Safari/537.36"
172.70.250.234 - - [21/Oct/2025:12:08:41 +0500] "GET /wordpress/wp-admin/setup-config.php HTTP/1.0" 404 4406 "-" "Mozilla/5.0 (Windows NT 10.0; Win64; x64) AppleWebKit/537.36 (KHTML, like Gecko) Chrome/140.0.0.0 Safari/537.36"
172.71.184.59 - - [21/Oct/2025:12:25:46 +0500] "GET /wordpress/wp-admin/setup-config.php HTTP/1.0" 404 4406 "-" "Mozilla/5.0 (Windows NT 10.0; Win64; x64) AppleWebKit/537.36 (KHTML, like Gecko) Chrome/140.0.0.0 Safari/537.36"
104.23.221.29 - - [21/Oct/2025:12:27:48 +0500] "GET /wordpress/wp-admin/setup-config.php HTTP/1.0" 404 4406 "-" "Mozilla/5.0 (Windows NT 10.0; Win64; x64) AppleWebKit/537.36 (KHTML, like Gecko) Chrome/140.0.0.0 Safari/537.36"
104.23.221.149 - - [21/Oct/2025:12:28:19 +0500] "GET /wp-admin/setup-config.php HTTP/1.0" 404 4406 "-" "Mozilla/5.0 (Windows NT 10.0; Win64; x64) AppleWebKit/537.36 (KHTML, like Gecko) Chrome/140.0.0.0 Safari/537.36"
172.71.184.59 - - [21/Oct/2025:12:29:28 +0500] "GET /wp-admin/setup-config.php HTTP/1.0" 404 4406 "-" "Mozilla/5.0 (Windows NT 10.0; Win64; x64) AppleWebKit/537.36 (KHTML, like Gecko) Chrome/140.0.0.0 Safari/537.36"
104.23.221.28 - - [21/Oct/2025:12:46:02 +0500] "GET /wp-admin/setup-config.php HTTP/1.0" 404 4406 "-" "Mozilla/5.0 (Windows NT 10.0; Win64; x64) AppleWebKit/537.36 (KHTML, like Gecko) Chrome/140.0.0.0 Safari/537.36"
172.71.148.71 - - [21/Oct/2025:12:48:08 +0500] "GET /wp-admin/setup-config.php HTTP/1.0" 404 4406 "-" "Mozilla/5.0 (Windows NT 10.0; Win64; x64) AppleWebKit/537.36 (KHTML, like Gecko) Chrome/140.0.0.0 Safari/537.36"
172.70.248.16 - - [21/Oct/2025:12:49:27 +0500] "GET /wordpress/wp-admin/setup-config.php HTTP/1.0" 404 4406 "-" "Mozilla/5.0 (Windows NT 10.0; Win64; x64) AppleWebKit/537.36 (KHTML, like Gecko) Chrome/140.0.0.0 Safari/537.36"
172.70.246.124 - - [21/Oct/2025:12:49:41 +0500] "GET /wordpress/wp-admin/setup-config.php HTTP/1.0" 404 4406 "-" "Mozilla/5.0 (Windows NT 10.0; Win64; x64) AppleWebKit/537.36 (KHTML, like Gecko) Chrome/140.0.0.0 Safari/537.36"
213.209.157.232 - - [21/Oct/2025:12:51:03 +0500] "GET /.git/config HTTP/1.0" 200 3796 "-" "Mozilla/5.0 (Linux; Android 9; LLD-AL10) AppleWebKit/537.36 (KHTML, like Gecko) Chrome/76.0.3809.111 Mobile Safari/537.36"
170.106.161.78 - - [21/Oct/2025:13:04:43 +0500] "GET / HTTP/1.0" 302 3719 "http://nursultan0-0.site/" "Mozilla/5.0 (iPhone; CPU iPhone OS 13_2_3 like Mac OS X) AppleWebKit/605.1.15 (KHTML, like Gecko) Version/13.0.3 Mobile/15E148 Safari/604.1"
170.106.161.78 - - [21/Oct/2025:13:04:45 +0500] "GET /login.php HTTP/1.0" 200 5142 "https://nursultan0-0.site/" "Mozilla/5.0 (iPhone; CPU iPhone OS 13_2_3 like Mac OS X) AppleWebKit/605.1.15 (KHTML, like Gecko) Version/13.0.3 Mobile/15E148 Safari/604.1"
104.23.221.28 - - [21/Oct/2025:13:06:41 +0500] "GET /wordpress/wp-admin/setup-config.php HTTP/1.0" 404 4406 "-" "Mozilla/5.0 (Windows NT 10.0; Win64; x64) AppleWebKit/537.36 (KHTML, like Gecko) Chrome/140.0.0.0 Safari/537.36"
104.23.221.29 - - [21/Oct/2025:13:06:49 +0500] "GET /wordpress/wp-admin/setup-config.php HTTP/1.0" 404 4406 "-" "Mozilla/5.0 (Windows NT 10.0; Win64; x64) AppleWebKit/537.36 (KHTML, like Gecko) Chrome/140.0.0.0 Safari/537.36"
104.23.223.124 - - [21/Oct/2025:13:09:28 +0500] "GET /wp-admin/setup-config.php HTTP/1.0" 404 4406 "-" "Mozilla/5.0 (Windows NT 10.0; Win64; x64) AppleWebKit/537.36 (KHTML, like Gecko) Chrome/140.0.0.0 Safari/537.36"
172.70.246.125 - - [21/Oct/2025:13:09:51 +0500] "GET /wp-admin/setup-config.php HTTP/1.0" 404 4406 "-" "Mozilla/5.0 (Windows NT 10.0; Win64; x64) AppleWebKit/537.36 (KHTML, like Gecko) Chrome/140.0.0.0 Safari/537.36"
104.23.223.125 - - [21/Oct/2025:13:27:07 +0500] "GET /wp-admin/setup-config.php HTTP/1.0" 404 4406 "-" "Mozilla/5.0 (Windows NT 10.0; Win64; x64) AppleWebKit/537.36 (KHTML, like Gecko) Chrome/140.0.0.0 Safari/537.36"
172.71.184.58 - - [21/Oct/2025:13:28:59 +0500] "GET /wp-admin/setup-config.php HTTP/1.0" 404 4406 "-" "Mozilla/5.0 (Windows NT 10.0; Win64; x64) AppleWebKit/537.36 (KHTML, like Gecko) Chrome/140.0.0.0 Safari/537.36"
104.23.223.124 - - [21/Oct/2025:13:29:19 +0500] "GET /wordpress/wp-admin/setup-config.php HTTP/1.0" 404 4406 "-" "Mozilla/5.0 (Windows NT 10.0; Win64; x64) AppleWebKit/537.36 (KHTML, like Gecko) Chrome/140.0.0.0 Safari/537.36"
172.71.172.29 - - [21/Oct/2025:13:29:23 +0500] "GET /wordpress/wp-admin/setup-config.php HTTP/1.0" 404 4406 "-" "Mozilla/5.0 (Windows NT 10.0; Win64; x64) AppleWebKit/537.36 (KHTML, like Gecko) Chrome/140.0.0.0 Safari/537.36"
47.238.97.17 - - [21/Oct/2025:13:31:19 +0500] "GET /functions-helper.php?key=access123 HTTP/1.0" 404 3539 "http://nursultan0-0.site" "Mozilla/5.0 (Macintosh; Intel Mac OS X 10_15_7) AppleWebKit/537.36 (KHTML, like Gecko) Chrome/113.0.5672.93 Safari/537.36"
104.23.221.6 - - [21/Oct/2025:13:31:47 +0500] "GET /wordpress/wp-admin/setup-config.php HTTP/1.0" 404 4406 "-" "Mozilla/5.0 (Windows NT 10.0; Win64; x64) AppleWebKit/537.36 (KHTML, like Gecko) Chrome/140.0.0.0 Safari/537.36"
54.234.68.114 - - [21/Oct/2025:13:37:02 +0500] "GET /.git/config HTTP/1.0" 200 3796 "-" "Mozilla/5.0 (Macintosh; Intel Mac OS X 10_12_6) AppleWebKit/537.36 (KHTML, like Gecko) Chrome/75.0.3770.142 Safari/537.36"
104.23.221.29 - - [21/Oct/2025:13:48:30 +0500] "GET /wordpress/wp-admin/setup-config.php HTTP/1.0" 404 4406 "-" "Mozilla/5.0 (Windows NT 10.0; Win64; x64) AppleWebKit/537.36 (KHTML, like Gecko) Chrome/140.0.0.0 Safari/537.36"
104.23.223.125 - - [21/Oct/2025:13:48:49 +0500] "GET /wp-admin/setup-config.php HTTP/1.0" 404 4406 "-" "Mozilla/5.0 (Windows NT 10.0; Win64; x64) AppleWebKit/537.36 (KHTML, like Gecko) Chrome/140.0.0.0 Safari/537.36"
172.68.183.47 - - [21/Oct/2025:13:49:32 +0500] "GET /wordpress/wp-admin/setup-config.php HTTP/1.0" 404 4406 "-" "Mozilla/5.0 (Windows NT 10.0; Win64; x64) AppleWebKit/537.36 (KHTML, like Gecko) Chrome/140.0.0.0 Safari/537.36"
178.16.54.100 - - [21/Oct/2025:13:50:03 +0500] "GET /wp-login.php HTTP/1.0" 404 3539 "-" "Mozilla/5.0 (Windows NT 10.0; WOW64) AppleWebKit/537.36 (KHTML, like Gecko) Chrome/75.0.3770.100 Safari/537.36"
172.71.184.58 - - [21/Oct/2025:13:50:22 +0500] "GET /wp-admin/setup-config.php HTTP/1.0" 404 4406 "-" "Mozilla/5.0 (Windows NT 10.0; Win64; x64) AppleWebKit/537.36 (KHTML, like Gecko) Chrome/140.0.0.0 Safari/537.36"
195.178.110.201 - - [21/Oct/2025:13:51:25 +0500] "GET / HTTP/1.0" 302 3719 "-" "Python/3.10 aiohttp/3.13.1"
195.178.110.201 - - [21/Oct/2025:13:51:26 +0500] "GET /login.php HTTP/1.0" 200 5074 "-" "Python/3.10 aiohttp/3.13.1"
195.178.110.201 - - [21/Oct/2025:13:51:26 +0500] "GET /.env HTTP/1.0" 404 4406 "-" "Python/3.10 aiohttp/3.13.1"
195.178.110.201 - - [21/Oct/2025:13:51:27 +0500] "GET /.git/config HTTP/1.0" 200 3796 "-" "Python/3.10 aiohttp/3.13.1"
195.178.110.201 - - [21/Oct/2025:13:51:27 +0500] "GET /backend/.env HTTP/1.0" 404 4406 "-" "Python/3.10 aiohttp/3.13.1"
195.178.110.201 - - [21/Oct/2025:13:51:28 +0500] "GET /admin/.env HTTP/1.0" 404 4406 "-" "Python/3.10 aiohttp/3.13.1"
195.178.110.201 - - [21/Oct/2025:13:51:29 +0500] "GET /core/.env HTTP/1.0" 404 4406 "-" "Python/3.10 aiohttp/3.13.1"
195.178.110.201 - - [21/Oct/2025:13:51:29 +0500] "GET /.env.bak HTTP/1.0" 404 4406 "-" "Python/3.10 aiohttp/3.13.1"
195.178.110.201 - - [21/Oct/2025:13:51:30 +0500] "GET /.git/logs/HEAD HTTP/1.0" 200 3555 "-" "Python/3.10 aiohttp/3.13.1"
195.178.110.201 - - [21/Oct/2025:13:51:30 +0500] "GET /wp-config.php HTTP/1.0" 404 3539 "-" "Python/3.10 aiohttp/3.13.1"
195.178.110.201 - - [21/Oct/2025:13:51:30 +0500] "GET /.gitlab-ci.yml HTTP/1.0" 404 4406 "-" "Python/3.10 aiohttp/3.13.1"
195.178.110.201 - - [21/Oct/2025:13:51:31 +0500] "GET /config.json HTTP/1.0" 404 4406 "-" "Python/3.10 aiohttp/3.13.1"
195.178.110.201 - - [21/Oct/2025:13:51:31 +0500] "GET /config.js HTTP/1.0" 404 4406 "-" "Python/3.10 aiohttp/3.13.1"
195.178.110.201 - - [21/Oct/2025:13:51:32 +0500] "GET /aws-config.js HTTP/1.0" 404 4406 "-" "Python/3.10 aiohttp/3.13.1"
195.178.110.201 - - [21/Oct/2025:13:51:32 +0500] "GET /aws.config.js HTTP/1.0" 404 4406 "-" "Python/3.10 aiohttp/3.13.1"
195.178.110.201 - - [21/Oct/2025:13:51:51 +0500] "GET /%22/assets/script.js%22 HTTP/1.0" 404 4406 "-" "Python/3.10 aiohttp/3.13.1"
195.178.110.201 - - [21/Oct/2025:13:51:51 +0500] "GET /assets/script.js HTTP/1.0" 200 3569 "-" "Python/3.10 aiohttp/3.13.1"
172.71.164.51 - - [21/Oct/2025:14:08:17 +0500] "GET /wp-admin/setup-config.php HTTP/1.0" 404 4406 "-" "Mozilla/5.0 (Windows NT 10.0; Win64; x64) AppleWebKit/537.36 (KHTML, like Gecko) Chrome/140.0.0.0 Safari/537.36"
172.71.184.58 - - [21/Oct/2025:14:10:47 +0500] "GET /wordpress/wp-admin/setup-config.php HTTP/1.0" 404 4406 "-" "Mozilla/5.0 (Windows NT 10.0; Win64; x64) AppleWebKit/537.36 (KHTML, like Gecko) Chrome/140.0.0.0 Safari/537.36"
172.70.250.234 - - [21/Oct/2025:14:11:42 +0500] "GET /wordpress/wp-admin/setup-config.php HTTP/1.0" 404 4406 "-" "Mozilla/5.0 (Windows NT 10.0; Win64; x64) AppleWebKit/537.36 (KHTML, like Gecko) Chrome/140.0.0.0 Safari/537.36"
104.23.223.124 - - [21/Oct/2025:14:12:17 +0500] "GET /wp-admin/setup-config.php HTTP/1.0" 404 4406 "-" "Mozilla/5.0 (Windows NT 10.0; Win64; x64) AppleWebKit/537.36 (KHTML, like Gecko) Chrome/140.0.0.0 Safari/537.36"
104.23.221.29 - - [21/Oct/2025:14:29:59 +0500] "GET /wordpress/wp-admin/setup-config.php HTTP/1.0" 404 4406 "-" "Mozilla/5.0 (Windows NT 10.0; Win64; x64) AppleWebKit/537.36 (KHTML, like Gecko) Chrome/140.0.0.0 Safari/537.36"
172.68.10.7 - - [21/Oct/2025:14:31:07 +0500] "GET /wp-admin/setup-config.php HTTP/1.0" 404 4406 "-" "Mozilla/5.0 (Windows NT 10.0; Win64; x64) AppleWebKit/537.36 (KHTML, like Gecko) Chrome/140.0.0.0 Safari/537.36"
104.23.223.124 - - [21/Oct/2025:14:31:16 +0500] "GET /wordpress/wp-admin/setup-config.php HTTP/1.0" 404 4406 "-" "Mozilla/5.0 (Windows NT 10.0; Win64; x64) AppleWebKit/537.36 (KHTML, like Gecko) Chrome/140.0.0.0 Safari/537.36"
172.71.164.50 - - [21/Oct/2025:14:32:59 +0500] "GET /wp-admin/setup-config.php HTTP/1.0" 404 4406 "-" "Mozilla/5.0 (Windows NT 10.0; Win64; x64) AppleWebKit/537.36 (KHTML, like Gecko) Chrome/140.0.0.0 Safari/537.36"
104.23.221.28 - - [21/Oct/2025:14:34:33 +0500] "GET /wordpress/wp-admin/setup-config.php HTTP/1.0" 404 4406 "-" "Mozilla/5.0 (Windows NT 10.0; Win64; x64) AppleWebKit/537.36 (KHTML, like Gecko) Chrome/140.0.0.0 Safari/537.36"
172.71.184.58 - - [21/Oct/2025:14:53:24 +0500] "GET /wp-admin/setup-config.php HTTP/1.0" 404 4406 "-" "Mozilla/5.0 (Windows NT 10.0; Win64; x64) AppleWebKit/537.36 (KHTML, like Gecko) Chrome/140.0.0.0 Safari/537.36"
104.23.223.125 - - [21/Oct/2025:14:55:12 +0500] "GET /wordpress/wp-admin/setup-config.php HTTP/1.0" 404 4406 "-" "Mozilla/5.0 (Windows NT 10.0; Win64; x64) AppleWebKit/537.36 (KHTML, like Gecko) Chrome/140.0.0.0 Safari/537.36"
104.23.223.124 - - [21/Oct/2025:14:55:31 +0500] "GET /wordpress/wp-admin/setup-config.php HTTP/1.0" 404 4406 "-" "Mozilla/5.0 (Windows NT 10.0; Win64; x64) AppleWebKit/537.36 (KHTML, like Gecko) Chrome/140.0.0.0 Safari/537.36"
104.23.223.124 - - [21/Oct/2025:14:56:10 +0500] "GET /wp-admin/setup-config.php HTTP/1.0" 404 4406 "-" "Mozilla/5.0 (Windows NT 10.0; Win64; x64) AppleWebKit/537.36 (KHTML, like Gecko) Chrome/140.0.0.0 Safari/537.36"
172.68.183.47 - - [21/Oct/2025:15:16:57 +0500] "GET /wp-admin/setup-config.php HTTP/1.0" 404 4406 "-" "Mozilla/5.0 (Windows NT 10.0; Win64; x64) AppleWebKit/537.36 (KHTML, like Gecko) Chrome/140.0.0.0 Safari/537.36"
104.23.223.125 - - [21/Oct/2025:15:18:01 +0500] "GET /wordpress/wp-admin/setup-config.php HTTP/1.0" 404 4406 "-" "Mozilla/5.0 (Windows NT 10.0; Win64; x64) AppleWebKit/537.36 (KHTML, like Gecko) Chrome/140.0.0.0 Safari/537.36"
104.23.221.29 - - [21/Oct/2025:15:20:00 +0500] "GET /wordpress/wp-admin/setup-config.php HTTP/1.0" 404 4406 "-" "Mozilla/5.0 (Windows NT 10.0; Win64; x64) AppleWebKit/537.36 (KHTML, like Gecko) Chrome/140.0.0.0 Safari/537.36"
104.23.221.29 - - [21/Oct/2025:15:20:28 +0500] "GET /wp-admin/setup-config.php HTTP/1.0" 404 4406 "-" "Mozilla/5.0 (Windows NT 10.0; Win64; x64) AppleWebKit/537.36 (KHTML, like Gecko) Chrome/140.0.0.0 Safari/537.36"
104.23.221.28 - - [21/Oct/2025:15:38:36 +0500] "GET /wp-admin/setup-config.php HTTP/1.0" 404 4406 "-" "Mozilla/5.0 (Windows NT 10.0; Win64; x64) AppleWebKit/537.36 (KHTML, like Gecko) Chrome/140.0.0.0 Safari/537.36"
104.23.221.28 - - [21/Oct/2025:15:39:49 +0500] "GET /wp-admin/setup-config.php HTTP/1.0" 404 4406 "-" "Mozilla/5.0 (Windows NT 10.0; Win64; x64) AppleWebKit/537.36 (KHTML, like Gecko) Chrome/140.0.0.0 Safari/537.36"
104.23.221.29 - - [21/Oct/2025:15:41:26 +0500] "GET /wordpress/wp-admin/setup-config.php HTTP/1.0" 404 4406 "-" "Mozilla/5.0 (Windows NT 10.0; Win64; x64) AppleWebKit/537.36 (KHTML, like Gecko) Chrome/140.0.0.0 Safari/537.36"
172.68.183.48 - - [21/Oct/2025:15:42:07 +0500] "GET /wordpress/wp-admin/setup-config.php HTTP/1.0" 404 4406 "-" "Mozilla/5.0 (Windows NT 10.0; Win64; x64) AppleWebKit/537.36 (KHTML, like Gecko) Chrome/140.0.0.0 Safari/537.36"
104.23.221.29 - - [21/Oct/2025:15:42:42 +0500] "GET /wordpress/wp-admin/setup-config.php HTTP/1.0" 404 4406 "-" "Mozilla/5.0 (Windows NT 10.0; Win64; x64) AppleWebKit/537.36 (KHTML, like Gecko) Chrome/140.0.0.0 Safari/537.36"
172.71.144.165 - - [21/Oct/2025:16:00:57 +0500] "GET /wp-admin/setup-config.php HTTP/1.0" 404 4406 "-" "Mozilla/5.0 (Windows NT 10.0; Win64; x64) AppleWebKit/537.36 (KHTML, like Gecko) Chrome/140.0.0.0 Safari/537.36"
104.23.223.124 - - [21/Oct/2025:16:02:45 +0500] "GET /wp-admin/setup-config.php HTTP/1.0" 404 4406 "-" "Mozilla/5.0 (Windows NT 10.0; Win64; x64) AppleWebKit/537.36 (KHTML, like Gecko) Chrome/140.0.0.0 Safari/537.36"
172.71.148.70 - - [21/Oct/2025:16:03:45 +0500] "GET /wordpress/wp-admin/setup-config.php HTTP/1.0" 404 4406 "-" "Mozilla/5.0 (Windows NT 10.0; Win64; x64) AppleWebKit/537.36 (KHTML, like Gecko) Chrome/140.0.0.0 Safari/537.36"
104.23.221.29 - - [21/Oct/2025:16:03:58 +0500] "GET /wordpress/wp-admin/setup-config.php HTTP/1.0" 404 4406 "-" "Mozilla/5.0 (Windows NT 10.0; Win64; x64) AppleWebKit/537.36 (KHTML, like Gecko) Chrome/140.0.0.0 Safari/537.36"
23.27.145.139 - - [21/Oct/2025:16:15:13 +0500] "GET / HTTP/1.0" 302 3719 "-" "Mozilla/5.0 (X11; Linux i686; rv:109.0) Gecko/20100101 Firefox/120.0"
23.27.145.139 - - [21/Oct/2025:16:15:13 +0500] "GET /login.php HTTP/1.0" 200 5074 "-" "Mozilla/5.0 (X11; Linux i686; rv:109.0) Gecko/20100101 Firefox/120.0"
162.158.95.244 - - [21/Oct/2025:16:21:42 +0500] "GET /wordpress/wp-admin/setup-config.php HTTP/1.0" 404 4406 "-" "Mozilla/5.0 (Windows NT 10.0; Win64; x64) AppleWebKit/537.36 (KHTML, like Gecko) Chrome/140.0.0.0 Safari/537.36"
