178.128.89.8 - - [20/Oct/2025:09:49:10 +0500] "GET //cms/wp-includes/wlwmanifest.xml HTTP/1.0" 404 4406 "-" "Mozilla/5.0 (Windows NT 10.0; Win64; x64) AppleWebKit/537.36 (KHTML, like Gecko) Chrome/78.0.3904.108 Safari/537.36"
178.128.89.8 - - [20/Oct/2025:09:49:10 +0500] "GET //sito/wp-includes/wlwmanifest.xml HTTP/1.0" 404 4406 "-" "Mozilla/5.0 (Windows NT 10.0; Win64; x64) AppleWebKit/537.36 (KHTML, like Gecko) Chrome/78.0.3904.108 Safari/537.36"
172.70.240.204 - - [20/Oct/2025:09:51:38 +0500] "GET /wp-admin/setup-config.php HTTP/1.0" 404 4406 "-" "Mozilla/5.0 (Windows NT 10.0; Win64; x64) AppleWebKit/537.36 (KHTML, like Gecko) Chrome/140.0.0.0 Safari/537.36"
172.71.172.185 - - [20/Oct/2025:09:54:15 +0500] "GET /wp-admin/setup-config.php HTTP/1.0" 404 4406 "-" "Mozilla/5.0 (Windows NT 10.0; Win64; x64) AppleWebKit/537.36 (KHTML, like Gecko) Chrome/140.0.0.0 Safari/537.36"
172.71.172.28 - - [20/Oct/2025:09:54:58 +0500] "GET /wordpress/wp-admin/setup-config.php HTTP/1.0" 404 4406 "-" "Mozilla/5.0 (Windows NT 10.0; Win64; x64) AppleWebKit/537.36 (KHTML, like Gecko) Chrome/140.0.0.0 Safari/537.36"
162.158.111.111 - - [20/Oct/2025:09:55:08 +0500] "GET /wordpress/wp-admin/setup-config.php HTTP/1.0" 404 4406 "-" "Mozilla/5.0 (Windows NT 10.0; Win64; x64) AppleWebKit/537.36 (KHTML, like Gecko) Chrome/140.0.0.0 Safari/537.36"
34.124.241.163 - - [20/Oct/2025:10:02:36 +0500] "GET / HTTP/1.0" 302 3719 "http://nursultan0-0.site/" "Mozilla/5.0 (Linux; Android 5.1.1; SM-J111F)"
34.124.241.163 - - [20/Oct/2025:10:02:36 +0500] "GET /login.php HTTP/1.0" 200 5142 "https://nursultan0-0.site/" "Mozilla/5.0 (Linux; Android 5.1.1; SM-J111F)"
34.124.241.163 - - [20/Oct/2025:10:02:37 +0500] "GET /wordpress/ HTTP/1.0" 404 4406 "http://nursultan0-0.site/wordpress/" "Mozilla/5.0 (Linux; Android 5.1.1; SM-J111F)"
172.68.195.146 - - [20/Oct/2025:10:12:50 +0500] "GET /wp-admin/setup-config.php HTTP/1.0" 404 4406 "-" "Mozilla/5.0 (Windows NT 10.0; Win64; x64) AppleWebKit/537.36 (KHTML, like Gecko) Chrome/140.0.0.0 Safari/537.36"
172.68.195.147 - - [20/Oct/2025:10:14:24 +0500] "GET /wordpress/wp-admin/setup-config.php HTTP/1.0" 404 4406 "-" "Mozilla/5.0 (Windows NT 10.0; Win64; x64) AppleWebKit/537.36 (KHTML, like Gecko) Chrome/140.0.0.0 Safari/537.36"
172.70.243.116 - - [20/Oct/2025:10:16:04 +0500] "GET /wp-admin/setup-config.php HTTP/1.0" 404 4406 "-" "Mozilla/5.0 (Windows NT 10.0; Win64; x64) AppleWebKit/537.36 (KHTML, like Gecko) Chrome/140.0.0.0 Safari/537.36"
172.70.250.168 - - [20/Oct/2025:10:16:24 +0500] "GET /wordpress/wp-admin/setup-config.php HTTP/1.0" 404 4406 "-" "Mozilla/5.0 (Windows NT 10.0; Win64; x64) AppleWebKit/537.36 (KHTML, like Gecko) Chrome/140.0.0.0 Safari/537.36"
23.27.145.66 - - [20/Oct/2025:10:21:41 +0500] "GET / HTTP/1.0" 302 3719 "-" "Mozilla/5.0 (X11; Linux x86_64) AppleWebKit/537.36 (KHTML, like Gecko) Chrome/119.0.0.0 Safari/537.36"
23.27.145.66 - - [20/Oct/2025:10:21:42 +0500] "GET /login.php HTTP/1.0" 200 5074 "-" "Mozilla/5.0 (X11; Linux x86_64) AppleWebKit/537.36 (KHTML, like Gecko) Chrome/119.0.0.0 Safari/537.36"
23.27.145.66 - - [20/Oct/2025:10:21:42 +0500] "GET /assets/style.css HTTP/1.0" 200 3555 "https://nursultan0-0.site/login.php" "Mozilla/5.0 (X11; Linux x86_64) AppleWebKit/537.36 (KHTML, like Gecko) Chrome/119.0.0.0 Safari/537.36"
23.27.145.66 - - [20/Oct/2025:10:21:42 +0500] "GET /assets/script.js HTTP/1.0" 200 3569 "https://nursultan0-0.site/login.php" "Mozilla/5.0 (X11; Linux x86_64) AppleWebKit/537.36 (KHTML, like Gecko) Chrome/119.0.0.0 Safari/537.36"
104.23.221.28 - - [20/Oct/2025:10:36:16 +0500] "GET /wp-admin/setup-config.php HTTP/1.0" 404 4406 "-" "Mozilla/5.0 (Windows NT 10.0; Win64; x64) AppleWebKit/537.36 (KHTML, like Gecko) Chrome/140.0.0.0 Safari/537.36"
172.68.183.48 - - [20/Oct/2025:10:36:24 +0500] "GET /wp-admin/setup-config.php HTTP/1.0" 404 4406 "-" "Mozilla/5.0 (Windows NT 10.0; Win64; x64) AppleWebKit/537.36 (KHTML, like Gecko) Chrome/140.0.0.0 Safari/537.36"
104.23.223.125 - - [20/Oct/2025:10:37:14 +0500] "GET /wordpress/wp-admin/setup-config.php HTTP/1.0" 404 4406 "-" "Mozilla/5.0 (Windows NT 10.0; Win64; x64) AppleWebKit/537.36 (KHTML, like Gecko) Chrome/140.0.0.0 Safari/537.36"
104.23.221.29 - - [20/Oct/2025:10:39:02 +0500] "GET /wordpress/wp-admin/setup-config.php HTTP/1.0" 404 4406 "-" "Mozilla/5.0 (Windows NT 10.0; Win64; x64) AppleWebKit/537.36 (KHTML, like Gecko) Chrome/140.0.0.0 Safari/537.36"
176.64.18.26 - - [20/Oct/2025:10:40:06 +0500] "GET /index.php?date=2025-10-19 HTTP/1.0" 302 3719 "https://nursultan0-0.site/index.php" "Mozilla/5.0 (iPhone; CPU iPhone OS 18_6_2 like Mac OS X) AppleWebKit/605.1.15 (KHTML, like Gecko) CriOS/138.0.7204.119 Mobile/15E148 Safari/604.1"
176.64.18.26 - - [20/Oct/2025:10:40:06 +0500] "GET /login.php HTTP/1.0" 200 5074 "https://nursultan0-0.site/index.php" "Mozilla/5.0 (iPhone; CPU iPhone OS 18_6_2 like Mac OS X) AppleWebKit/605.1.15 (KHTML, like Gecko) CriOS/138.0.7204.119 Mobile/15E148 Safari/604.1"
176.64.18.26 - - [20/Oct/2025:10:40:06 +0500] "GET /assets/script.js HTTP/1.0" 200 3569 "https://nursultan0-0.site/login.php" "Mozilla/5.0 (iPhone; CPU iPhone OS 18_6_2 like Mac OS X) AppleWebKit/605.1.15 (KHTML, like Gecko) CriOS/138.0.7204.119 Mobile/15E148 Safari/604.1"
176.64.18.26 - - [20/Oct/2025:10:40:06 +0500] "GET /assets/style.css HTTP/1.0" 200 3555 "https://nursultan0-0.site/login.php" "Mozilla/5.0 (iPhone; CPU iPhone OS 18_6_2 like Mac OS X) AppleWebKit/605.1.15 (KHTML, like Gecko) CriOS/138.0.7204.119 Mobile/15E148 Safari/604.1"
176.64.18.26 - - [20/Oct/2025:10:40:10 +0500] "POST /login.php HTTP/1.0" 302 3662 "https://nursultan0-0.site/login.php" "Mozilla/5.0 (iPhone; CPU iPhone OS 18_6_2 like Mac OS X) AppleWebKit/605.1.15 (KHTML, like Gecko) CriOS/138.0.7204.119 Mobile/15E148 Safari/604.1"
176.64.18.26 - - [20/Oct/2025:10:40:10 +0500] "GET /index.php HTTP/1.0" 200 5873 "https://nursultan0-0.site/login.php" "Mozilla/5.0 (iPhone; CPU iPhone OS 18_6_2 like Mac OS X) AppleWebKit/605.1.15 (KHTML, like Gecko) CriOS/138.0.7204.119 Mobile/15E148 Safari/604.1"
176.64.18.26 - - [20/Oct/2025:10:40:12 +0500] "GET /index.php HTTP/1.0" 200 5873 "https://nursultan0-0.site/index.php" "Mozilla/5.0 (iPhone; CPU iPhone OS 18_6_2 like Mac OS X) AppleWebKit/605.1.15 (KHTML, like Gecko) CriOS/138.0.7204.119 Mobile/15E148 Safari/604.1"
176.64.18.26 - - [20/Oct/2025:10:40:14 +0500] "GET /grades.php HTTP/1.0" 200 12739 "https://nursultan0-0.site/index.php" "Mozilla/5.0 (iPhone; CPU iPhone OS 18_6_2 like Mac OS X) AppleWebKit/605.1.15 (KHTML, like Gecko) CriOS/138.0.7204.119 Mobile/15E148 Safari/604.1"
176.64.18.26 - - [20/Oct/2025:10:40:19 +0500] "POST /grades.php HTTP/1.0" 200 12739 "https://nursultan0-0.site/grades.php" "Mozilla/5.0 (iPhone; CPU iPhone OS 18_6_2 like Mac OS X) AppleWebKit/605.1.15 (KHTML, like Gecko) CriOS/138.0.7204.119 Mobile/15E148 Safari/604.1"
176.64.18.26 - - [20/Oct/2025:10:40:20 +0500] "POST /grades.php HTTP/1.0" 200 12739 "https://nursultan0-0.site/grades.php" "Mozilla/5.0 (iPhone; CPU iPhone OS 18_6_2 like Mac OS X) AppleWebKit/605.1.15 (KHTML, like Gecko) CriOS/138.0.7204.119 Mobile/15E148 Safari/604.1"
176.64.18.26 - - [20/Oct/2025:10:40:24 +0500] "POST /grades.php HTTP/1.0" 200 12739 "https://nursultan0-0.site/grades.php" "Mozilla/5.0 (iPhone; CPU iPhone OS 18_6_2 like Mac OS X) AppleWebKit/605.1.15 (KHTML, like Gecko) CriOS/138.0.7204.119 Mobile/15E148 Safari/604.1"
176.64.18.26 - - [20/Oct/2025:10:40:25 +0500] "GET /index.php HTTP/1.0" 200 5873 "https://nursultan0-0.site/grades.php" "Mozilla/5.0 (iPhone; CPU iPhone OS 18_6_2 like Mac OS X) AppleWebKit/605.1.15 (KHTML, like Gecko) CriOS/138.0.7204.119 Mobile/15E148 Safari/604.1"
176.64.18.26 - - [20/Oct/2025:10:46:16 +0500] "GET /index.php HTTP/1.0" 302 3719 "-" "WhatsApp/2.23.20.0"
176.64.18.26 - - [20/Oct/2025:10:46:17 +0500] "GET /login.php HTTP/1.0" 200 5142 "-" "WhatsApp/2.23.20.0"
176.64.18.26 - - [20/Oct/2025:10:46:17 +0500] "GET /favicon.ico HTTP/1.0" 404 4406 "-" "WhatsApp/2.23.20.0"
176.64.18.26 - - [20/Oct/2025:10:46:30 +0500] "GET /index.php HTTP/1.0" 302 3719 "-" "Mozilla/5.0 (Windows NT 10.0; Win64; x64) AppleWebKit/537.36 (KHTML, like Gecko) Chrome/141.0.0.0 Safari/537.36"
176.64.18.26 - - [20/Oct/2025:10:46:30 +0500] "GET /login.php HTTP/1.0" 200 5074 "-" "Mozilla/5.0 (Windows NT 10.0; Win64; x64) AppleWebKit/537.36 (KHTML, like Gecko) Chrome/141.0.0.0 Safari/537.36"
176.64.18.26 - - [20/Oct/2025:10:46:30 +0500] "GET /assets/script.js HTTP/1.0" 200 3569 "https://nursultan0-0.site/login.php" "Mozilla/5.0 (Windows NT 10.0; Win64; x64) AppleWebKit/537.36 (KHTML, like Gecko) Chrome/141.0.0.0 Safari/537.36"
176.64.18.26 - - [20/Oct/2025:10:46:30 +0500] "GET /assets/style.css HTTP/1.0" 200 3555 "https://nursultan0-0.site/login.php" "Mozilla/5.0 (Windows NT 10.0; Win64; x64) AppleWebKit/537.36 (KHTML, like Gecko) Chrome/141.0.0.0 Safari/537.36"
176.64.18.26 - - [20/Oct/2025:10:46:30 +0500] "GET /favicon.ico HTTP/1.0" 404 4406 "https://nursultan0-0.site/login.php" "Mozilla/5.0 (Windows NT 10.0; Win64; x64) AppleWebKit/537.36 (KHTML, like Gecko) Chrome/141.0.0.0 Safari/537.36"
176.64.18.26 - - [20/Oct/2025:10:46:34 +0500] "POST /login.php HTTP/1.0" 302 3662 "https://nursultan0-0.site/login.php" "Mozilla/5.0 (Windows NT 10.0; Win64; x64) AppleWebKit/537.36 (KHTML, like Gecko) Chrome/141.0.0.0 Safari/537.36"
176.64.18.26 - - [20/Oct/2025:10:46:34 +0500] "GET /index.php HTTP/1.0" 200 5873 "https://nursultan0-0.site/login.php" "Mozilla/5.0 (Windows NT 10.0; Win64; x64) AppleWebKit/537.36 (KHTML, like Gecko) Chrome/141.0.0.0 Safari/537.36"
176.64.18.26 - - [20/Oct/2025:10:46:40 +0500] "GET /index.php HTTP/1.0" 200 5873 "-" "Mozilla/5.0 (iPhone; CPU iPhone OS 18_6_2 like Mac OS X) AppleWebKit/605.1.15 (KHTML, like Gecko) CriOS/138.0.7204.119 Mobile/15E148 Safari/604.1"
176.64.18.26 - - [20/Oct/2025:10:46:42 +0500] "GET /index.php HTTP/1.0" 200 5873 "https://nursultan0-0.site/index.php" "Mozilla/5.0 (iPhone; CPU iPhone OS 18_6_2 like Mac OS X) AppleWebKit/605.1.15 (KHTML, like Gecko) CriOS/138.0.7204.119 Mobile/15E148 Safari/604.1"
176.64.18.26 - - [20/Oct/2025:10:47:01 +0500] "GET /rating.php HTTP/1.0" 200 5994 "-" "Mozilla/5.0 (Windows NT 10.0; Win64; x64) AppleWebKit/537.36 (KHTML, like Gecko) Chrome/141.0.0.0 Safari/537.36"
176.64.18.26 - - [20/Oct/2025:10:47:01 +0500] "GET /tasks.php HTTP/1.0" 200 5680 "-" "Mozilla/5.0 (Windows NT 10.0; Win64; x64) AppleWebKit/537.36 (KHTML, like Gecko) Chrome/141.0.0.0 Safari/537.36"
176.64.18.26 - - [20/Oct/2025:10:47:01 +0500] "GET /grades.php HTTP/1.0" 200 12739 "-" "Mozilla/5.0 (Windows NT 10.0; Win64; x64) AppleWebKit/537.36 (KHTML, like Gecko) Chrome/141.0.0.0 Safari/537.36"
176.64.18.26 - - [20/Oct/2025:10:47:01 +0500] "GET /grades.php HTTP/1.0" 200 12739 "-" "Mozilla/5.0 (Windows NT 10.0; Win64; x64) AppleWebKit/537.36 (KHTML, like Gecko) Chrome/141.0.0.0 Safari/537.36"
176.64.22.113 - - [20/Oct/2025:10:47:14 +0500] "GET /index.php HTTP/1.0" 302 3719 "-" "Mozilla/5.0 (iPhone; CPU iPhone OS 18_7 like Mac OS X) AppleWebKit/605.1.15 (KHTML, like Gecko) Version/26.0.1 Mobile/15E148 Safari/604.1"
176.64.22.113 - - [20/Oct/2025:10:47:15 +0500] "GET /login.php HTTP/1.0" 200 5074 "-" "Mozilla/5.0 (iPhone; CPU iPhone OS 18_7 like Mac OS X) AppleWebKit/605.1.15 (KHTML, like Gecko) Version/26.0.1 Mobile/15E148 Safari/604.1"
176.64.18.26 - - [20/Oct/2025:10:47:15 +0500] "GET /index.php HTTP/1.0" 200 5873 "https://nursultan0-0.site/tasks.php" "Mozilla/5.0 (Windows NT 10.0; Win64; x64) AppleWebKit/537.36 (KHTML, like Gecko) Chrome/141.0.0.0 Safari/537.36"
176.64.22.113 - - [20/Oct/2025:10:47:15 +0500] "GET /assets/style.css HTTP/1.0" 200 3555 "https://nursultan0-0.site/login.php" "Mozilla/5.0 (iPhone; CPU iPhone OS 18_7 like Mac OS X) AppleWebKit/605.1.15 (KHTML, like Gecko) Version/26.0.1 Mobile/15E148 Safari/604.1"
176.64.22.113 - - [20/Oct/2025:10:47:15 +0500] "GET /assets/script.js HTTP/1.0" 200 3569 "https://nursultan0-0.site/login.php" "Mozilla/5.0 (iPhone; CPU iPhone OS 18_7 like Mac OS X) AppleWebKit/605.1.15 (KHTML, like Gecko) Version/26.0.1 Mobile/15E148 Safari/604.1"
176.64.22.113 - - [20/Oct/2025:10:47:16 +0500] "GET /favicon.ico HTTP/1.0" 404 4406 "https://nursultan0-0.site/login.php" "Mozilla/5.0 (iPhone; CPU iPhone OS 18_7 like Mac OS X) AppleWebKit/605.1.15 (KHTML, like Gecko) Version/26.0.1 Mobile/15E148 Safari/604.1"
176.64.22.113 - - [20/Oct/2025:10:47:26 +0500] "POST /login.php HTTP/1.0" 200 5175 "https://nursultan0-0.site/login.php" "Mozilla/5.0 (iPhone; CPU iPhone OS 18_7 like Mac OS X) AppleWebKit/605.1.15 (KHTML, like Gecko) Version/26.0.1 Mobile/15E148 Safari/604.1"
176.64.18.26 - - [20/Oct/2025:10:47:29 +0500] "GET /logout.php HTTP/1.0" 302 3662 "https://nursultan0-0.site/index.php" "Mozilla/5.0 (iPhone; CPU iPhone OS 18_6_2 like Mac OS X) AppleWebKit/605.1.15 (KHTML, like Gecko) CriOS/138.0.7204.119 Mobile/15E148 Safari/604.1"
176.64.18.26 - - [20/Oct/2025:10:47:29 +0500] "GET /login.php HTTP/1.0" 200 5142 "https://nursultan0-0.site/index.php" "Mozilla/5.0 (iPhone; CPU iPhone OS 18_6_2 like Mac OS X) AppleWebKit/605.1.15 (KHTML, like Gecko) CriOS/138.0.7204.119 Mobile/15E148 Safari/604.1"
176.64.18.26 - - [20/Oct/2025:10:47:47 +0500] "POST /login.php HTTP/1.0" 302 3662 "https://nursultan0-0.site/login.php" "Mozilla/5.0 (iPhone; CPU iPhone OS 18_6_2 like Mac OS X) AppleWebKit/605.1.15 (KHTML, like Gecko) CriOS/138.0.7204.119 Mobile/15E148 Safari/604.1"
176.64.18.26 - - [20/Oct/2025:10:47:47 +0500] "GET /index.php HTTP/1.0" 200 5873 "https://nursultan0-0.site/login.php" "Mozilla/5.0 (iPhone; CPU iPhone OS 18_6_2 like Mac OS X) AppleWebKit/605.1.15 (KHTML, like Gecko) CriOS/138.0.7204.119 Mobile/15E148 Safari/604.1"
176.64.18.26 - - [20/Oct/2025:10:47:57 +0500] "GET /admin_panel.php HTTP/1.0" 200 32497 "https://nursultan0-0.site/index.php" "Mozilla/5.0 (Windows NT 10.0; Win64; x64) AppleWebKit/537.36 (KHTML, like Gecko) Chrome/141.0.0.0 Safari/537.36"
176.64.18.26 - - [20/Oct/2025:10:48:23 +0500] "GET /index.php HTTP/1.0" 200 5873 "https://nursultan0-0.site/index.php" "Mozilla/5.0 (iPhone; CPU iPhone OS 18_6_2 like Mac OS X) AppleWebKit/605.1.15 (KHTML, like Gecko) CriOS/138.0.7204.119 Mobile/15E148 Safari/604.1"
176.64.18.26 - - [20/Oct/2025:10:48:24 +0500] "GET /index.php?date=2025-10-21 HTTP/1.0" 200 5873 "https://nursultan0-0.site/index.php" "Mozilla/5.0 (iPhone; CPU iPhone OS 18_6_2 like Mac OS X) AppleWebKit/605.1.15 (KHTML, like Gecko) CriOS/138.0.7204.119 Mobile/15E148 Safari/604.1"
176.64.18.26 - - [20/Oct/2025:10:48:25 +0500] "GET /index.php?date=2025-10-20 HTTP/1.0" 200 5873 "https://nursultan0-0.site/index.php?date=2025-10-21" "Mozilla/5.0 (iPhone; CPU iPhone OS 18_6_2 like Mac OS X) AppleWebKit/605.1.15 (KHTML, like Gecko) CriOS/138.0.7204.119 Mobile/15E148 Safari/604.1"
176.64.18.26 - - [20/Oct/2025:10:48:27 +0500] "GET /index.php?date=2025-10-21 HTTP/1.0" 200 5873 "https://nursultan0-0.site/index.php?date=2025-10-20" "Mozilla/5.0 (iPhone; CPU iPhone OS 18_6_2 like Mac OS X) AppleWebKit/605.1.15 (KHTML, like Gecko) CriOS/138.0.7204.119 Mobile/15E148 Safari/604.1"
176.64.18.26 - - [20/Oct/2025:10:48:28 +0500] "GET /index.php?date=2025-10-22 HTTP/1.0" 200 5873 "https://nursultan0-0.site/index.php?date=2025-10-21" "Mozilla/5.0 (iPhone; CPU iPhone OS 18_6_2 like Mac OS X) AppleWebKit/605.1.15 (KHTML, like Gecko) CriOS/138.0.7204.119 Mobile/15E148 Safari/604.1"
176.64.18.26 - - [20/Oct/2025:10:48:28 +0500] "GET /index.php?date=2025-10-23 HTTP/1.0" 200 5873 "https://nursultan0-0.site/index.php?date=2025-10-22" "Mozilla/5.0 (iPhone; CPU iPhone OS 18_6_2 like Mac OS X) AppleWebKit/605.1.15 (KHTML, like Gecko) CriOS/138.0.7204.119 Mobile/15E148 Safari/604.1"
176.64.18.26 - - [20/Oct/2025:10:48:29 +0500] "GET /index.php?date=2025-10-24 HTTP/1.0" 200 5873 "https://nursultan0-0.site/index.php?date=2025-10-23" "Mozilla/5.0 (iPhone; CPU iPhone OS 18_6_2 like Mac OS X) AppleWebKit/605.1.15 (KHTML, like Gecko) CriOS/138.0.7204.119 Mobile/15E148 Safari/604.1"
176.64.18.26 - - [20/Oct/2025:10:48:29 +0500] "GET /index.php?date=2025-10-25 HTTP/1.0" 200 5873 "https://nursultan0-0.site/index.php?date=2025-10-24" "Mozilla/5.0 (iPhone; CPU iPhone OS 18_6_2 like Mac OS X) AppleWebKit/605.1.15 (KHTML, like Gecko) CriOS/138.0.7204.119 Mobile/15E148 Safari/604.1"
176.64.18.26 - - [20/Oct/2025:10:48:33 +0500] "GET /index.php HTTP/1.0" 200 5873 "https://nursultan0-0.site/index.php?date=2025-10-25" "Mozilla/5.0 (iPhone; CPU iPhone OS 18_6_2 like Mac OS X) AppleWebKit/605.1.15 (KHTML, like Gecko) CriOS/138.0.7204.119 Mobile/15E148 Safari/604.1"
176.64.18.26 - - [20/Oct/2025:10:48:36 +0500] "GET /index.php HTTP/1.0" 200 5873 "https://nursultan0-0.site/index.php" "Mozilla/5.0 (iPhone; CPU iPhone OS 18_6_2 like Mac OS X) AppleWebKit/605.1.15 (KHTML, like Gecko) CriOS/138.0.7204.119 Mobile/15E148 Safari/604.1"
172.68.10.6 - - [20/Oct/2025:10:55:38 +0500] "GET /wp-admin/setup-config.php HTTP/1.0" 404 4406 "-" "Mozilla/5.0 (Windows NT 10.0; Win64; x64) AppleWebKit/537.36 (KHTML, like Gecko) Chrome/140.0.0.0 Safari/537.36"
172.70.250.234 - - [20/Oct/2025:10:57:26 +0500] "GET /wordpress/wp-admin/setup-config.php HTTP/1.0" 404 4406 "-" "Mozilla/5.0 (Windows NT 10.0; Win64; x64) AppleWebKit/537.36 (KHTML, like Gecko) Chrome/140.0.0.0 Safari/537.36"
172.68.10.6 - - [20/Oct/2025:10:59:47 +0500] "GET /wordpress/wp-admin/setup-config.php HTTP/1.0" 404 4406 "-" "Mozilla/5.0 (Windows NT 10.0; Win64; x64) AppleWebKit/537.36 (KHTML, like Gecko) Chrome/140.0.0.0 Safari/537.36"
172.71.184.58 - - [20/Oct/2025:10:59:56 +0500] "GET /wp-admin/setup-config.php HTTP/1.0" 404 4406 "-" "Mozilla/5.0 (Windows NT 10.0; Win64; x64) AppleWebKit/537.36 (KHTML, like Gecko) Chrome/140.0.0.0 Safari/537.36"
95.82.118.158 - - [20/Oct/2025:11:07:46 +0500] "GET /index.php HTTP/1.0" 302 3719 "-" "Mozilla/5.0 (Linux; Android 10; K) AppleWebKit/537.36 (KHTML, like Gecko) Chrome/141.0.0.0 Mobile Safari/537.36"
95.82.118.158 - - [20/Oct/2025:11:07:46 +0500] "GET /login.php HTTP/1.0" 200 5074 "-" "Mozilla/5.0 (Linux; Android 10; K) AppleWebKit/537.36 (KHTML, like Gecko) Chrome/141.0.0.0 Mobile Safari/537.36"
95.82.118.158 - - [20/Oct/2025:11:07:46 +0500] "GET /assets/script.js HTTP/1.0" 200 3569 "https://nursultan0-0.site/login.php" "Mozilla/5.0 (Linux; Android 10; K) AppleWebKit/537.36 (KHTML, like Gecko) Chrome/141.0.0.0 Mobile Safari/537.36"
95.82.118.158 - - [20/Oct/2025:11:07:46 +0500] "GET /assets/style.css HTTP/1.0" 200 3555 "https://nursultan0-0.site/login.php" "Mozilla/5.0 (Linux; Android 10; K) AppleWebKit/537.36 (KHTML, like Gecko) Chrome/141.0.0.0 Mobile Safari/537.36"
95.82.118.158 - - [20/Oct/2025:11:07:48 +0500] "GET /favicon.ico HTTP/1.0" 404 4406 "https://nursultan0-0.site/login.php" "Mozilla/5.0 (Linux; Android 10; K) AppleWebKit/537.36 (KHTML, like Gecko) Chrome/141.0.0.0 Mobile Safari/537.36"
95.82.118.158 - - [20/Oct/2025:11:07:58 +0500] "POST /login.php HTTP/1.0" 200 5175 "https://nursultan0-0.site/login.php" "Mozilla/5.0 (Linux; Android 10; K) AppleWebKit/537.36 (KHTML, like Gecko) Chrome/141.0.0.0 Mobile Safari/537.36"
172.82.65.38 - - [20/Oct/2025:11:17:40 +0500] "GET / HTTP/1.0" 302 3719 "https://www.google.com/" "Mozilla/5.0 (X11; Linux x86_64) AppleWebKit/537.36 (KHTML, like Gecko) Chrome/122.0.0.0 Safari/537.36"
172.82.65.38 - - [20/Oct/2025:11:17:42 +0500] "GET /login.php HTTP/1.0" 200 5142 "https://www.google.com/" "Mozilla/5.0 (X11; Linux x86_64) AppleWebKit/537.36 (KHTML, like Gecko) Chrome/122.0.0.0 Safari/537.36"
104.23.223.125 - - [20/Oct/2025:11:18:46 +0500] "GET /wp-admin/setup-config.php HTTP/1.0" 404 4406 "-" "Mozilla/5.0 (Windows NT 10.0; Win64; x64) AppleWebKit/537.36 (KHTML, like Gecko) Chrome/140.0.0.0 Safari/537.36"
149.57.180.185 - - [20/Oct/2025:11:19:08 +0500] "GET / HTTP/1.0" 302 3719 "-" "Mozilla/5.0 (X11; Linux i686; rv:109.0) Gecko/20100101 Firefox/120.0"
149.57.180.185 - - [20/Oct/2025:11:19:09 +0500] "GET /login.php HTTP/1.0" 200 5074 "-" "Mozilla/5.0 (X11; Linux i686; rv:109.0) Gecko/20100101 Firefox/120.0"
172.71.184.58 - - [20/Oct/2025:11:20:15 +0500] "GET /wordpress/wp-admin/setup-config.php HTTP/1.0" 404 4406 "-" "Mozilla/5.0 (Windows NT 10.0; Win64; x64) AppleWebKit/537.36 (KHTML, like Gecko) Chrome/140.0.0.0 Safari/537.36"
172.68.195.146 - - [20/Oct/2025:11:20:44 +0500] "GET /wordpress/wp-admin/setup-config.php HTTP/1.0" 404 4406 "-" "Mozilla/5.0 (Windows NT 10.0; Win64; x64) AppleWebKit/537.36 (KHTML, like Gecko) Chrome/140.0.0.0 Safari/537.36"
172.71.184.59 - - [20/Oct/2025:11:21:27 +0500] "GET /wp-admin/setup-config.php HTTP/1.0" 404 4406 "-" "Mozilla/5.0 (Windows NT 10.0; Win64; x64) AppleWebKit/537.36 (KHTML, like Gecko) Chrome/140.0.0.0 Safari/537.36"
176.64.22.113 - - [20/Oct/2025:11:31:40 +0500] "POST /login.php HTTP/1.0" 200 5243 "https://nursultan0-0.site/login.php" "Mozilla/5.0 (iPhone; CPU iPhone OS 18_7 like Mac OS X) AppleWebKit/605.1.15 (KHTML, like Gecko) Version/26.0.1 Mobile/15E148 Safari/604.1"
176.53.221.196 - - [20/Oct/2025:11:32:21 +0500] "GET / HTTP/1.0" 302 3719 "-" "Mozilla/5.0 (Windows NT 10.0; Win64; x64) AppleWebKit/537.36 (KHTML, like Gecko) Chrome/94.0.4606.61 Safari/537.36"
176.53.221.196 - - [20/Oct/2025:11:32:21 +0500] "GET /login.php HTTP/1.0" 200 5142 "-" "Mozilla/5.0 (Windows NT 10.0; Win64; x64) AppleWebKit/537.36 (KHTML, like Gecko) Chrome/94.0.4606.61 Safari/537.36"
172.71.184.58 - - [20/Oct/2025:11:38:21 +0500] "GET /wordpress/wp-admin/setup-config.php HTTP/1.0" 404 4406 "-" "Mozilla/5.0 (Windows NT 10.0; Win64; x64) AppleWebKit/537.36 (KHTML, like Gecko) Chrome/140.0.0.0 Safari/537.36"
172.68.10.6 - - [20/Oct/2025:11:39:14 +0500] "GET /wordpress/wp-admin/setup-config.php HTTP/1.0" 404 4406 "-" "Mozilla/5.0 (Windows NT 10.0; Win64; x64) AppleWebKit/537.36 (KHTML, like Gecko) Chrome/140.0.0.0 Safari/537.36"
172.68.10.6 - - [20/Oct/2025:11:39:43 +0500] "GET /wp-admin/setup-config.php HTTP/1.0" 404 4406 "-" "Mozilla/5.0 (Windows NT 10.0; Win64; x64) AppleWebKit/537.36 (KHTML, like Gecko) Chrome/140.0.0.0 Safari/537.36"
172.68.10.6 - - [20/Oct/2025:11:41:56 +0500] "GET /wp-admin/setup-config.php HTTP/1.0" 404 4406 "-" "Mozilla/5.0 (Windows NT 10.0; Win64; x64) AppleWebKit/537.36 (KHTML, like Gecko) Chrome/140.0.0.0 Safari/537.36"
104.23.221.28 - - [20/Oct/2025:11:59:52 +0500] "GET /wordpress/wp-admin/setup-config.php HTTP/1.0" 404 4406 "-" "Mozilla/5.0 (Windows NT 10.0; Win64; x64) AppleWebKit/537.36 (KHTML, like Gecko) Chrome/140.0.0.0 Safari/537.36"
172.71.184.58 - - [20/Oct/2025:11:59:55 +0500] "GET /wp-admin/setup-config.php HTTP/1.0" 404 4406 "-" "Mozilla/5.0 (Windows NT 10.0; Win64; x64) AppleWebKit/537.36 (KHTML, like Gecko) Chrome/140.0.0.0 Safari/537.36"
104.23.221.28 - - [20/Oct/2025:12:01:51 +0500] "GET /wp-admin/setup-config.php HTTP/1.0" 404 4406 "-" "Mozilla/5.0 (Windows NT 10.0; Win64; x64) AppleWebKit/537.36 (KHTML, like Gecko) Chrome/140.0.0.0 Safari/537.36"
100.27.194.203 - - [20/Oct/2025:12:02:49 +0500] "GET / HTTP/1.0" 302 3719 "-" "Mozilla/5.0 (Linux; webOS/2.2.4; U; en-US) AppleWebKit/534.6 (KHTML, like Gecko) webOSBrowser/221.56 Safari/534.6 Pre/3.0"
100.27.194.203 - - [20/Oct/2025:12:02:49 +0500] "GET /login.php HTTP/1.0" 200 5142 "-" "Mozilla/5.0 (Macintosh; Intel Mac OS X 10_14_6) AppleWebKit/605.1.15 (KHTML, like Gecko) Version/12.1.2 Safari/605.1.15"
172.68.183.47 - - [20/Oct/2025:12:02:51 +0500] "GET /wordpress/wp-admin/setup-config.php HTTP/1.0" 404 4406 "-" "Mozilla/5.0 (Windows NT 10.0; Win64; x64) AppleWebKit/537.36 (KHTML, like Gecko) Chrome/140.0.0.0 Safari/537.36"
176.64.18.26 - - [20/Oct/2025:12:20:24 +0500] "GET /index.php HTTP/1.0" 302 3719 "https://nursultan0-0.site/index.php" "Mozilla/5.0 (iPhone; CPU iPhone OS 18_6_2 like Mac OS X) AppleWebKit/605.1.15 (KHTML, like Gecko) CriOS/138.0.7204.119 Mobile/15E148 Safari/604.1"
176.64.18.26 - - [20/Oct/2025:12:20:26 +0500] "GET /login.php HTTP/1.0" 200 5074 "https://nursultan0-0.site/index.php" "Mozilla/5.0 (iPhone; CPU iPhone OS 18_6_2 like Mac OS X) AppleWebKit/605.1.15 (KHTML, like Gecko) CriOS/138.0.7204.119 Mobile/15E148 Safari/604.1"
176.64.18.26 - - [20/Oct/2025:12:20:27 +0500] "GET /favicon.ico HTTP/1.0" 404 4406 "-" "Mozilla/5.0 (iPhone; CPU iPhone OS 18_6_2 like Mac OS X) AppleWebKit/605.1.15 (KHTML, like Gecko) CriOS/138.0.7204.119 Mobile/15E148 Safari/604.1"
92.46.47.9 - - [20/Oct/2025:12:20:29 +0500] "GET /index.php HTTP/1.0" 302 3719 "https://www.google.com/" "Mozilla/5.0 (iPhone; CPU iPhone OS 18_6_2 like Mac OS X) AppleWebKit/605.1.15 (KHTML, like Gecko) Version/18.6 Mobile/15E148 Safari/604.1"
92.46.47.9 - - [20/Oct/2025:12:20:30 +0500] "GET /login.php HTTP/1.0" 200 5074 "https://www.google.com/" "Mozilla/5.0 (iPhone; CPU iPhone OS 18_6_2 like Mac OS X) AppleWebKit/605.1.15 (KHTML, like Gecko) Version/18.6 Mobile/15E148 Safari/604.1"
92.46.47.9 - - [20/Oct/2025:12:20:31 +0500] "GET /assets/style.css HTTP/1.0" 200 3555 "https://nursultan0-0.site/login.php" "Mozilla/5.0 (iPhone; CPU iPhone OS 18_6_2 like Mac OS X) AppleWebKit/605.1.15 (KHTML, like Gecko) Version/18.6 Mobile/15E148 Safari/604.1"
92.46.47.9 - - [20/Oct/2025:12:20:31 +0500] "GET /assets/script.js HTTP/1.0" 200 3569 "https://nursultan0-0.site/login.php" "Mozilla/5.0 (iPhone; CPU iPhone OS 18_6_2 like Mac OS X) AppleWebKit/605.1.15 (KHTML, like Gecko) Version/18.6 Mobile/15E148 Safari/604.1"
172.68.195.147 - - [20/Oct/2025:12:21:03 +0500] "GET /wordpress/wp-admin/setup-config.php HTTP/1.0" 404 4406 "-" "Mozilla/5.0 (Windows NT 10.0; Win64; x64) AppleWebKit/537.36 (KHTML, like Gecko) Chrome/140.0.0.0 Safari/537.36"
172.71.184.59 - - [20/Oct/2025:12:22:16 +0500] "GET /wp-admin/setup-config.php HTTP/1.0" 404 4406 "-" "Mozilla/5.0 (Windows NT 10.0; Win64; x64) AppleWebKit/537.36 (KHTML, like Gecko) Chrome/140.0.0.0 Safari/537.36"
172.68.195.147 - - [20/Oct/2025:12:22:17 +0500] "GET /wp-admin/setup-config.php HTTP/1.0" 404 4406 "-" "Mozilla/5.0 (Windows NT 10.0; Win64; x64) AppleWebKit/537.36 (KHTML, like Gecko) Chrome/140.0.0.0 Safari/537.36"
172.71.148.71 - - [20/Oct/2025:12:22:23 +0500] "GET /wordpress/wp-admin/setup-config.php HTTP/1.0" 404 4406 "-" "Mozilla/5.0 (Windows NT 10.0; Win64; x64) AppleWebKit/537.36 (KHTML, like Gecko) Chrome/140.0.0.0 Safari/537.36"
104.23.221.28 - - [20/Oct/2025:12:40:57 +0500] "GET /wordpress/wp-admin/setup-config.php HTTP/1.0" 404 4406 "-" "Mozilla/5.0 (Windows NT 10.0; Win64; x64) AppleWebKit/537.36 (KHTML, like Gecko) Chrome/140.0.0.0 Safari/537.36"
104.23.223.124 - - [20/Oct/2025:12:42:04 +0500] "GET /wp-admin/setup-config.php HTTP/1.0" 404 4406 "-" "Mozilla/5.0 (Windows NT 10.0; Win64; x64) AppleWebKit/537.36 (KHTML, like Gecko) Chrome/140.0.0.0 Safari/537.36"
172.68.183.47 - - [20/Oct/2025:12:43:53 +0500] "GET /wp-admin/setup-config.php HTTP/1.0" 404 4406 "-" "Mozilla/5.0 (Windows NT 10.0; Win64; x64) AppleWebKit/537.36 (KHTML, like Gecko) Chrome/140.0.0.0 Safari/537.36"
104.23.221.28 - - [20/Oct/2025:12:45:10 +0500] "GET /wordpress/wp-admin/setup-config.php HTTP/1.0" 404 4406 "-" "Mozilla/5.0 (Windows NT 10.0; Win64; x64) AppleWebKit/537.36 (KHTML, like Gecko) Chrome/140.0.0.0 Safari/537.36"
172.68.10.6 - - [20/Oct/2025:13:03:44 +0500] "GET /wp-admin/setup-config.php HTTP/1.0" 404 4406 "-" "Mozilla/5.0 (Windows NT 10.0; Win64; x64) AppleWebKit/537.36 (KHTML, like Gecko) Chrome/140.0.0.0 Safari/537.36"
172.68.10.7 - - [20/Oct/2025:13:03:55 +0500] "GET /wp-admin/setup-config.php HTTP/1.0" 404 4406 "-" "Mozilla/5.0 (Windows NT 10.0; Win64; x64) AppleWebKit/537.36 (KHTML, like Gecko) Chrome/140.0.0.0 Safari/537.36"
172.71.144.165 - - [20/Oct/2025:13:03:56 +0500] "GET /wordpress/wp-admin/setup-config.php HTTP/1.0" 404 4406 "-" "Mozilla/5.0 (Windows NT 10.0; Win64; x64) AppleWebKit/537.36 (KHTML, like Gecko) Chrome/140.0.0.0 Safari/537.36"
172.68.10.7 - - [20/Oct/2025:13:05:46 +0500] "GET /wordpress/wp-admin/setup-config.php HTTP/1.0" 404 4406 "-" "Mozilla/5.0 (Windows NT 10.0; Win64; x64) AppleWebKit/537.36 (KHTML, like Gecko) Chrome/140.0.0.0 Safari/537.36"
43.133.139.6 - - [20/Oct/2025:13:16:33 +0500] "GET / HTTP/1.0" 302 3719 "http://nursultan0-0.site" "Mozilla/5.0 (iPhone; CPU iPhone OS 13_2_3 like Mac OS X) AppleWebKit/605.1.15 (KHTML, like Gecko) Version/13.0.3 Mobile/15E148 Safari/604.1"
43.133.139.6 - - [20/Oct/2025:13:16:36 +0500] "GET /login.php HTTP/1.0" 200 5142 "https://nursultan0-0.site/" "Mozilla/5.0 (iPhone; CPU iPhone OS 13_2_3 like Mac OS X) AppleWebKit/605.1.15 (KHTML, like Gecko) Version/13.0.3 Mobile/15E148 Safari/604.1"
104.23.223.124 - - [20/Oct/2025:13:24:18 +0500] "GET /wordpress/wp-admin/setup-config.php HTTP/1.0" 404 4406 "-" "Mozilla/5.0 (Windows NT 10.0; Win64; x64) AppleWebKit/537.36 (KHTML, like Gecko) Chrome/140.0.0.0 Safari/537.36"
162.158.86.229 - - [20/Oct/2025:13:24:19 +0500] "GET /wp-admin/setup-config.php HTTP/1.0" 404 4406 "-" "Mozilla/5.0 (Windows NT 10.0; Win64; x64) AppleWebKit/537.36 (KHTML, like Gecko) Chrome/140.0.0.0 Safari/537.36"
172.68.10.6 - - [20/Oct/2025:13:27:24 +0500] "GET /wp-admin/setup-config.php HTTP/1.0" 404 4406 "-" "Mozilla/5.0 (Windows NT 10.0; Win64; x64) AppleWebKit/537.36 (KHTML, like Gecko) Chrome/140.0.0.0 Safari/537.36"
104.23.223.125 - - [20/Oct/2025:13:28:41 +0500] "GET /wordpress/wp-admin/setup-config.php HTTP/1.0" 404 4406 "-" "Mozilla/5.0 (Windows NT 10.0; Win64; x64) AppleWebKit/537.36 (KHTML, like Gecko) Chrome/140.0.0.0 Safari/537.36"
104.23.223.125 - - [20/Oct/2025:13:45:14 +0500] "GET /wp-admin/setup-config.php HTTP/1.0" 404 4406 "-" "Mozilla/5.0 (Windows NT 10.0; Win64; x64) AppleWebKit/537.36 (KHTML, like Gecko) Chrome/140.0.0.0 Safari/537.36"
172.68.10.6 - - [20/Oct/2025:13:45:50 +0500] "GET /wp-admin/setup-config.php HTTP/1.0" 404 4406 "-" "Mozilla/5.0 (Windows NT 10.0; Win64; x64) AppleWebKit/537.36 (KHTML, like Gecko) Chrome/140.0.0.0 Safari/537.36"
172.68.183.48 - - [20/Oct/2025:13:47:39 +0500] "GET /wordpress/wp-admin/setup-config.php HTTP/1.0" 404 4406 "-" "Mozilla/5.0 (Windows NT 10.0; Win64; x64) AppleWebKit/537.36 (KHTML, like Gecko) Chrome/140.0.0.0 Safari/537.36"
104.23.221.28 - - [20/Oct/2025:13:48:22 +0500] "GET /wordpress/wp-admin/setup-config.php HTTP/1.0" 404 4406 "-" "Mozilla/5.0 (Windows NT 10.0; Win64; x64) AppleWebKit/537.36 (KHTML, like Gecko) Chrome/140.0.0.0 Safari/537.36"
104.168.71.109 - - [20/Oct/2025:13:51:04 +0500] "GET / HTTP/1.0" 302 3719 "-" "Mozilla/5.0 (iPhone; CPU iPhone OS 18_5 like Mac OS X) AppleWebKit/605.1.15 (KHTML, like Gecko) CriOS/138.0.7204.156 Mobile/15E148 Safari/604.1"
104.168.71.109 - - [20/Oct/2025:13:51:05 +0500] "GET /login.php HTTP/1.0" 200 5074 "-" "Mozilla/5.0 (iPhone; CPU iPhone OS 18_5 like Mac OS X) AppleWebKit/605.1.15 (KHTML, like Gecko) CriOS/138.0.7204.156 Mobile/15E148 Safari/604.1"
104.168.71.109 - - [20/Oct/2025:13:51:05 +0500] "GET /assets/style.css HTTP/1.0" 200 3555 "https://nursultan0-0.site/login.php" "Mozilla/5.0 (iPhone; CPU iPhone OS 18_5 like Mac OS X) AppleWebKit/605.1.15 (KHTML, like Gecko) CriOS/138.0.7204.156 Mobile/15E148 Safari/604.1"
104.168.71.109 - - [20/Oct/2025:13:51:05 +0500] "GET /assets/script.js HTTP/1.0" 200 3569 "https://nursultan0-0.site/login.php" "Mozilla/5.0 (iPhone; CPU iPhone OS 18_5 like Mac OS X) AppleWebKit/605.1.15 (KHTML, like Gecko) CriOS/138.0.7204.156 Mobile/15E148 Safari/604.1"
104.168.71.109 - - [20/Oct/2025:13:51:05 +0500] "GET /favicon.ico HTTP/1.0" 404 4406 "https://nursultan0-0.site/login.php" "Mozilla/5.0 (iPhone; CPU iPhone OS 18_5 like Mac OS X) AppleWebKit/605.1.15 (KHTML, like Gecko) CriOS/138.0.7204.156 Mobile/15E148 Safari/604.1"
104.168.71.228 - - [20/Oct/2025:13:51:11 +0500] "GET / HTTP/1.0" 302 3719 "-" "Mozilla/5.0 (iPhone; CPU iPhone OS 18_5 like Mac OS X) AppleWebKit/605.1.15 (KHTML, like Gecko) CriOS/138.0.7204.156 Mobile/15E148 Safari/604.1"
104.168.71.228 - - [20/Oct/2025:13:51:12 +0500] "GET /login.php HTTP/1.0" 200 5074 "-" "Mozilla/5.0 (iPhone; CPU iPhone OS 18_5 like Mac OS X) AppleWebKit/605.1.15 (KHTML, like Gecko) CriOS/138.0.7204.156 Mobile/15E148 Safari/604.1"
104.168.71.228 - - [20/Oct/2025:13:51:12 +0500] "GET /assets/style.css HTTP/1.0" 200 3555 "https://nursultan0-0.site/login.php" "Mozilla/5.0 (iPhone; CPU iPhone OS 18_5 like Mac OS X) AppleWebKit/605.1.15 (KHTML, like Gecko) CriOS/138.0.7204.156 Mobile/15E148 Safari/604.1"
104.168.71.228 - - [20/Oct/2025:13:51:12 +0500] "GET /assets/script.js HTTP/1.0" 200 3569 "https://nursultan0-0.site/login.php" "Mozilla/5.0 (iPhone; CPU iPhone OS 18_5 like Mac OS X) AppleWebKit/605.1.15 (KHTML, like Gecko) CriOS/138.0.7204.156 Mobile/15E148 Safari/604.1"
104.168.71.228 - - [20/Oct/2025:13:51:12 +0500] "GET /favicon.ico HTTP/1.0" 404 4406 "https://nursultan0-0.site/login.php" "Mozilla/5.0 (iPhone; CPU iPhone OS 18_5 like Mac OS X) AppleWebKit/605.1.15 (KHTML, like Gecko) CriOS/138.0.7204.156 Mobile/15E148 Safari/604.1"
195.7.13.240 - - [20/Oct/2025:13:56:33 +0500] "GET /index.php HTTP/1.0" 302 3719 "https://nursultan0-0.site/grades.php" "Mozilla/5.0 (iPhone; CPU iPhone OS 18_6_2 like Mac OS X) AppleWebKit/605.1.15 (KHTML, like Gecko) CriOS/138.0.7204.119 Mobile/15E148 Safari/604.1"
195.7.13.240 - - [20/Oct/2025:13:56:34 +0500] "GET /login.php HTTP/1.0" 200 5074 "https://nursultan0-0.site/grades.php" "Mozilla/5.0 (iPhone; CPU iPhone OS 18_6_2 like Mac OS X) AppleWebKit/605.1.15 (KHTML, like Gecko) CriOS/138.0.7204.119 Mobile/15E148 Safari/604.1"
195.7.13.240 - - [20/Oct/2025:13:56:34 +0500] "GET /favicon.ico HTTP/1.0" 404 4406 "-" "Mozilla/5.0 (iPhone; CPU iPhone OS 18_6_2 like Mac OS X) AppleWebKit/605.1.15 (KHTML, like Gecko) CriOS/138.0.7204.119 Mobile/15E148 Safari/604.1"
195.7.13.240 - - [20/Oct/2025:13:56:34 +0500] "GET /login.php HTTP/1.0" 200 5074 "-" "Mozilla/5.0 (iPhone; CPU iPhone OS 18_6_2 like Mac OS X) AppleWebKit/605.1.15 (KHTML, like Gecko) CriOS/138.0.7204.119 Mobile/15E148 Safari/604.1"
172.71.172.28 - - [20/Oct/2025:14:07:44 +0500] "GET /wordpress/wp-admin/setup-config.php HTTP/1.0" 404 4406 "-" "Mozilla/5.0 (Windows NT 10.0; Win64; x64) AppleWebKit/537.36 (KHTML, like Gecko) Chrome/140.0.0.0 Safari/537.36"
104.23.221.29 - - [20/Oct/2025:14:09:38 +0500] "GET /wp-admin/setup-config.php HTTP/1.0" 404 4406 "-" "Mozilla/5.0 (Windows NT 10.0; Win64; x64) AppleWebKit/537.36 (KHTML, like Gecko) Chrome/140.0.0.0 Safari/537.36"
104.23.221.28 - - [20/Oct/2025:14:09:48 +0500] "GET /wordpress/wp-admin/setup-config.php HTTP/1.0" 404 4406 "-" "Mozilla/5.0 (Windows NT 10.0; Win64; x64) AppleWebKit/537.36 (KHTML, like Gecko) Chrome/140.0.0.0 Safari/537.36"
104.23.221.28 - - [20/Oct/2025:14:10:27 +0500] "GET /wp-admin/setup-config.php HTTP/1.0" 404 4406 "-" "Mozilla/5.0 (Windows NT 10.0; Win64; x64) AppleWebKit/537.36 (KHTML, like Gecko) Chrome/140.0.0.0 Safari/537.36"
82.146.44.21 - - [20/Oct/2025:14:27:37 +0500] "GET / HTTP/1.0" 302 3719 "-" "Chrome/86.0.4240.198"
82.146.44.21 - - [20/Oct/2025:14:27:37 +0500] "GET /login.php HTTP/1.0" 200 5074 "-" "Chrome/86.0.4240.198"
82.146.44.21 - - [20/Oct/2025:14:29:55 +0500] "GET / HTTP/1.0" 302 3651 "-" "Chrome/86.0.4240.198"
82.146.44.21 - - [20/Oct/2025:14:29:55 +0500] "GET /login.php HTTP/1.0" 200 5074 "-" "Chrome/86.0.4240.198"
104.23.223.124 - - [20/Oct/2025:14:30:15 +0500] "GET /wordpress/wp-admin/setup-config.php HTTP/1.0" 404 4406 "-" "Mozilla/5.0 (Windows NT 10.0; Win64; x64) AppleWebKit/537.36 (KHTML, like Gecko) Chrome/140.0.0.0 Safari/537.36"
104.23.221.29 - - [20/Oct/2025:14:30:16 +0500] "GET /wordpress/wp-admin/setup-config.php HTTP/1.0" 404 4406 "-" "Mozilla/5.0 (Windows NT 10.0; Win64; x64) AppleWebKit/537.36 (KHTML, like Gecko) Chrome/140.0.0.0 Safari/537.36"
104.23.223.124 - - [20/Oct/2025:14:30:49 +0500] "GET /wp-admin/setup-config.php HTTP/1.0" 404 4406 "-" "Mozilla/5.0 (Windows NT 10.0; Win64; x64) AppleWebKit/537.36 (KHTML, like Gecko) Chrome/140.0.0.0 Safari/537.36"
104.23.221.28 - - [20/Oct/2025:14:32:30 +0500] "GET /wp-admin/setup-config.php HTTP/1.0" 404 4406 "-" "Mozilla/5.0 (Windows NT 10.0; Win64; x64) AppleWebKit/537.36 (KHTML, like Gecko) Chrome/140.0.0.0 Safari/537.36"
82.146.44.21 - - [20/Oct/2025:14:37:45 +0500] "GET /assets/script.js HTTP/1.0" 200 3569 "-" "Chrome/86.0.4240.198"
82.146.44.21 - - [20/Oct/2025:14:37:45 +0500] "GET /assets/style.css HTTP/1.0" 200 3555 "-" "Chrome/86.0.4240.198"
82.146.44.21 - - [20/Oct/2025:14:37:45 +0500] "GET /assets/style.css HTTP/1.0" 200 3555 "-" "Chrome/86.0.4240.198"
82.146.44.21 - - [20/Oct/2025:14:37:56 +0500] "GET /assets/script.js HTTP/1.0" 200 3569 "-" "Chrome/86.0.4240.198"
34.41.13.236 - - [20/Oct/2025:14:48:31 +0500] "GET //wp-includes/ID3/license.txt HTTP/1.0" 404 4406 "-" "Mozilla/5.0 (Windows NT 10.0; Win64; x64) AppleWebKit/537.36 (KHTML, like Gecko) Chrome/95.0.4638.69 Safari/537.36"
34.41.13.236 - - [20/Oct/2025:14:48:31 +0500] "GET //feed/ HTTP/1.0" 404 4406 "-" "Mozilla/5.0 (Windows NT 10.0; Win64; x64) AppleWebKit/537.36 (KHTML, like Gecko) Chrome/95.0.4638.69 Safari/537.36"
34.41.13.236 - - [20/Oct/2025:14:48:31 +0500] "GET //xmlrpc.php?rsd HTTP/1.0" 404 3539 "-" "Mozilla/5.0 (Windows NT 10.0; Win64; x64) AppleWebKit/537.36 (KHTML, like Gecko) Chrome/95.0.4638.69 Safari/537.36"
34.41.13.236 - - [20/Oct/2025:14:48:32 +0500] "GET //blog/wp-includes/wlwmanifest.xml HTTP/1.0" 404 4406 "-" "Mozilla/5.0 (Windows NT 10.0; Win64; x64) AppleWebKit/537.36 (KHTML, like Gecko) Chrome/95.0.4638.69 Safari/537.36"
34.41.13.236 - - [20/Oct/2025:14:48:32 +0500] "GET //web/wp-includes/wlwmanifest.xml HTTP/1.0" 404 4406 "-" "Mozilla/5.0 (Windows NT 10.0; Win64; x64) AppleWebKit/537.36 (KHTML, like Gecko) Chrome/95.0.4638.69 Safari/537.36"
34.41.13.236 - - [20/Oct/2025:14:48:32 +0500] "GET //wordpress/wp-includes/wlwmanifest.xml HTTP/1.0" 404 4406 "-" "Mozilla/5.0 (Windows NT 10.0; Win64; x64) AppleWebKit/537.36 (KHTML, like Gecko) Chrome/95.0.4638.69 Safari/537.36"
34.41.13.236 - - [20/Oct/2025:14:48:33 +0500] "GET //wp/wp-includes/wlwmanifest.xml HTTP/1.0" 404 4406 "-" "Mozilla/5.0 (Windows NT 10.0; Win64; x64) AppleWebKit/537.36 (KHTML, like Gecko) Chrome/95.0.4638.69 Safari/537.36"
34.41.13.236 - - [20/Oct/2025:14:48:33 +0500] "GET //2020/wp-includes/wlwmanifest.xml HTTP/1.0" 404 4406 "-" "Mozilla/5.0 (Windows NT 10.0; Win64; x64) AppleWebKit/537.36 (KHTML, like Gecko) Chrome/95.0.4638.69 Safari/537.36"
34.41.13.236 - - [20/Oct/2025:14:48:33 +0500] "GET //2019/wp-includes/wlwmanifest.xml HTTP/1.0" 404 4406 "-" "Mozilla/5.0 (Windows NT 10.0; Win64; x64) AppleWebKit/537.36 (KHTML, like Gecko) Chrome/95.0.4638.69 Safari/537.36"
34.41.13.236 - - [20/Oct/2025:14:48:33 +0500] "GET //2021/wp-includes/wlwmanifest.xml HTTP/1.0" 404 4406 "-" "Mozilla/5.0 (Windows NT 10.0; Win64; x64) AppleWebKit/537.36 (KHTML, like Gecko) Chrome/95.0.4638.69 Safari/537.36"
34.41.13.236 - - [20/Oct/2025:14:48:34 +0500] "GET //shop/wp-includes/wlwmanifest.xml HTTP/1.0" 404 4406 "-" "Mozilla/5.0 (Windows NT 10.0; Win64; x64) AppleWebKit/537.36 (KHTML, like Gecko) Chrome/95.0.4638.69 Safari/537.36"
34.41.13.236 - - [20/Oct/2025:14:48:34 +0500] "GET //wp1/wp-includes/wlwmanifest.xml HTTP/1.0" 404 4406 "-" "Mozilla/5.0 (Windows NT 10.0; Win64; x64) AppleWebKit/537.36 (KHTML, like Gecko) Chrome/95.0.4638.69 Safari/537.36"
34.41.13.236 - - [20/Oct/2025:14:48:35 +0500] "GET //test/wp-includes/wlwmanifest.xml HTTP/1.0" 404 4406 "-" "Mozilla/5.0 (Windows NT 10.0; Win64; x64) AppleWebKit/537.36 (KHTML, like Gecko) Chrome/95.0.4638.69 Safari/537.36"
34.41.13.236 - - [20/Oct/2025:14:48:35 +0500] "GET //site/wp-includes/wlwmanifest.xml HTTP/1.0" 404 4406 "-" "Mozilla/5.0 (Windows NT 10.0; Win64; x64) AppleWebKit/537.36 (KHTML, like Gecko) Chrome/95.0.4638.69 Safari/537.36"
34.41.13.236 - - [20/Oct/2025:14:48:35 +0500] "GET //cms/wp-includes/wlwmanifest.xml HTTP/1.0" 404 4406 "-" "Mozilla/5.0 (Windows NT 10.0; Win64; x64) AppleWebKit/537.36 (KHTML, like Gecko) Chrome/95.0.4638.69 Safari/537.36"
172.68.183.47 - - [20/Oct/2025:14:50:23 +0500] "GET /wordpress/wp-admin/setup-config.php HTTP/1.0" 404 4406 "-" "Mozilla/5.0 (Windows NT 10.0; Win64; x64) AppleWebKit/537.36 (KHTML, like Gecko) Chrome/140.0.0.0 Safari/537.36"
104.23.223.124 - - [20/Oct/2025:14:50:37 +0500] "GET /wp-admin/setup-config.php HTTP/1.0" 404 4406 "-" "Mozilla/5.0 (Windows NT 10.0; Win64; x64) AppleWebKit/537.36 (KHTML, like Gecko) Chrome/140.0.0.0 Safari/537.36"
104.23.221.28 - - [20/Oct/2025:14:50:52 +0500] "GET /wordpress/wp-admin/setup-config.php HTTP/1.0" 404 4406 "-" "Mozilla/5.0 (Windows NT 10.0; Win64; x64) AppleWebKit/537.36 (KHTML, like Gecko) Chrome/140.0.0.0 Safari/537.36"
104.23.221.29 - - [20/Oct/2025:14:50:56 +0500] "GET /wp-admin/setup-config.php HTTP/1.0" 404 4406 "-" "Mozilla/5.0 (Windows NT 10.0; Win64; x64) AppleWebKit/537.36 (KHTML, like Gecko) Chrome/140.0.0.0 Safari/537.36"
72.13.62.25 - - [20/Oct/2025:14:54:41 +0500] "GET /robots.txt HTTP/1.0" 404 4406 "-" "Mozilla/5.0 (compatible; ips-agent)"
72.13.62.25 - - [20/Oct/2025:14:54:44 +0500] "GET / HTTP/1.0" 302 3719 "-" "Mozilla/5.0 (compatible; ips-agent)"
72.13.62.25 - - [20/Oct/2025:14:54:45 +0500] "GET /login.php HTTP/1.0" 200 5074 "-" "Mozilla/5.0 (compatible; ips-agent)"
104.23.221.28 - - [20/Oct/2025:15:12:28 +0500] "GET /wordpress/wp-admin/setup-config.php HTTP/1.0" 404 4406 "-" "Mozilla/5.0 (Windows NT 10.0; Win64; x64) AppleWebKit/537.36 (KHTML, like Gecko) Chrome/140.0.0.0 Safari/537.36"
104.23.221.28 - - [20/Oct/2025:15:13:40 +0500] "GET /wp-admin/setup-config.php HTTP/1.0" 404 4406 "-" "Mozilla/5.0 (Windows NT 10.0; Win64; x64) AppleWebKit/537.36 (KHTML, like Gecko) Chrome/140.0.0.0 Safari/537.36"
104.23.221.28 - - [20/Oct/2025:15:34:39 +0500] "GET /wordpress/wp-admin/setup-config.php HTTP/1.0" 404 4406 "-" "Mozilla/5.0 (Windows NT 10.0; Win64; x64) AppleWebKit/537.36 (KHTML, like Gecko) Chrome/140.0.0.0 Safari/537.36"
104.23.239.32 - - [20/Oct/2025:15:35:05 +0500] "GET /wp-admin/setup-config.php HTTP/1.0" 404 4406 "-" "Mozilla/5.0 (Windows NT 10.0; Win64; x64) AppleWebKit/537.36 (KHTML, like Gecko) Chrome/140.0.0.0 Safari/537.36"
172.71.144.164 - - [20/Oct/2025:15:37:20 +0500] "GET /wordpress/wp-admin/setup-config.php HTTP/1.0" 404 4406 "-" "Mozilla/5.0 (Windows NT 10.0; Win64; x64) AppleWebKit/537.36 (KHTML, like Gecko) Chrome/140.0.0.0 Safari/537.36"
162.158.95.244 - - [20/Oct/2025:15:38:25 +0500] "GET /wp-admin/setup-config.php HTTP/1.0" 404 4406 "-" "Mozilla/5.0 (Windows NT 10.0; Win64; x64) AppleWebKit/537.36 (KHTML, like Gecko) Chrome/140.0.0.0 Safari/537.36"
104.23.221.29 - - [20/Oct/2025:15:55:47 +0500] "GET /wp-admin/setup-config.php HTTP/1.0" 404 4406 "-" "Mozilla/5.0 (Windows NT 10.0; Win64; x64) AppleWebKit/537.36 (KHTML, like Gecko) Chrome/140.0.0.0 Safari/537.36"
104.23.221.28 - - [20/Oct/2025:15:56:19 +0500] "GET /wordpress/wp-admin/setup-config.php HTTP/1.0" 404 4406 "-" "Mozilla/5.0 (Windows NT 10.0; Win64; x64) AppleWebKit/537.36 (KHTML, like Gecko) Chrome/140.0.0.0 Safari/537.36"
104.23.221.28 - - [20/Oct/2025:15:57:46 +0500] "GET /wp-admin/setup-config.php HTTP/1.0" 404 4406 "-" "Mozilla/5.0 (Windows NT 10.0; Win64; x64) AppleWebKit/537.36 (KHTML, like Gecko) Chrome/140.0.0.0 Safari/537.36"
104.23.223.125 - - [20/Oct/2025:15:59:14 +0500] "GET /wordpress/wp-admin/setup-config.php HTTP/1.0" 404 4406 "-" "Mozilla/5.0 (Windows NT 10.0; Win64; x64) AppleWebKit/537.36 (KHTML, like Gecko) Chrome/140.0.0.0 Safari/537.36"
43.155.162.41 - - [20/Oct/2025:16:11:12 +0500] "GET / HTTP/1.0" 302 3719 "http://nursultan0-0.site/" "Mozilla/5.0 (iPhone; CPU iPhone OS 13_2_3 like Mac OS X) AppleWebKit/605.1.15 (KHTML, like Gecko) Version/13.0.3 Mobile/15E148 Safari/604.1"
43.155.162.41 - - [20/Oct/2025:16:11:18 +0500] "GET /login.php HTTP/1.0" 200 5142 "https://nursultan0-0.site/" "Mozilla/5.0 (iPhone; CPU iPhone OS 13_2_3 like Mac OS X) AppleWebKit/605.1.15 (KHTML, like Gecko) Version/13.0.3 Mobile/15E148 Safari/604.1"
104.23.223.125 - - [20/Oct/2025:16:16:22 +0500] "GET /wordpress/wp-admin/setup-config.php HTTP/1.0" 404 4406 "-" "Mozilla/5.0 (Windows NT 10.0; Win64; x64) AppleWebKit/537.36 (KHTML, like Gecko) Chrome/140.0.0.0 Safari/537.36"
172.71.172.28 - - [20/Oct/2025:16:16:43 +0500] "GET /wordpress/wp-admin/setup-config.php HTTP/1.0" 404 4406 "-" "Mozilla/5.0 (Windows NT 10.0; Win64; x64) AppleWebKit/537.36 (KHTML, like Gecko) Chrome/140.0.0.0 Safari/537.36"
104.23.221.29 - - [20/Oct/2025:16:16:58 +0500] "GET /wp-admin/setup-config.php HTTP/1.0" 404 4406 "-" "Mozilla/5.0 (Windows NT 10.0; Win64; x64) AppleWebKit/537.36 (KHTML, like Gecko) Chrome/140.0.0.0 Safari/537.36"
104.23.221.28 - - [20/Oct/2025:16:17:53 +0500] "GET /wp-admin/setup-config.php HTTP/1.0" 404 4406 "-" "Mozilla/5.0 (Windows NT 10.0; Win64; x64) AppleWebKit/537.36 (KHTML, like Gecko) Chrome/140.0.0.0 Safari/537.36"
104.23.223.124 - - [20/Oct/2025:16:38:47 +0500] "GET /wp-admin/setup-config.php HTTP/1.0" 404 4406 "-" "Mozilla/5.0 (Windows NT 10.0; Win64; x64) AppleWebKit/537.36 (KHTML, like Gecko) Chrome/140.0.0.0 Safari/537.36"
104.23.223.124 - - [20/Oct/2025:16:39:12 +0500] "GET /wordpress/wp-admin/setup-config.php HTTP/1.0" 404 4406 "-" "Mozilla/5.0 (Windows NT 10.0; Win64; x64) AppleWebKit/537.36 (KHTML, like Gecko) Chrome/140.0.0.0 Safari/537.36"
172.71.144.164 - - [20/Oct/2025:16:41:25 +0500] "GET /wordpress/wp-admin/setup-config.php HTTP/1.0" 404 4406 "-" "Mozilla/5.0 (Windows NT 10.0; Win64; x64) AppleWebKit/537.36 (KHTML, like Gecko) Chrome/140.0.0.0 Safari/537.36"
172.68.195.147 - - [20/Oct/2025:16:41:46 +0500] "GET /wp-admin/setup-config.php HTTP/1.0" 404 4406 "-" "Mozilla/5.0 (Windows NT 10.0; Win64; x64) AppleWebKit/537.36 (KHTML, like Gecko) Chrome/140.0.0.0 Safari/537.36"
103.196.9.52 - - [20/Oct/2025:16:58:00 +0500] "GET / HTTP/1.0" 302 3719 "-" "Mozilla/5.0 (Macintosh; Intel Mac OS X 10_15_7) AppleWebKit/537.36 (KHTML, like Gecko) Chrome/117.0.0.0 Safari/537.36"
104.164.173.253 - - [20/Oct/2025:16:58:01 +0500] "GET / HTTP/1.0" 302 3719 "-" "Mozilla/5.0 (Windows NT 10.0; Win64; x64) AppleWebKit/537.36 (KHTML, like Gecko) Chrome/116.0.0.0 Safari/537.36"
103.196.9.52 - - [20/Oct/2025:16:58:04 +0500] "GET /login.php HTTP/1.0" 200 5074 "-" "Mozilla/5.0 (Macintosh; Intel Mac OS X 10_15_7) AppleWebKit/537.36 (KHTML, like Gecko) Chrome/117.0.0.0 Safari/537.36"
104.164.173.253 - - [20/Oct/2025:16:58:04 +0500] "GET /login.php HTTP/1.0" 200 5074 "-" "Mozilla/5.0 (Windows NT 10.0; Win64; x64) AppleWebKit/537.36 (KHTML, like Gecko) Chrome/116.0.0.0 Safari/537.36"
104.164.173.253 - - [20/Oct/2025:16:58:14 +0500] "GET / HTTP/1.0" 302 3719 "-" "Mozilla/5.0 (Macintosh; Intel Mac OS X 10_15_7) AppleWebKit/537.36 (KHTML, like Gecko) Chrome/117.0.0.0 Safari/537.36"
104.164.173.253 - - [20/Oct/2025:16:58:17 +0500] "GET /login.php HTTP/1.0" 200 5074 "-" "Mozilla/5.0 (Macintosh; Intel Mac OS X 10_15_7) AppleWebKit/537.36 (KHTML, like Gecko) Chrome/117.0.0.0 Safari/537.36"
104.164.173.253 - - [20/Oct/2025:16:58:31 +0500] "GET /https%3A/fonts.googleapis.com/css2%3Ffamily%3DRock%2BSalt%26family%3DPermanent%2BMarker%26family%3DInter%3Awght%40300%3B400%3B500%3B600%26display%3Dswap HTTP/1.0" 404 4406 "-" "Mozilla/5.0 (Macintosh; Intel Mac OS X 10_15_7) AppleWebKit/537.36 (KHTML, like Gecko) Chrome/117.0.0.0 Safari/537.36"
104.164.173.253 - - [20/Oct/2025:16:58:32 +0500] "GET /assets/script.js HTTP/1.0" 200 3569 "-" "Mozilla/5.0 (Macintosh; Intel Mac OS X 10_15_7) AppleWebKit/537.36 (KHTML, like Gecko) Chrome/117.0.0.0 Safari/537.36"
104.164.173.253 - - [20/Oct/2025:16:58:35 +0500] "GET /https%3A/fonts.googleapis.com/javascript%3Alocation.reload%28%29%3B HTTP/1.0" 404 4406 "-" "Mozilla/5.0 (Macintosh; Intel Mac OS X 10_15_7) AppleWebKit/537.36 (KHTML, like Gecko) Chrome/117.0.0.0 Safari/537.36"
104.164.173.253 - - [20/Oct/2025:16:58:36 +0500] "GET / HTTP/1.0" 302 3651 "-" "Mozilla/5.0 (Macintosh; Intel Mac OS X 10_15_7) AppleWebKit/537.36 (KHTML, like Gecko) Chrome/117.0.0.0 Safari/537.36"
104.164.173.253 - - [20/Oct/2025:16:58:37 +0500] "GET /https%3A/fonts.googleapis.com/javascript%3Ahistory.back%28%29%3B HTTP/1.0" 404 4406 "-" "Mozilla/5.0 (Macintosh; Intel Mac OS X 10_15_7) AppleWebKit/537.36 (KHTML, like Gecko) Chrome/117.0.0.0 Safari/537.36"
172.68.195.146 - - [20/Oct/2025:17:01:13 +0500] "GET /wp-admin/setup-config.php HTTP/1.0" 404 4406 "-" "Mozilla/5.0 (Windows NT 10.0; Win64; x64) AppleWebKit/537.36 (KHTML, like Gecko) Chrome/140.0.0.0 Safari/537.36"
162.158.95.243 - - [20/Oct/2025:17:02:18 +0500] "GET /wordpress/wp-admin/setup-config.php HTTP/1.0" 404 4406 "-" "Mozilla/5.0 (Windows NT 10.0; Win64; x64) AppleWebKit/537.36 (KHTML, like Gecko) Chrome/140.0.0.0 Safari/537.36"
104.23.223.125 - - [20/Oct/2025:17:02:46 +0500] "GET /wordpress/wp-admin/setup-config.php HTTP/1.0" 404 4406 "-" "Mozilla/5.0 (Windows NT 10.0; Win64; x64) AppleWebKit/537.36 (KHTML, like Gecko) Chrome/140.0.0.0 Safari/537.36"
104.23.223.125 - - [20/Oct/2025:17:03:41 +0500] "GET /wp-admin/setup-config.php HTTP/1.0" 404 4406 "-" "Mozilla/5.0 (Windows NT 10.0; Win64; x64) AppleWebKit/537.36 (KHTML, like Gecko) Chrome/140.0.0.0 Safari/537.36"
43.133.220.37 - - [20/Oct/2025:17:04:45 +0500] "GET / HTTP/1.0" 302 3719 "http://nursultan0-0.site/" "Mozilla/5.0 (iPhone; CPU iPhone OS 13_2_3 like Mac OS X) AppleWebKit/605.1.15 (KHTML, like Gecko) Version/13.0.3 Mobile/15E148 Safari/604.1"
43.133.220.37 - - [20/Oct/2025:17:04:48 +0500] "GET /login.php HTTP/1.0" 200 5142 "https://nursultan0-0.site/" "Mozilla/5.0 (iPhone; CPU iPhone OS 13_2_3 like Mac OS X) AppleWebKit/605.1.15 (KHTML, like Gecko) Version/13.0.3 Mobile/15E148 Safari/604.1"
104.23.221.28 - - [20/Oct/2025:17:22:01 +0500] "GET /wp-admin/setup-config.php HTTP/1.0" 404 4406 "-" "Mozilla/5.0 (Windows NT 10.0; Win64; x64) AppleWebKit/537.36 (KHTML, like Gecko) Chrome/140.0.0.0 Safari/537.36"
104.23.223.124 - - [20/Oct/2025:17:22:42 +0500] "GET /wordpress/wp-admin/setup-config.php HTTP/1.0" 404 4406 "-" "Mozilla/5.0 (Windows NT 10.0; Win64; x64) AppleWebKit/537.36 (KHTML, like Gecko) Chrome/140.0.0.0 Safari/537.36"
104.23.223.124 - - [20/Oct/2025:17:23:35 +0500] "GET /wp-admin/setup-config.php HTTP/1.0" 404 4406 "-" "Mozilla/5.0 (Windows NT 10.0; Win64; x64) AppleWebKit/537.36 (KHTML, like Gecko) Chrome/140.0.0.0 Safari/537.36"
