176.64.31.213 - - [20/Oct/2025:01:57:08 +0500] "GET /assets/script.js HTTP/2.0" 304 0 "https://nursultan0-0.site/login.php" "Mozilla/5.0 (Windows NT 10.0; Win64; x64) AppleWebKit/537.36 (KHTML, like Gecko) Chrome/141.0.0.0 Safari/537.36"
176.64.31.213 - - [20/Oct/2025:01:57:18 +0500] "GET /assets/script.js HTTP/2.0" 304 0 "https://nursultan0-0.site/index.php" "Mozilla/5.0 (Windows NT 10.0; Win64; x64) AppleWebKit/537.36 (KHTML, like Gecko) Chrome/141.0.0.0 Safari/537.36"
176.64.31.213 - - [20/Oct/2025:01:57:23 +0500] "GET /assets/script.js HTTP/2.0" 304 0 "https://nursultan0-0.site/index.php?date=2025-10-22" "Mozilla/5.0 (Windows NT 10.0; Win64; x64) AppleWebKit/537.36 (KHTML, like Gecko) Chrome/141.0.0.0 Safari/537.36"
176.64.31.213 - - [20/Oct/2025:01:57:30 +0500] "GET /assets/script.js HTTP/2.0" 304 0 "https://nursultan0-0.site/grades.php" "Mozilla/5.0 (Windows NT 10.0; Win64; x64) AppleWebKit/537.36 (KHTML, like Gecko) Chrome/141.0.0.0 Safari/537.36"
176.64.31.213 - - [20/Oct/2025:01:57:41 +0500] "GET /assets/script.js HTTP/2.0" 304 0 "https://nursultan0-0.site/debts.php" "Mozilla/5.0 (Windows NT 10.0; Win64; x64) AppleWebKit/537.36 (KHTML, like Gecko) Chrome/141.0.0.0 Safari/537.36"
176.64.31.213 - - [20/Oct/2025:02:00:39 +0500] "GET /assets/style.css HTTP/2.0" 200 2555 "https://nursultan0-0.site/index.php" "Mozilla/5.0 (Linux; Android 6.0; Nexus 5 Build/MRA58N) AppleWebKit/537.36 (KHTML, like Gecko) Chrome/141.0.0.0 Mobile Safari/537.36"
176.64.31.213 - - [20/Oct/2025:02:00:39 +0500] "GET /assets/script.js HTTP/2.0" 200 962 "https://nursultan0-0.site/index.php" "Mozilla/5.0 (Linux; Android 6.0; Nexus 5 Build/MRA58N) AppleWebKit/537.36 (KHTML, like Gecko) Chrome/141.0.0.0 Mobile Safari/537.36"
176.64.31.213 - - [20/Oct/2025:02:01:04 +0500] "GET /assets/style.css HTTP/2.0" 200 2555 "https://nursultan0-0.site/tasks.php" "Mozilla/5.0 (Linux; Android 6.0; Nexus 5 Build/MRA58N) AppleWebKit/537.36 (KHTML, like Gecko) Chrome/141.0.0.0 Mobile Safari/537.36"
176.64.31.213 - - [20/Oct/2025:02:01:04 +0500] "GET /assets/script.js HTTP/2.0" 200 962 "https://nursultan0-0.site/tasks.php" "Mozilla/5.0 (Linux; Android 6.0; Nexus 5 Build/MRA58N) AppleWebKit/537.36 (KHTML, like Gecko) Chrome/141.0.0.0 Mobile Safari/537.36"
176.64.31.213 - - [20/Oct/2025:02:02:02 +0500] "GET /assets/style.css HTTP/2.0" 200 2555 "https://nursultan0-0.site/debts.php" "Mozilla/5.0 (Linux; Android 6.0; Nexus 5 Build/MRA58N) AppleWebKit/537.36 (KHTML, like Gecko) Chrome/141.0.0.0 Mobile Safari/537.36"
176.64.31.213 - - [20/Oct/2025:02:02:02 +0500] "GET /assets/script.js HTTP/2.0" 200 962 "https://nursultan0-0.site/debts.php" "Mozilla/5.0 (Linux; Android 6.0; Nexus 5 Build/MRA58N) AppleWebKit/537.36 (KHTML, like Gecko) Chrome/141.0.0.0 Mobile Safari/537.36"
176.64.31.213 - - [20/Oct/2025:02:02:40 +0500] "GET /assets/style.css HTTP/2.0" 200 2555 "https://nursultan0-0.site/grades.php" "Mozilla/5.0 (Linux; Android 6.0; Nexus 5 Build/MRA58N) AppleWebKit/537.36 (KHTML, like Gecko) Chrome/141.0.0.0 Mobile Safari/537.36"
176.64.31.213 - - [20/Oct/2025:02:02:40 +0500] "GET /assets/script.js HTTP/2.0" 200 962 "https://nursultan0-0.site/grades.php" "Mozilla/5.0 (Linux; Android 6.0; Nexus 5 Build/MRA58N) AppleWebKit/537.36 (KHTML, like Gecko) Chrome/141.0.0.0 Mobile Safari/537.36"
176.64.31.213 - - [20/Oct/2025:02:03:57 +0500] "GET /assets/style.css HTTP/2.0" 200 2555 "https://nursultan0-0.site/calculator.php" "Mozilla/5.0 (Linux; Android 6.0; Nexus 5 Build/MRA58N) AppleWebKit/537.36 (KHTML, like Gecko) Chrome/141.0.0.0 Mobile Safari/537.36"
176.64.31.213 - - [20/Oct/2025:02:03:57 +0500] "GET /assets/script.js HTTP/2.0" 200 962 "https://nursultan0-0.site/calculator.php" "Mozilla/5.0 (Linux; Android 6.0; Nexus 5 Build/MRA58N) AppleWebKit/537.36 (KHTML, like Gecko) Chrome/141.0.0.0 Mobile Safari/537.36"
176.64.31.213 - - [20/Oct/2025:02:04:11 +0500] "GET /assets/style.css HTTP/2.0" 200 2555 "https://nursultan0-0.site/calculator.php" "Mozilla/5.0 (Windows NT 10.0; Win64; x64) AppleWebKit/537.36 (KHTML, like Gecko) Chrome/141.0.0.0 Safari/537.36"
176.64.31.213 - - [20/Oct/2025:02:04:11 +0500] "GET /assets/script.js HTTP/2.0" 200 962 "https://nursultan0-0.site/calculator.php" "Mozilla/5.0 (Windows NT 10.0; Win64; x64) AppleWebKit/537.36 (KHTML, like Gecko) Chrome/141.0.0.0 Safari/537.36"
176.64.31.213 - - [20/Oct/2025:02:05:47 +0500] "GET /assets/script.js HTTP/2.0" 304 0 "https://nursultan0-0.site/tasks.php" "Mozilla/5.0 (Windows NT 10.0; Win64; x64) AppleWebKit/537.36 (KHTML, like Gecko) Chrome/141.0.0.0 Safari/537.36"
176.64.31.213 - - [20/Oct/2025:02:06:54 +0500] "GET /assets/script.js HTTP/2.0" 304 0 "https://nursultan0-0.site/grades.php" "Mozilla/5.0 (Windows NT 10.0; Win64; x64) AppleWebKit/537.36 (KHTML, like Gecko) Chrome/141.0.0.0 Safari/537.36"
176.64.31.213 - - [20/Oct/2025:02:08:41 +0500] "GET /assets/style.css HTTP/2.0" 304 0 "https://nursultan0-0.site/login.php" "Mozilla/5.0 (Windows NT 10.0; Win64; x64) AppleWebKit/537.36 (KHTML, like Gecko) Chrome/141.0.0.0 Safari/537.36"
176.64.31.213 - - [20/Oct/2025:02:08:41 +0500] "GET /assets/script.js HTTP/2.0" 304 0 "https://nursultan0-0.site/login.php" "Mozilla/5.0 (Windows NT 10.0; Win64; x64) AppleWebKit/537.36 (KHTML, like Gecko) Chrome/141.0.0.0 Safari/537.36"
176.64.31.213 - - [20/Oct/2025:02:10:46 +0500] "GET /assets/style.css HTTP/2.0" 200 2555 "https://nursultan0-0.site/login.php" "Mozilla/5.0 (Windows NT 10.0; Win64; x64) AppleWebKit/537.36 (KHTML, like Gecko) Chrome/141.0.0.0 Safari/537.36"
176.64.31.213 - - [20/Oct/2025:02:10:46 +0500] "GET /assets/script.js HTTP/2.0" 200 959 "https://nursultan0-0.site/login.php" "Mozilla/5.0 (Windows NT 10.0; Win64; x64) AppleWebKit/537.36 (KHTML, like Gecko) Chrome/141.0.0.0 Safari/537.36"
176.64.31.213 - - [20/Oct/2025:02:10:50 +0500] "GET /assets/script.js HTTP/2.0" 304 0 "https://nursultan0-0.site/index.php" "Mozilla/5.0 (Windows NT 10.0; Win64; x64) AppleWebKit/537.36 (KHTML, like Gecko) Chrome/141.0.0.0 Safari/537.36"
176.64.31.213 - - [20/Oct/2025:02:10:53 +0500] "GET /assets/script.js HTTP/2.0" 304 0 "https://nursultan0-0.site/index.php" "Mozilla/5.0 (Windows NT 10.0; Win64; x64) AppleWebKit/537.36 (KHTML, like Gecko) Chrome/141.0.0.0 Safari/537.36"
176.64.31.213 - - [20/Oct/2025:02:10:58 +0500] "GET /assets/script.js HTTP/2.0" 304 0 "https://nursultan0-0.site/calculator.php" "Mozilla/5.0 (Windows NT 10.0; Win64; x64) AppleWebKit/537.36 (KHTML, like Gecko) Chrome/141.0.0.0 Safari/537.36"
176.64.31.213 - - [20/Oct/2025:02:11:02 +0500] "GET /assets/script.js HTTP/2.0" 304 0 "https://nursultan0-0.site/calculator.php" "Mozilla/5.0 (Windows NT 10.0; Win64; x64) AppleWebKit/537.36 (KHTML, like Gecko) Chrome/141.0.0.0 Safari/537.36"
176.64.31.213 - - [20/Oct/2025:02:11:08 +0500] "GET /assets/script.js HTTP/2.0" 304 0 "https://nursultan0-0.site/debts.php" "Mozilla/5.0 (Windows NT 10.0; Win64; x64) AppleWebKit/537.36 (KHTML, like Gecko) Chrome/141.0.0.0 Safari/537.36"
176.64.31.213 - - [20/Oct/2025:02:11:15 +0500] "GET /assets/script.js HTTP/2.0" 304 0 "https://nursultan0-0.site/rating.php" "Mozilla/5.0 (Windows NT 10.0; Win64; x64) AppleWebKit/537.36 (KHTML, like Gecko) Chrome/141.0.0.0 Safari/537.36"
176.64.31.213 - - [20/Oct/2025:02:12:16 +0500] "GET /assets/style.css HTTP/2.0" 200 2555 "https://nursultan0-0.site/grades.php" "Mozilla/5.0 (Windows NT 10.0; Win64; x64) AppleWebKit/537.36 (KHTML, like Gecko) Chrome/141.0.0.0 Safari/537.36"
176.64.31.213 - - [20/Oct/2025:02:12:16 +0500] "GET /assets/script.js HTTP/2.0" 200 959 "https://nursultan0-0.site/grades.php" "Mozilla/5.0 (Windows NT 10.0; Win64; x64) AppleWebKit/537.36 (KHTML, like Gecko) Chrome/141.0.0.0 Safari/537.36"
176.64.31.213 - - [20/Oct/2025:02:17:22 +0500] "GET /assets/style.css HTTP/2.0" 200 2555 "https://nursultan0-0.site/grades.php" "Mozilla/5.0 (Windows NT 10.0; Win64; x64) AppleWebKit/537.36 (KHTML, like Gecko) Chrome/141.0.0.0 Safari/537.36"
176.64.31.213 - - [20/Oct/2025:02:17:22 +0500] "GET /assets/script.js HTTP/2.0" 200 982 "https://nursultan0-0.site/grades.php" "Mozilla/5.0 (Windows NT 10.0; Win64; x64) AppleWebKit/537.36 (KHTML, like Gecko) Chrome/141.0.0.0 Safari/537.36"
176.64.31.213 - - [20/Oct/2025:02:17:34 +0500] "GET /assets/script.js HTTP/2.0" 304 0 "https://nursultan0-0.site/admin_panel.php" "Mozilla/5.0 (Windows NT 10.0; Win64; x64) AppleWebKit/537.36 (KHTML, like Gecko) Chrome/141.0.0.0 Safari/537.36"
176.64.31.213 - - [20/Oct/2025:02:19:07 +0500] "GET /assets/style.css HTTP/2.0" 200 2555 "https://nursultan0-0.site/index.php" "Mozilla/5.0 (Windows NT 10.0; Win64; x64) AppleWebKit/537.36 (KHTML, like Gecko) Chrome/141.0.0.0 Safari/537.36"
176.64.31.213 - - [20/Oct/2025:02:19:07 +0500] "GET /assets/script.js HTTP/2.0" 200 982 "https://nursultan0-0.site/index.php" "Mozilla/5.0 (Windows NT 10.0; Win64; x64) AppleWebKit/537.36 (KHTML, like Gecko) Chrome/141.0.0.0 Safari/537.36"
176.64.31.213 - - [20/Oct/2025:02:19:27 +0500] "GET /assets/script.js HTTP/2.0" 304 0 "https://nursultan0-0.site/grades.php" "Mozilla/5.0 (Windows NT 10.0; Win64; x64) AppleWebKit/537.36 (KHTML, like Gecko) Chrome/141.0.0.0 Safari/537.36"
176.64.31.213 - - [20/Oct/2025:02:19:59 +0500] "GET /assets/script.js HTTP/2.0" 200 982 "https://nursultan0-0.site/grades.php" "Mozilla/5.0 (Windows NT 10.0; Win64; x64) AppleWebKit/537.36 (KHTML, like Gecko) Chrome/141.0.0.0 Safari/537.36"
176.64.31.213 - - [20/Oct/2025:02:19:59 +0500] "GET /assets/style.css HTTP/2.0" 200 2555 "https://nursultan0-0.site/grades.php" "Mozilla/5.0 (Windows NT 10.0; Win64; x64) AppleWebKit/537.36 (KHTML, like Gecko) Chrome/141.0.0.0 Safari/537.36"
176.64.31.213 - - [20/Oct/2025:02:20:21 +0500] "GET /assets/script.js HTTP/2.0" 304 0 "https://nursultan0-0.site/grades.php" "Mozilla/5.0 (Windows NT 10.0; Win64; x64) AppleWebKit/537.36 (KHTML, like Gecko) Chrome/141.0.0.0 Safari/537.36"
176.64.31.213 - - [20/Oct/2025:02:26:27 +0500] "GET /assets/style.css HTTP/2.0" 200 2555 "https://nursultan0-0.site/grades.php" "Mozilla/5.0 (Windows NT 10.0; Win64; x64) AppleWebKit/537.36 (KHTML, like Gecko) Chrome/141.0.0.0 Safari/537.36"
176.64.31.213 - - [20/Oct/2025:02:26:27 +0500] "GET /assets/script.js HTTP/2.0" 200 982 "https://nursultan0-0.site/grades.php" "Mozilla/5.0 (Windows NT 10.0; Win64; x64) AppleWebKit/537.36 (KHTML, like Gecko) Chrome/141.0.0.0 Safari/537.36"
23.111.114.116 - - [20/Oct/2025:05:41:21 +0500] "GET / HTTP/1.0" 302 2648 "-" "Mozilla/5.0 (Linux; Android 10; Mi A2) AppleWebKit/537.36 (KHTML, like Gecko) Chrome/84.0.4147.125 Mobile Safari/537.36"
23.111.114.116 - - [20/Oct/2025:05:41:21 +0500] "GET /login.php HTTP/1.0" 200 4100 "https://nursultan0-0.site" "Mozilla/5.0 (Linux; Android 10; Mi A2) AppleWebKit/537.36 (KHTML, like Gecko) Chrome/84.0.4147.125 Mobile Safari/537.36"
45.141.215.36 - - [20/Oct/2025:06:40:21 +0500] "GET / HTTP/1.0" 302 2648 "-" "Mozilla/5.0 (Macintosh; Intel Mac OS X 14_2) AppleWebKit/537.36 (KHTML, like Gecko) Chrome/120.0.0.0 Safari/537.36"
45.141.215.36 - - [20/Oct/2025:06:40:21 +0500] "GET /login.php HTTP/1.0" 200 4042 "-" "Mozilla/5.0 (Macintosh; Intel Mac OS X 14_2) AppleWebKit/537.36 (KHTML, like Gecko) Chrome/120.0.0.0 Safari/537.36"
45.141.215.36 - - [20/Oct/2025:06:40:21 +0500] "GET /wordpress/ HTTP/1.0" 404 3375 "-" "Mozilla/5.0 (Windows NT 10.0; Win64; x64) AppleWebKit/537.36 (KHTML, like Gecko) Chrome/120.0.0.0 Safari/537.36 OPR/105.0.0.0"
159.65.91.91 - - [20/Oct/2025:08:01:44 +0500] "GET / HTTP/1.0" 302 2648 "-" "Mozilla/5.0 (X11; Linux x86_64; rv:139.0) Gecko/20100101 Firefox/139.0"
159.65.91.91 - - [20/Oct/2025:08:01:46 +0500] "GET /login.php HTTP/1.0" 200 4042 "-" "Mozilla/5.0 (X11; Linux x86_64; rv:139.0) Gecko/20100101 Firefox/139.0"
159.65.91.91 - - [20/Oct/2025:08:01:47 +0500] "GET /favicon.ico HTTP/1.0" 404 3375 "https://nursultan0-0.site/login.php" "Mozilla/5.0 (X11; Linux x86_64; rv:139.0) Gecko/20100101 Firefox/139.0"
176.64.18.26 - - [20/Oct/2025:08:05:44 +0500] "GET / HTTP/1.0" 302 2648 "-" "Mozilla/5.0 (Windows NT 10.0; Win64; x64) AppleWebKit/537.36 (KHTML, like Gecko) Chrome/141.0.0.0 Safari/537.36"
176.64.18.26 - - [20/Oct/2025:08:05:44 +0500] "GET /login.php HTTP/1.0" 200 4042 "-" "Mozilla/5.0 (Windows NT 10.0; Win64; x64) AppleWebKit/537.36 (KHTML, like Gecko) Chrome/141.0.0.0 Safari/537.36"
176.64.18.26 - - [20/Oct/2025:08:05:44 +0500] "GET /assets/script.js HTTP/1.0" 200 2538 "https://nursultan0-0.site/login.php" "Mozilla/5.0 (Windows NT 10.0; Win64; x64) AppleWebKit/537.36 (KHTML, like Gecko) Chrome/141.0.0.0 Safari/537.36"
176.64.18.26 - - [20/Oct/2025:08:05:44 +0500] "GET /assets/style.css HTTP/1.0" 200 2524 "https://nursultan0-0.site/login.php" "Mozilla/5.0 (Windows NT 10.0; Win64; x64) AppleWebKit/537.36 (KHTML, like Gecko) Chrome/141.0.0.0 Safari/537.36"
176.64.18.26 - - [20/Oct/2025:08:05:46 +0500] "GET /favicon.ico HTTP/1.0" 404 3375 "https://nursultan0-0.site/login.php" "Mozilla/5.0 (Windows NT 10.0; Win64; x64) AppleWebKit/537.36 (KHTML, like Gecko) Chrome/141.0.0.0 Safari/537.36"
104.164.173.202 - - [20/Oct/2025:08:13:44 +0500] "GET / HTTP/1.0" 302 3658 "-" "Mozilla/5.0 (Windows NT 10.0; Win64; x64) AppleWebKit/537.36 (KHTML, like Gecko) Chrome/116.0.0.0 Safari/537.36"
104.164.173.202 - - [20/Oct/2025:08:13:45 +0500] "GET /login.php HTTP/1.0" 200 5052 "-" "Mozilla/5.0 (Windows NT 10.0; Win64; x64) AppleWebKit/537.36 (KHTML, like Gecko) Chrome/116.0.0.0 Safari/537.36"
195.211.77.140 - - [20/Oct/2025:08:13:53 +0500] "HEAD / HTTP/1.0" 302 3280 "-" "Mozilla/5.0 (Windows NT 10.0; Win64; x64) AppleWebKit/537.36 (KHTML, like Gecko) Chrome/108.0.0.0 Safari/537.36"
104.164.173.202 - - [20/Oct/2025:08:13:55 +0500] "GET /https%3A/fonts.googleapis.com/css2%3Ffamily%3DRock%2BSalt%26family%3DPermanent%2BMarker%26family%3DInter%3Awght%40300%3B400%3B500%3B600%26display%3Dswap HTTP/1.0" 404 4385 "-" "Mozilla/5.0 (Windows NT 10.0; Win64; x64) AppleWebKit/537.36 (KHTML, like Gecko) Chrome/116.0.0.0 Safari/537.36"
104.164.173.202 - - [20/Oct/2025:08:13:55 +0500] "GET /assets/script.js HTTP/1.0" 200 3548 "-" "Mozilla/5.0 (Windows NT 10.0; Win64; x64) AppleWebKit/537.36 (KHTML, like Gecko) Chrome/116.0.0.0 Safari/537.36"
104.164.173.202 - - [20/Oct/2025:08:13:59 +0500] "GET /https%3A/fonts.googleapis.com/javascript%3Alocation.reload%28%29%3B HTTP/1.0" 404 4385 "-" "Mozilla/5.0 (Windows NT 10.0; Win64; x64) AppleWebKit/537.36 (KHTML, like Gecko) Chrome/116.0.0.0 Safari/537.36"
104.164.173.202 - - [20/Oct/2025:08:13:59 +0500] "GET / HTTP/1.0" 302 3600 "-" "Mozilla/5.0 (Windows NT 10.0; Win64; x64) AppleWebKit/537.36 (KHTML, like Gecko) Chrome/116.0.0.0 Safari/537.36"
104.164.173.202 - - [20/Oct/2025:08:14:02 +0500] "GET /https%3A/fonts.googleapis.com/javascript%3Ahistory.back%28%29%3B HTTP/1.0" 404 4385 "-" "Mozilla/5.0 (Windows NT 10.0; Win64; x64) AppleWebKit/537.36 (KHTML, like Gecko) Chrome/116.0.0.0 Safari/537.36"
195.211.77.142 - - [20/Oct/2025:08:14:03 +0500] "GET / HTTP/1.0" 302 3658 "-" "Mozilla/5.0 (Windows NT 10.0; Win64; x64) AppleWebKit/537.36 (KHTML, like Gecko) Chrome/108.0.0.0 Safari/537.36"
192.175.111.251 - - [20/Oct/2025:08:14:19 +0500] "GET / HTTP/1.0" 302 3658 "-" "Mozilla/5.0 (Windows NT 10.0; Win64; x64) AppleWebKit/537.36 (KHTML, like Gecko) Chrome/141.0.0.0 Safari/537.36"
192.175.111.251 - - [20/Oct/2025:08:14:19 +0500] "GET /login.php HTTP/1.0" 200 5110 "https://nursultan0-0.site/" "Mozilla/5.0 (Windows NT 10.0; Win64; x64) AppleWebKit/537.36 (KHTML, like Gecko) Chrome/141.0.0.0 Safari/537.36"
34.244.237.25 - - [20/Oct/2025:08:14:22 +0500] "GET / HTTP/1.0" 302 3658 "-" "Plesk screenshot bot https://support.plesk.com/hc/en-us/articles/10301006946066"
34.244.237.25 - - [20/Oct/2025:08:14:23 +0500] "GET /login.php HTTP/1.0" 200 5052 "-" "Plesk screenshot bot https://support.plesk.com/hc/en-us/articles/10301006946066"
34.244.237.25 - - [20/Oct/2025:08:14:23 +0500] "GET /assets/style.css HTTP/1.0" 200 3534 "https://nursultan0-0.site/login.php" "Plesk screenshot bot https://support.plesk.com/hc/en-us/articles/10301006946066"
34.244.237.25 - - [20/Oct/2025:08:14:23 +0500] "GET /assets/script.js HTTP/1.0" 200 3548 "https://nursultan0-0.site/login.php" "Plesk screenshot bot https://support.plesk.com/hc/en-us/articles/10301006946066"
34.244.237.25 - - [20/Oct/2025:08:14:23 +0500] "GET /favicon.ico HTTP/1.0" 404 4385 "https://nursultan0-0.site/login.php" "Plesk screenshot bot https://support.plesk.com/hc/en-us/articles/10301006946066"
169.150.201.20 - - [20/Oct/2025:08:14:48 +0500] "GET /.git/config HTTP/1.0" 200 3775 "-" "Mozilla/5.0 (Windows NT 10.0; Win64; x64) AppleWebKit/537.36 (KHTML, like Gecko) Chrome/42.0.2311.135 Safari/537.36 Edge/12.246"
69.67.183.112 - - [20/Oct/2025:08:14:56 +0500] "GET / HTTP/1.0" 302 3658 "-" "Mozilla/5.0 (X11; Linux x86_64; rv:45.0) Gecko/20100101 Firefox/45.0"
69.67.183.112 - - [20/Oct/2025:08:14:57 +0500] "GET /login.php HTTP/1.0" 200 5052 "-" "Mozilla/5.0 (X11; Linux x86_64; rv:45.0) Gecko/20100101 Firefox/45.0"
106.75.167.27 - - [20/Oct/2025:08:14:59 +0500] "GET / HTTP/1.0" 302 3658 "-" "Mozilla/5.0 (Windows NT 6.1) AppleWebKit/537.36 (KHTML, like Gecko) Chrome/49.0.2623.112 Safari/537.36"
106.75.167.27 - - [20/Oct/2025:08:15:00 +0500] "GET /login.php HTTP/1.0" 200 5110 "https://nursultan0-0.site" "Mozilla/5.0 (Windows NT 6.1) AppleWebKit/537.36 (KHTML, like Gecko) Chrome/49.0.2623.112 Safari/537.36"
106.75.167.27 - - [20/Oct/2025:08:15:02 +0500] "GET /favicon.ico HTTP/1.0" 404 4385 "https://nursultan0-0.site" "Mozilla/5.0 (Windows NT 6.1) AppleWebKit/537.36 (KHTML, like Gecko) Chrome/49.0.2623.112 Safari/537.36"
106.75.167.27 - - [20/Oct/2025:08:15:04 +0500] "GET /assets/script.js HTTP/1.0" 200 3548 "-" "Mozilla/5.0 (Windows NT 6.1) AppleWebKit/537.36 (KHTML, like Gecko) Chrome/49.0.2623.112 Safari/537.36"
106.75.167.27 - - [20/Oct/2025:08:15:10 +0500] "GET / HTTP/1.0" 302 3658 "-" "Mozilla/5.0 (Windows NT 6.1) AppleWebKit/537.36 (KHTML, like Gecko) Chrome/49.0.2623.112 Safari/537.36"
106.75.167.27 - - [20/Oct/2025:08:15:12 +0500] "GET /login.php HTTP/1.0" 200 5110 "https://www.nursultan0-0.site" "Mozilla/5.0 (Windows NT 6.1) AppleWebKit/537.36 (KHTML, like Gecko) Chrome/49.0.2623.112 Safari/537.36"
106.75.167.27 - - [20/Oct/2025:08:15:14 +0500] "GET /favicon.ico HTTP/1.0" 404 4385 "https://www.nursultan0-0.site" "Mozilla/5.0 (Windows NT 6.1) AppleWebKit/537.36 (KHTML, like Gecko) Chrome/49.0.2623.112 Safari/537.36"
106.75.167.27 - - [20/Oct/2025:08:15:15 +0500] "GET /assets/script.js HTTP/1.0" 200 3548 "-" "Mozilla/5.0 (Windows NT 6.1) AppleWebKit/537.36 (KHTML, like Gecko) Chrome/49.0.2623.112 Safari/537.36"
176.64.18.26 - - [20/Oct/2025:08:15:25 +0500] "GET /login.php HTTP/1.0" 200 5052 "-" "Mozilla/5.0 (Windows NT 10.0; Win64; x64) AppleWebKit/537.36 (KHTML, like Gecko) Chrome/141.0.0.0 Safari/537.36"
176.64.18.26 - - [20/Oct/2025:08:15:25 +0500] "GET /assets/style.css HTTP/1.0" 200 3534 "https://nursultan0-0.site/login.php" "Mozilla/5.0 (Windows NT 10.0; Win64; x64) AppleWebKit/537.36 (KHTML, like Gecko) Chrome/141.0.0.0 Safari/537.36"
176.64.18.26 - - [20/Oct/2025:08:15:25 +0500] "GET /assets/script.js HTTP/1.0" 200 3548 "https://nursultan0-0.site/login.php" "Mozilla/5.0 (Windows NT 10.0; Win64; x64) AppleWebKit/537.36 (KHTML, like Gecko) Chrome/141.0.0.0 Safari/537.36"
176.64.18.26 - - [20/Oct/2025:08:15:27 +0500] "GET /login.php HTTP/1.0" 200 5052 "-" "Mozilla/5.0 (Windows NT 10.0; Win64; x64) AppleWebKit/537.36 (KHTML, like Gecko) Chrome/141.0.0.0 Safari/537.36"
141.148.153.213 - - [20/Oct/2025:08:16:09 +0500] "GET / HTTP/1.0" 302 3658 "-" "Mozilla/5.0 (iPhone; CPU iPhone OS 17_0 like Mac OS X) AppleWebKit/605.1.15 (KHTML, like Gecko) Version/17.0 Mobile/15E148 Safari/604.1"
141.148.153.213 - - [20/Oct/2025:08:16:10 +0500] "GET /login.php HTTP/1.0" 200 5052 "-" "Mozilla/5.0 (iPhone; CPU iPhone OS 17_0 like Mac OS X) AppleWebKit/605.1.15 (KHTML, like Gecko) Version/17.0 Mobile/15E148 Safari/604.1"
141.148.153.213 - - [20/Oct/2025:08:16:10 +0500] "GET /favicon.ico HTTP/1.0" 404 4385 "-" "Mozilla/5.0 (iPhone; CPU iPhone OS 17_0 like Mac OS X) AppleWebKit/605.1.15 (KHTML, like Gecko) Version/17.0 Mobile/15E148 Safari/604.1"
96.41.38.202 - - [20/Oct/2025:08:16:29 +0500] "GET / HTTP/1.0" 302 3658 "-" "Mozilla/5.0 (Macintosh; Intel Mac OS X 10.15; rv:139.0) Gecko/20100101 Firefox/139.0"
96.41.38.202 - - [20/Oct/2025:08:16:30 +0500] "GET /login.php HTTP/1.0" 200 5110 "https://nursultan0-0.site" "Mozilla/5.0 (Macintosh; Intel Mac OS X 10.15; rv:139.0) Gecko/20100101 Firefox/139.0"
96.41.38.202 - - [20/Oct/2025:08:16:30 +0500] "GET /assets/script.js HTTP/1.0" 200 3548 "-" "Mozilla/5.0 (Macintosh; Intel Mac OS X 10.15; rv:139.0) Gecko/20100101 Firefox/139.0"
96.41.38.202 - - [20/Oct/2025:08:16:31 +0500] "GET /@vite/env HTTP/1.0" 404 4385 "-" "Mozilla/5.0 (Macintosh; Intel Mac OS X 10.15; rv:139.0) Gecko/20100101 Firefox/139.0"
96.41.38.202 - - [20/Oct/2025:08:16:31 +0500] "GET /actutor/env HTTP/1.0" 404 4385 "-" "Mozilla/5.0 (Macintosh; Intel Mac OS X 10.15; rv:139.0) Gecko/20100101 Firefox/139.0"
96.41.38.202 - - [20/Oct/2025:08:16:32 +0500] "GET /.vscode/sftp.json HTTP/1.0" 404 4385 "-" "Mozilla/5.0 (Macintosh; Intel Mac OS X 10.15; rv:139.0) Gecko/20100101 Firefox/139.0"
96.41.38.202 - - [20/Oct/2025:08:16:32 +0500] "GET /.env HTTP/1.0" 404 4385 "-" "Mozilla/5.0 (Macintosh; Intel Mac OS X 10.15; rv:139.0) Gecko/20100101 Firefox/139.0"
96.41.38.202 - - [20/Oct/2025:08:16:33 +0500] "GET /.git/config HTTP/1.0" 200 3775 "-" "Mozilla/5.0 (Macintosh; Intel Mac OS X 10.15; rv:139.0) Gecko/20100101 Firefox/139.0"
141.148.153.213 - - [20/Oct/2025:08:17:03 +0500] "GET / HTTP/1.0" 302 3658 "-" "Mozilla/5.0 (iPhone; CPU iPhone OS 17_0 like Mac OS X) AppleWebKit/605.1.15 (KHTML, like Gecko) Version/17.0 Mobile/15E148 Safari/604.1"
141.148.153.213 - - [20/Oct/2025:08:17:03 +0500] "GET /login.php HTTP/1.0" 200 5052 "-" "Mozilla/5.0 (iPhone; CPU iPhone OS 17_0 like Mac OS X) AppleWebKit/605.1.15 (KHTML, like Gecko) Version/17.0 Mobile/15E148 Safari/604.1"
141.148.153.213 - - [20/Oct/2025:08:17:04 +0500] "GET /favicon.ico HTTP/1.0" 404 4385 "-" "Mozilla/5.0 (iPhone; CPU iPhone OS 17_0 like Mac OS X) AppleWebKit/605.1.15 (KHTML, like Gecko) Version/17.0 Mobile/15E148 Safari/604.1"
96.41.38.202 - - [20/Oct/2025:08:17:31 +0500] "GET / HTTP/1.0" 302 3658 "-" "Mozilla/5.0 (Macintosh; Intel Mac OS X 10.15; rv:139.0) Gecko/20100101 Firefox/139.0"
96.41.38.202 - - [20/Oct/2025:08:17:32 +0500] "GET /login.php HTTP/1.0" 200 5110 "https://nursultan0-0.site" "Mozilla/5.0 (Macintosh; Intel Mac OS X 10.15; rv:139.0) Gecko/20100101 Firefox/139.0"
96.41.38.202 - - [20/Oct/2025:08:17:32 +0500] "GET /assets/script.js HTTP/1.0" 200 3548 "-" "Mozilla/5.0 (Macintosh; Intel Mac OS X 10.15; rv:139.0) Gecko/20100101 Firefox/139.0"
96.41.38.202 - - [20/Oct/2025:08:17:32 +0500] "GET /@vite/env HTTP/1.0" 404 4385 "-" "Mozilla/5.0 (Macintosh; Intel Mac OS X 10.15; rv:139.0) Gecko/20100101 Firefox/139.0"
96.41.38.202 - - [20/Oct/2025:08:17:33 +0500] "GET /actutor/env HTTP/1.0" 404 4385 "-" "Mozilla/5.0 (Macintosh; Intel Mac OS X 10.15; rv:139.0) Gecko/20100101 Firefox/139.0"
96.41.38.202 - - [20/Oct/2025:08:17:33 +0500] "GET /.vscode/sftp.json HTTP/1.0" 404 4385 "-" "Mozilla/5.0 (Macintosh; Intel Mac OS X 10.15; rv:139.0) Gecko/20100101 Firefox/139.0"
96.41.38.202 - - [20/Oct/2025:08:17:34 +0500] "GET /.env HTTP/1.0" 404 4385 "-" "Mozilla/5.0 (Macintosh; Intel Mac OS X 10.15; rv:139.0) Gecko/20100101 Firefox/139.0"
96.41.38.202 - - [20/Oct/2025:08:17:34 +0500] "GET /.git/config HTTP/1.0" 200 3775 "-" "Mozilla/5.0 (Macintosh; Intel Mac OS X 10.15; rv:139.0) Gecko/20100101 Firefox/139.0"
141.148.153.213 - - [20/Oct/2025:08:20:05 +0500] "GET / HTTP/1.0" 302 3679 "-" "Mozilla/5.0 (iPhone; CPU iPhone OS 17_0 like Mac OS X) AppleWebKit/605.1.15 (KHTML, like Gecko) Version/17.0 Mobile/15E148 Safari/604.1"
141.148.153.213 - - [20/Oct/2025:08:20:05 +0500] "GET /login.php HTTP/1.0" 200 5073 "-" "Mozilla/5.0 (iPhone; CPU iPhone OS 17_0 like Mac OS X) AppleWebKit/605.1.15 (KHTML, like Gecko) Version/17.0 Mobile/15E148 Safari/604.1"
141.148.153.213 - - [20/Oct/2025:08:20:07 +0500] "GET /favicon.ico HTTP/1.0" 404 4406 "-" "Mozilla/5.0 (iPhone; CPU iPhone OS 17_0 like Mac OS X) AppleWebKit/605.1.15 (KHTML, like Gecko) Version/17.0 Mobile/15E148 Safari/604.1"
176.64.18.26 - - [20/Oct/2025:08:20:26 +0500] "GET /login.php HTTP/1.0" 200 5073 "-" "Mozilla/5.0 (Windows NT 10.0; Win64; x64) AppleWebKit/537.36 (KHTML, like Gecko) Chrome/141.0.0.0 Safari/537.36"
176.64.18.26 - - [20/Oct/2025:08:20:44 +0500] "GET / HTTP/1.0" 302 3621 "https://plesk.nls.kz:8443/" "Mozilla/5.0 (Windows NT 10.0; Win64; x64) AppleWebKit/537.36 (KHTML, like Gecko) Chrome/141.0.0.0 Safari/537.36"
176.64.18.26 - - [20/Oct/2025:08:20:44 +0500] "GET /login.php HTTP/1.0" 200 5073 "https://plesk.nls.kz:8443/" "Mozilla/5.0 (Windows NT 10.0; Win64; x64) AppleWebKit/537.36 (KHTML, like Gecko) Chrome/141.0.0.0 Safari/537.36"
141.148.153.213 - - [20/Oct/2025:08:21:42 +0500] "GET / HTTP/1.0" 302 3679 "-" "Mozilla/5.0 (iPhone; CPU iPhone OS 17_0 like Mac OS X) AppleWebKit/605.1.15 (KHTML, like Gecko) Version/17.0 Mobile/15E148 Safari/604.1"
141.148.153.213 - - [20/Oct/2025:08:21:42 +0500] "GET /login.php HTTP/1.0" 200 5073 "-" "Mozilla/5.0 (iPhone; CPU iPhone OS 17_0 like Mac OS X) AppleWebKit/605.1.15 (KHTML, like Gecko) Version/17.0 Mobile/15E148 Safari/604.1"
141.148.153.213 - - [20/Oct/2025:08:21:44 +0500] "GET /favicon.ico HTTP/1.0" 404 4406 "-" "Mozilla/5.0 (iPhone; CPU iPhone OS 17_0 like Mac OS X) AppleWebKit/605.1.15 (KHTML, like Gecko) Version/17.0 Mobile/15E148 Safari/604.1"
141.148.153.213 - - [20/Oct/2025:08:22:16 +0500] "GET / HTTP/1.0" 302 3679 "-" "Mozilla/5.0 (iPhone; CPU iPhone OS 17_0 like Mac OS X) AppleWebKit/605.1.15 (KHTML, like Gecko) Version/17.0 Mobile/15E148 Safari/604.1"
141.148.153.213 - - [20/Oct/2025:08:22:17 +0500] "GET /login.php HTTP/1.0" 200 5073 "-" "Mozilla/5.0 (iPhone; CPU iPhone OS 17_0 like Mac OS X) AppleWebKit/605.1.15 (KHTML, like Gecko) Version/17.0 Mobile/15E148 Safari/604.1"
141.148.153.213 - - [20/Oct/2025:08:22:17 +0500] "GET /favicon.ico HTTP/1.0" 404 4406 "-" "Mozilla/5.0 (iPhone; CPU iPhone OS 17_0 like Mac OS X) AppleWebKit/605.1.15 (KHTML, like Gecko) Version/17.0 Mobile/15E148 Safari/604.1"
5.182.124.85 - - [20/Oct/2025:08:22:35 +0500] "GET / HTTP/1.0" 302 3679 "-" "Mozilla/5.0 (iPhone; CPU iPhone OS 17_3 like Mac OS X) AppleWebKit/605.1.15 (KHTML, like Gecko) CriOS/116.0.5845.177 Mobile/15E148 Safari/604.1"
78.138.117.37 - - [20/Oct/2025:08:22:50 +0500] "GET / HTTP/1.0" 302 3679 "-" "Mozilla/5.0 (Windows NT 10.0; Win64; x64) AppleWebKit/537.36 (KHTML, like Gecko) Chrome/139.0.0.0 Safari/537.36"
78.138.117.37 - - [20/Oct/2025:08:22:50 +0500] "GET /login.php HTTP/1.0" 200 5073 "-" "Mozilla/5.0 (Windows NT 10.0; Win64; x64) AppleWebKit/537.36 (KHTML, like Gecko) Chrome/139.0.0.0 Safari/537.36"
78.138.117.37 - - [20/Oct/2025:08:22:50 +0500] "GET /assets/style.css HTTP/1.0" 200 3555 "https://nursultan0-0.site/login.php" "Mozilla/5.0 (Windows NT 10.0; Win64; x64) AppleWebKit/537.36 (KHTML, like Gecko) Chrome/139.0.0.0 Safari/537.36"
78.138.117.37 - - [20/Oct/2025:08:22:50 +0500] "GET /assets/script.js HTTP/1.0" 200 3569 "https://nursultan0-0.site/login.php" "Mozilla/5.0 (Windows NT 10.0; Win64; x64) AppleWebKit/537.36 (KHTML, like Gecko) Chrome/139.0.0.0 Safari/537.36"
78.138.117.37 - - [20/Oct/2025:08:22:50 +0500] "GET /favicon.ico HTTP/1.0" 404 4406 "https://nursultan0-0.site/login.php" "Mozilla/5.0 (Windows NT 10.0; Win64; x64) AppleWebKit/537.36 (KHTML, like Gecko) Chrome/139.0.0.0 Safari/537.36"
141.148.153.213 - - [20/Oct/2025:08:24:05 +0500] "GET / HTTP/1.0" 302 3679 "-" "Mozilla/5.0 (iPhone; CPU iPhone OS 17_0 like Mac OS X) AppleWebKit/605.1.15 (KHTML, like Gecko) Version/17.0 Mobile/15E148 Safari/604.1"
141.148.153.213 - - [20/Oct/2025:08:24:05 +0500] "GET /login.php HTTP/1.0" 200 5073 "-" "Mozilla/5.0 (iPhone; CPU iPhone OS 17_0 like Mac OS X) AppleWebKit/605.1.15 (KHTML, like Gecko) Version/17.0 Mobile/15E148 Safari/604.1"
141.148.153.213 - - [20/Oct/2025:08:24:06 +0500] "GET /favicon.ico HTTP/1.0" 404 4406 "-" "Mozilla/5.0 (iPhone; CPU iPhone OS 17_0 like Mac OS X) AppleWebKit/605.1.15 (KHTML, like Gecko) Version/17.0 Mobile/15E148 Safari/604.1"
176.64.18.26 - - [20/Oct/2025:08:24:36 +0500] "GET /login.php HTTP/1.0" 200 5073 "-" "Mozilla/5.0 (Windows NT 10.0; Win64; x64) AppleWebKit/537.36 (KHTML, like Gecko) Chrome/141.0.0.0 Safari/537.36"
176.64.18.26 - - [20/Oct/2025:08:24:37 +0500] "GET /login.php HTTP/1.0" 200 5073 "-" "Mozilla/5.0 (Windows NT 10.0; Win64; x64) AppleWebKit/537.36 (KHTML, like Gecko) Chrome/141.0.0.0 Safari/537.36"
89.46.10.241 - - [20/Oct/2025:08:25:02 +0500] "GET / HTTP/1.0" 302 3679 "-" "Mozilla/5.0"
89.46.10.241 - - [20/Oct/2025:08:25:02 +0500] "GET /login.php HTTP/1.0" 200 5073 "-" "Mozilla/5.0"
89.46.10.241 - - [20/Oct/2025:08:25:04 +0500] "GET /.env HTTP/1.0" 404 4406 "-" "Mozilla/5.0"
104.252.191.155 - - [20/Oct/2025:08:26:53 +0500] "GET / HTTP/1.0" 302 3679 "-" "Mozilla/5.0 (X11; Linux x86_64) AppleWebKit/537.36 (KHTML, like Gecko) Chrome/116.0.0.0 Safari/537.36"
103.4.251.14 - - [20/Oct/2025:08:26:53 +0500] "GET / HTTP/1.0" 302 3679 "-" "Mozilla/5.0 (X11; Linux x86_64) AppleWebKit/537.36 (KHTML, like Gecko) Chrome/117.0.0.0 Safari/537.36"
172.71.184.59 - - [20/Oct/2025:08:26:53 +0500] "GET /wp-admin/setup-config.php HTTP/1.0" 404 4406 "-" "Mozilla/5.0 (Windows NT 10.0; Win64; x64) AppleWebKit/537.36 (KHTML, like Gecko) Chrome/140.0.0.0 Safari/537.36"
104.252.191.155 - - [20/Oct/2025:08:26:55 +0500] "GET /login.php HTTP/1.0" 200 5073 "-" "Mozilla/5.0 (X11; Linux x86_64) AppleWebKit/537.36 (KHTML, like Gecko) Chrome/116.0.0.0 Safari/537.36"
103.4.251.14 - - [20/Oct/2025:08:26:55 +0500] "GET /login.php HTTP/1.0" 200 5073 "-" "Mozilla/5.0 (X11; Linux x86_64) AppleWebKit/537.36 (KHTML, like Gecko) Chrome/117.0.0.0 Safari/537.36"
176.64.18.26 - - [20/Oct/2025:08:27:03 +0500] "GET /login.php HTTP/1.0" 200 5073 "-" "Mozilla/5.0 (Windows NT 10.0; Win64; x64) AppleWebKit/537.36 (KHTML, like Gecko) Chrome/141.0.0.0 Safari/537.36"
176.64.18.26 - - [20/Oct/2025:08:27:04 +0500] "GET /login.php HTTP/1.0" 200 5073 "-" "Mozilla/5.0 (Windows NT 10.0; Win64; x64) AppleWebKit/537.36 (KHTML, like Gecko) Chrome/141.0.0.0 Safari/537.36"
103.4.251.14 - - [20/Oct/2025:08:27:04 +0500] "GET / HTTP/1.0" 302 3679 "-" "Mozilla/5.0 (Macintosh; Intel Mac OS X 10_15_7) AppleWebKit/537.36 (KHTML, like Gecko) Chrome/117.0.0.0 Safari/537.36"
176.64.18.26 - - [20/Oct/2025:08:27:06 +0500] "GET /login.php HTTP/1.0" 200 5073 "-" "Mozilla/5.0 (Windows NT 10.0; Win64; x64) AppleWebKit/537.36 (KHTML, like Gecko) Chrome/141.0.0.0 Safari/537.36"
176.64.18.26 - - [20/Oct/2025:08:27:06 +0500] "GET /login.php HTTP/1.0" 200 5073 "-" "Mozilla/5.0 (Windows NT 10.0; Win64; x64) AppleWebKit/537.36 (KHTML, like Gecko) Chrome/141.0.0.0 Safari/537.36"
103.4.251.14 - - [20/Oct/2025:08:27:07 +0500] "GET /login.php HTTP/1.0" 200 5073 "-" "Mozilla/5.0 (Macintosh; Intel Mac OS X 10_15_7) AppleWebKit/537.36 (KHTML, like Gecko) Chrome/117.0.0.0 Safari/537.36"
176.64.18.26 - - [20/Oct/2025:08:27:07 +0500] "GET /login.php HTTP/1.0" 200 5073 "-" "Mozilla/5.0 (Windows NT 10.0; Win64; x64) AppleWebKit/537.36 (KHTML, like Gecko) Chrome/141.0.0.0 Safari/537.36"
176.64.18.26 - - [20/Oct/2025:08:27:07 +0500] "GET /login.php HTTP/1.0" 200 5073 "-" "Mozilla/5.0 (Windows NT 10.0; Win64; x64) AppleWebKit/537.36 (KHTML, like Gecko) Chrome/141.0.0.0 Safari/537.36"
176.64.18.26 - - [20/Oct/2025:08:27:07 +0500] "GET /login.php HTTP/1.0" 200 5073 "-" "Mozilla/5.0 (Windows NT 10.0; Win64; x64) AppleWebKit/537.36 (KHTML, like Gecko) Chrome/141.0.0.0 Safari/537.36"
176.64.18.26 - - [20/Oct/2025:08:27:08 +0500] "GET /login.php HTTP/1.0" 200 5073 "-" "Mozilla/5.0 (Windows NT 10.0; Win64; x64) AppleWebKit/537.36 (KHTML, like Gecko) Chrome/141.0.0.0 Safari/537.36"
172.70.250.235 - - [20/Oct/2025:08:27:14 +0500] "GET /wp-admin/setup-config.php HTTP/1.0" 404 4406 "-" "Mozilla/5.0 (Windows NT 10.0; Win64; x64) AppleWebKit/537.36 (KHTML, like Gecko) Chrome/140.0.0.0 Safari/537.36"
103.4.251.14 - - [20/Oct/2025:08:27:17 +0500] "GET /https%3A/fonts.googleapis.com/css2%3Ffamily%3DRock%2BSalt%26family%3DPermanent%2BMarker%26family%3DInter%3Awght%40300%3B400%3B500%3B600%26display%3Dswap HTTP/1.0" 404 4406 "-" "Mozilla/5.0 (Macintosh; Intel Mac OS X 10_15_7) AppleWebKit/537.36 (KHTML, like Gecko) Chrome/117.0.0.0 Safari/537.36"
103.4.251.14 - - [20/Oct/2025:08:27:17 +0500] "GET /assets/script.js HTTP/1.0" 200 3569 "-" "Mozilla/5.0 (Macintosh; Intel Mac OS X 10_15_7) AppleWebKit/537.36 (KHTML, like Gecko) Chrome/117.0.0.0 Safari/537.36"
172.71.184.59 - - [20/Oct/2025:08:27:17 +0500] "GET /wordpress/wp-admin/setup-config.php HTTP/1.0" 404 4406 "-" "Mozilla/5.0 (Windows NT 10.0; Win64; x64) AppleWebKit/537.36 (KHTML, like Gecko) Chrome/140.0.0.0 Safari/537.36"
43.159.145.149 - - [20/Oct/2025:08:27:21 +0500] "GET / HTTP/1.0" 302 3679 "http://nursultan0-0.site/" "Mozilla/5.0 (iPhone; CPU iPhone OS 13_2_3 like Mac OS X) AppleWebKit/605.1.15 (KHTML, like Gecko) Version/13.0.3 Mobile/15E148 Safari/604.1"
43.159.145.149 - - [20/Oct/2025:08:27:23 +0500] "GET /login.php HTTP/1.0" 200 5131 "https://nursultan0-0.site/" "Mozilla/5.0 (iPhone; CPU iPhone OS 13_2_3 like Mac OS X) AppleWebKit/605.1.15 (KHTML, like Gecko) Version/13.0.3 Mobile/15E148 Safari/604.1"
103.4.251.14 - - [20/Oct/2025:08:27:23 +0500] "GET /https%3A/fonts.googleapis.com/javascript%3Alocation.reload%28%29%3B HTTP/1.0" 404 4406 "-" "Mozilla/5.0 (Macintosh; Intel Mac OS X 10_15_7) AppleWebKit/537.36 (KHTML, like Gecko) Chrome/117.0.0.0 Safari/537.36"
176.64.18.26 - - [20/Oct/2025:08:27:25 +0500] "GET / HTTP/1.0" 302 3621 "https://plesk.nls.kz:8443/" "Mozilla/5.0 (Windows NT 10.0; Win64; x64) AppleWebKit/537.36 (KHTML, like Gecko) Chrome/141.0.0.0 Safari/537.36"
176.64.18.26 - - [20/Oct/2025:08:27:25 +0500] "GET /login.php HTTP/1.0" 200 5073 "https://plesk.nls.kz:8443/" "Mozilla/5.0 (Windows NT 10.0; Win64; x64) AppleWebKit/537.36 (KHTML, like Gecko) Chrome/141.0.0.0 Safari/537.36"
103.4.251.14 - - [20/Oct/2025:08:27:28 +0500] "GET /https%3A/fonts.googleapis.com/javascript%3Ahistory.back%28%29%3B HTTP/1.0" 404 4406 "-" "Mozilla/5.0 (Macintosh; Intel Mac OS X 10_15_7) AppleWebKit/537.36 (KHTML, like Gecko) Chrome/117.0.0.0 Safari/537.36"
103.4.251.14 - - [20/Oct/2025:08:27:28 +0500] "GET / HTTP/1.0" 302 3621 "-" "Mozilla/5.0 (Macintosh; Intel Mac OS X 10_15_7) AppleWebKit/537.36 (KHTML, like Gecko) Chrome/117.0.0.0 Safari/537.36"
43.157.67.70 - - [20/Oct/2025:08:28:04 +0500] "GET / HTTP/1.0" 302 3679 "http://nursultan0-0.site" "Mozilla/5.0 (iPhone; CPU iPhone OS 13_2_3 like Mac OS X) AppleWebKit/605.1.15 (KHTML, like Gecko) Version/13.0.3 Mobile/15E148 Safari/604.1"
43.157.67.70 - - [20/Oct/2025:08:28:05 +0500] "GET /login.php HTTP/1.0" 200 5131 "https://nursultan0-0.site/" "Mozilla/5.0 (iPhone; CPU iPhone OS 13_2_3 like Mac OS X) AppleWebKit/605.1.15 (KHTML, like Gecko) Version/13.0.3 Mobile/15E148 Safari/604.1"
176.64.18.26 - - [20/Oct/2025:08:28:56 +0500] "GET / HTTP/1.0" 302 3621 "https://plesk.nls.kz:8443/" "Mozilla/5.0 (Windows NT 10.0; Win64; x64) AppleWebKit/537.36 (KHTML, like Gecko) Chrome/141.0.0.0 Safari/537.36"
176.64.18.26 - - [20/Oct/2025:08:28:56 +0500] "GET /login.php HTTP/1.0" 200 5073 "https://plesk.nls.kz:8443/" "Mozilla/5.0 (Windows NT 10.0; Win64; x64) AppleWebKit/537.36 (KHTML, like Gecko) Chrome/141.0.0.0 Safari/537.36"
176.64.18.26 - - [20/Oct/2025:08:29:02 +0500] "GET /login.php HTTP/1.0" 200 5073 "https://plesk.nls.kz:8443/" "Mozilla/5.0 (Windows NT 10.0; Win64; x64) AppleWebKit/537.36 (KHTML, like Gecko) Chrome/141.0.0.0 Safari/537.36"
176.64.18.26 - - [20/Oct/2025:08:29:03 +0500] "GET /login.php HTTP/1.0" 200 5073 "https://plesk.nls.kz:8443/" "Mozilla/5.0 (Windows NT 10.0; Win64; x64) AppleWebKit/537.36 (KHTML, like Gecko) Chrome/141.0.0.0 Safari/537.36"
52.16.245.145 - - [20/Oct/2025:08:29:14 +0500] "GET / HTTP/1.0" 302 3679 "-" "Mozilla/5.0 (X11; Linux x86_64; rv:83.0) Gecko/20100101 Firefox/83.0"
52.16.245.145 - - [20/Oct/2025:08:29:14 +0500] "GET /login.php HTTP/1.0" 200 5073 "-" "Mozilla/5.0 (X11; Linux x86_64; rv:83.0) Gecko/20100101 Firefox/83.0"
52.16.245.145 - - [20/Oct/2025:08:29:15 +0500] "GET / HTTP/1.0" 302 3679 "-" "Mozilla/5.0 (X11; Linux x86_64) AppleWebKit/537.36 (KHTML, like Gecko) Chrome/132.0.0.0 Safari/537.36"
52.16.245.145 - - [20/Oct/2025:08:29:15 +0500] "GET /login.php HTTP/1.0" 200 5073 "-" "Mozilla/5.0 (X11; Linux x86_64) AppleWebKit/537.36 (KHTML, like Gecko) Chrome/132.0.0.0 Safari/537.36"
52.16.245.145 - - [20/Oct/2025:08:29:15 +0500] "GET /assets/style.css HTTP/1.0" 200 3555 "https://nursultan0-0.site/login.php" "Mozilla/5.0 (X11; Linux x86_64) AppleWebKit/537.36 (KHTML, like Gecko) Chrome/132.0.0.0 Safari/537.36"
52.16.245.145 - - [20/Oct/2025:08:29:15 +0500] "GET /assets/script.js HTTP/1.0" 200 3569 "https://nursultan0-0.site/login.php" "Mozilla/5.0 (X11; Linux x86_64) AppleWebKit/537.36 (KHTML, like Gecko) Chrome/132.0.0.0 Safari/537.36"
52.16.245.145 - - [20/Oct/2025:08:29:15 +0500] "GET /favicon.ico HTTP/1.0" 404 4406 "https://nursultan0-0.site/login.php" "Mozilla/5.0 (X11; Linux x86_64) AppleWebKit/537.36 (KHTML, like Gecko) Chrome/132.0.0.0 Safari/537.36"
52.16.245.145 - - [20/Oct/2025:08:29:16 +0500] "GET /login.php HTTP/1.0" 200 5131 "-" "Mozilla/5.0 (Macintosh; Intel Mac OS X 10_9_2) AppleWebKit/537.36 (KHTML, like Gecko) Chrome/33.0.1750.152 Safari/537.36"
52.16.245.145 - - [20/Oct/2025:08:29:16 +0500] "HEAD /favicon.ico HTTP/1.0" 404 3301 "-" "Mozilla/5.0 (Macintosh; Intel Mac OS X 10_9_2) AppleWebKit/537.36 (KHTML, like Gecko) Chrome/33.0.1750.152 Safari/537.36"
176.64.23.113 - - [20/Oct/2025:08:29:36 +0500] "GET / HTTP/1.0" 302 3679 "-" "Mozilla/5.0 (Linux; Android 10; K) AppleWebKit/537.36 (KHTML, like Gecko) Chrome/141.0.0.0 Mobile Safari/537.36"
176.64.23.113 - - [20/Oct/2025:08:29:36 +0500] "GET /login.php HTTP/1.0" 200 5073 "-" "Mozilla/5.0 (Linux; Android 10; K) AppleWebKit/537.36 (KHTML, like Gecko) Chrome/141.0.0.0 Mobile Safari/537.36"
176.64.23.113 - - [20/Oct/2025:08:29:36 +0500] "GET /assets/style.css HTTP/1.0" 200 3555 "https://nursultan0-0.site/login.php" "Mozilla/5.0 (Linux; Android 10; K) AppleWebKit/537.36 (KHTML, like Gecko) Chrome/141.0.0.0 Mobile Safari/537.36"
176.64.23.113 - - [20/Oct/2025:08:29:36 +0500] "GET /assets/script.js HTTP/1.0" 200 3569 "https://nursultan0-0.site/login.php" "Mozilla/5.0 (Linux; Android 10; K) AppleWebKit/537.36 (KHTML, like Gecko) Chrome/141.0.0.0 Mobile Safari/537.36"
176.64.23.113 - - [20/Oct/2025:08:29:37 +0500] "GET /favicon.ico HTTP/1.0" 404 4406 "https://nursultan0-0.site/login.php" "Mozilla/5.0 (Linux; Android 10; K) AppleWebKit/537.36 (KHTML, like Gecko) Chrome/141.0.0.0 Mobile Safari/537.36"
82.146.44.21 - - [20/Oct/2025:08:29:38 +0500] "GET / HTTP/1.0" 302 3679 "-" "Chrome/86.0.4240.198"
82.146.44.21 - - [20/Oct/2025:08:29:38 +0500] "GET / HTTP/1.0" 302 3679 "-" "Chrome/86.0.4240.198"
82.146.44.21 - - [20/Oct/2025:08:29:38 +0500] "GET /login.php HTTP/1.0" 200 5073 "-" "Chrome/86.0.4240.198"
82.146.44.21 - - [20/Oct/2025:08:29:38 +0500] "GET /login.php HTTP/1.0" 200 5073 "-" "Chrome/86.0.4240.198"
176.64.18.26 - - [20/Oct/2025:08:29:39 +0500] "GET /grades.php HTTP/1.0" 302 3679 "-" "Mozilla/5.0 (iPhone; CPU iPhone OS 18_6_2 like Mac OS X) AppleWebKit/605.1.15 (KHTML, like Gecko) CriOS/138.0.7204.119 Mobile/15E148 Safari/604.1"
176.64.18.26 - - [20/Oct/2025:08:29:39 +0500] "GET / HTTP/1.0" 302 3679 "-" "Mozilla/5.0 (iPhone; CPU iPhone OS 18_6_2 like Mac OS X) AppleWebKit/605.1.15 (KHTML, like Gecko) CriOS/138.0.7204.119 Mobile/15E148 Safari/604.1"
176.64.18.26 - - [20/Oct/2025:08:29:39 +0500] "GET /login.php HTTP/1.0" 200 5073 "-" "Mozilla/5.0 (iPhone; CPU iPhone OS 18_6_2 like Mac OS X) AppleWebKit/605.1.15 (KHTML, like Gecko) CriOS/138.0.7204.119 Mobile/15E148 Safari/604.1"
176.64.18.26 - - [20/Oct/2025:08:29:39 +0500] "GET /login.php HTTP/1.0" 200 5073 "-" "Mozilla/5.0 (iPhone; CPU iPhone OS 18_6_2 like Mac OS X) AppleWebKit/605.1.15 (KHTML, like Gecko) CriOS/138.0.7204.119 Mobile/15E148 Safari/604.1"
176.64.18.26 - - [20/Oct/2025:08:29:39 +0500] "GET /assets/style.css HTTP/1.0" 200 3555 "https://nursultan0-0.site/login.php" "Mozilla/5.0 (iPhone; CPU iPhone OS 18_6_2 like Mac OS X) AppleWebKit/605.1.15 (KHTML, like Gecko) CriOS/138.0.7204.119 Mobile/15E148 Safari/604.1"
176.64.18.26 - - [20/Oct/2025:08:29:39 +0500] "GET /assets/style.css HTTP/1.0" 200 3555 "https://nursultan0-0.site/login.php" "Mozilla/5.0 (iPhone; CPU iPhone OS 18_6_2 like Mac OS X) AppleWebKit/605.1.15 (KHTML, like Gecko) CriOS/138.0.7204.119 Mobile/15E148 Safari/604.1"
176.64.18.26 - - [20/Oct/2025:08:29:39 +0500] "GET /assets/script.js HTTP/1.0" 200 3569 "https://nursultan0-0.site/login.php" "Mozilla/5.0 (iPhone; CPU iPhone OS 18_6_2 like Mac OS X) AppleWebKit/605.1.15 (KHTML, like Gecko) CriOS/138.0.7204.119 Mobile/15E148 Safari/604.1"
176.64.18.26 - - [20/Oct/2025:08:29:39 +0500] "GET /assets/script.js HTTP/1.0" 200 3569 "https://nursultan0-0.site/login.php" "Mozilla/5.0 (iPhone; CPU iPhone OS 18_6_2 like Mac OS X) AppleWebKit/605.1.15 (KHTML, like Gecko) CriOS/138.0.7204.119 Mobile/15E148 Safari/604.1"
176.64.18.26 - - [20/Oct/2025:08:29:39 +0500] "GET /favicon.ico HTTP/1.0" 404 4406 "-" "Mozilla/5.0 (iPhone; CPU iPhone OS 18_6_2 like Mac OS X) AppleWebKit/605.1.15 (KHTML, like Gecko) CriOS/138.0.7204.119 Mobile/15E148 Safari/604.1"
176.64.18.26 - - [20/Oct/2025:08:29:39 +0500] "GET /favicon.ico HTTP/1.0" 404 4406 "-" "Mozilla/5.0 (iPhone; CPU iPhone OS 18_6_2 like Mac OS X) AppleWebKit/605.1.15 (KHTML, like Gecko) CriOS/138.0.7204.119 Mobile/15E148 Safari/604.1"
92.46.47.11 - - [20/Oct/2025:08:29:42 +0500] "GET /login.php HTTP/1.0" 200 5131 "https://www.google.com/" "Mozilla/5.0 (Linux; Android 10; K) AppleWebKit/537.36 (KHTML, like Gecko) Chrome/141.0.0.0 Mobile Safari/537.36"
92.46.47.11 - - [20/Oct/2025:08:29:43 +0500] "GET /assets/style.css HTTP/1.0" 200 3555 "https://nursultan0-0.site/login.php" "Mozilla/5.0 (Linux; Android 10; K) AppleWebKit/537.36 (KHTML, like Gecko) Chrome/141.0.0.0 Mobile Safari/537.36"
92.46.47.11 - - [20/Oct/2025:08:29:43 +0500] "GET /assets/script.js HTTP/1.0" 200 3569 "https://nursultan0-0.site/login.php" "Mozilla/5.0 (Linux; Android 10; K) AppleWebKit/537.36 (KHTML, like Gecko) Chrome/141.0.0.0 Mobile Safari/537.36"
176.64.23.113 - - [20/Oct/2025:08:30:02 +0500] "GET / HTTP/1.0" 302 3621 "-" "Mozilla/5.0 (Linux; Android 10; K) AppleWebKit/537.36 (KHTML, like Gecko) Chrome/141.0.0.0 Mobile Safari/537.36"
176.64.23.113 - - [20/Oct/2025:08:30:02 +0500] "GET /login.php HTTP/1.0" 200 5073 "-" "Mozilla/5.0 (Linux; Android 10; K) AppleWebKit/537.36 (KHTML, like Gecko) Chrome/141.0.0.0 Mobile Safari/537.36"
176.64.18.26 - - [20/Oct/2025:08:31:00 +0500] "GET / HTTP/1.0" 302 3621 "-" "Mozilla/5.0 (iPhone; CPU iPhone OS 18_6_2 like Mac OS X) AppleWebKit/605.1.15 (KHTML, like Gecko) CriOS/138.0.7204.119 Mobile/15E148 Safari/604.1"
176.64.18.26 - - [20/Oct/2025:08:31:00 +0500] "GET /login.php HTTP/1.0" 200 5073 "-" "Mozilla/5.0 (iPhone; CPU iPhone OS 18_6_2 like Mac OS X) AppleWebKit/605.1.15 (KHTML, like Gecko) CriOS/138.0.7204.119 Mobile/15E148 Safari/604.1"
176.64.18.26 - - [20/Oct/2025:08:31:13 +0500] "POST /login.php HTTP/1.0" 302 3621 "https://nursultan0-0.site/login.php" "Mozilla/5.0 (iPhone; CPU iPhone OS 18_6_2 like Mac OS X) AppleWebKit/605.1.15 (KHTML, like Gecko) CriOS/138.0.7204.119 Mobile/15E148 Safari/604.1"
176.64.18.26 - - [20/Oct/2025:08:31:13 +0500] "GET /index.php HTTP/1.0" 200 5872 "https://nursultan0-0.site/login.php" "Mozilla/5.0 (iPhone; CPU iPhone OS 18_6_2 like Mac OS X) AppleWebKit/605.1.15 (KHTML, like Gecko) CriOS/138.0.7204.119 Mobile/15E148 Safari/604.1"
176.64.18.26 - - [20/Oct/2025:08:32:36 +0500] "POST /login.php HTTP/1.0" 302 3621 "https://nursultan0-0.site/login.php" "Mozilla/5.0 (Windows NT 10.0; Win64; x64) AppleWebKit/537.36 (KHTML, like Gecko) Chrome/141.0.0.0 Safari/537.36"
176.64.18.26 - - [20/Oct/2025:08:32:36 +0500] "GET /index.php HTTP/1.0" 200 5872 "https://nursultan0-0.site/login.php" "Mozilla/5.0 (Windows NT 10.0; Win64; x64) AppleWebKit/537.36 (KHTML, like Gecko) Chrome/141.0.0.0 Safari/537.36"
176.64.18.26 - - [20/Oct/2025:08:32:40 +0500] "GET /index.php HTTP/1.0" 200 5872 "https://nursultan0-0.site/index.php" "Mozilla/5.0 (Windows NT 10.0; Win64; x64) AppleWebKit/537.36 (KHTML, like Gecko) Chrome/141.0.0.0 Safari/537.36"
176.64.18.26 - - [20/Oct/2025:08:32:42 +0500] "GET /admin_panel.php HTTP/1.0" 200 32486 "https://nursultan0-0.site/index.php" "Mozilla/5.0 (Windows NT 10.0; Win64; x64) AppleWebKit/537.36 (KHTML, like Gecko) Chrome/141.0.0.0 Safari/537.36"
176.64.18.26 - - [20/Oct/2025:08:32:46 +0500] "POST /admin_panel.php HTTP/1.0" 200 32486 "https://nursultan0-0.site/admin_panel.php" "Mozilla/5.0 (Windows NT 10.0; Win64; x64) AppleWebKit/537.36 (KHTML, like Gecko) Chrome/141.0.0.0 Safari/537.36"
82.146.44.21 - - [20/Oct/2025:08:33:08 +0500] "GET /assets/style.css HTTP/1.0" 200 3555 "-" "Chrome/86.0.4240.198"
82.146.44.21 - - [20/Oct/2025:08:33:15 +0500] "GET /assets/script.js HTTP/1.0" 200 3569 "-" "Chrome/86.0.4240.198"
82.146.44.21 - - [20/Oct/2025:08:33:18 +0500] "GET /assets/style.css HTTP/1.0" 200 3555 "-" "Chrome/86.0.4240.198"
82.146.44.21 - - [20/Oct/2025:08:33:19 +0500] "GET /assets/script.js HTTP/1.0" 200 3569 "-" "Chrome/86.0.4240.198"
128.192.12.102 - - [20/Oct/2025:08:39:06 +0500] "GET / HTTP/1.0" 302 3689 "-" "Mozilla/5.0 (compatible; UGAResearchAgent/1.0; Please visit: NISLabUGA.github.io)"
176.64.18.26 - - [20/Oct/2025:08:42:25 +0500] "GET /login.php HTTP/1.0" 200 6149 "https://plesk.nls.kz:8443/" "Mozilla/5.0 (Windows NT 10.0; Win64; x64) AppleWebKit/537.36 (KHTML, like Gecko) Chrome/141.0.0.0 Safari/537.36"
176.64.18.26 - - [20/Oct/2025:08:42:27 +0500] "POST /login.php HTTP/1.0" 302 3651 "https://nursultan0-0.site/login.php" "Mozilla/5.0 (Windows NT 10.0; Win64; x64) AppleWebKit/537.36 (KHTML, like Gecko) Chrome/141.0.0.0 Safari/537.36"
176.64.18.26 - - [20/Oct/2025:08:42:27 +0500] "GET /index.php HTTP/1.0" 200 5873 "https://nursultan0-0.site/login.php" "Mozilla/5.0 (Windows NT 10.0; Win64; x64) AppleWebKit/537.36 (KHTML, like Gecko) Chrome/141.0.0.0 Safari/537.36"
176.64.18.26 - - [20/Oct/2025:08:42:31 +0500] "GET /index.php HTTP/1.0" 200 5873 "https://nursultan0-0.site/index.php" "Mozilla/5.0 (Windows NT 10.0; Win64; x64) AppleWebKit/537.36 (KHTML, like Gecko) Chrome/141.0.0.0 Safari/537.36"
176.64.18.26 - - [20/Oct/2025:08:42:33 +0500] "GET /index.php HTTP/1.0" 200 5873 "https://nursultan0-0.site/index.php" "Mozilla/5.0 (Windows NT 10.0; Win64; x64) AppleWebKit/537.36 (KHTML, like Gecko) Chrome/141.0.0.0 Safari/537.36"
176.64.18.26 - - [20/Oct/2025:08:42:35 +0500] "GET /grades.php HTTP/1.0" 200 12739 "https://nursultan0-0.site/index.php" "Mozilla/5.0 (Windows NT 10.0; Win64; x64) AppleWebKit/537.36 (KHTML, like Gecko) Chrome/141.0.0.0 Safari/537.36"
176.64.18.26 - - [20/Oct/2025:08:42:38 +0500] "GET /admin_panel.php HTTP/1.0" 200 32487 "https://nursultan0-0.site/grades.php" "Mozilla/5.0 (Windows NT 10.0; Win64; x64) AppleWebKit/537.36 (KHTML, like Gecko) Chrome/141.0.0.0 Safari/537.36"
176.64.18.26 - - [20/Oct/2025:08:42:43 +0500] "POST /admin_panel.php HTTP/1.0" 200 32487 "https://nursultan0-0.site/admin_panel.php" "Mozilla/5.0 (Windows NT 10.0; Win64; x64) AppleWebKit/537.36 (KHTML, like Gecko) Chrome/141.0.0.0 Safari/537.36"
176.64.18.26 - - [20/Oct/2025:08:42:52 +0500] "POST /admin_panel.php HTTP/1.0" 200 32487 "https://nursultan0-0.site/admin_panel.php" "Mozilla/5.0 (Windows NT 10.0; Win64; x64) AppleWebKit/537.36 (KHTML, like Gecko) Chrome/141.0.0.0 Safari/537.36"
176.64.18.26 - - [20/Oct/2025:08:42:56 +0500] "POST /admin_panel.php HTTP/1.0" 200 32487 "https://nursultan0-0.site/admin_panel.php" "Mozilla/5.0 (Windows NT 10.0; Win64; x64) AppleWebKit/537.36 (KHTML, like Gecko) Chrome/141.0.0.0 Safari/537.36"
176.64.18.26 - - [20/Oct/2025:08:43:03 +0500] "GET /index.php HTTP/1.0" 200 5873 "https://nursultan0-0.site/admin_panel.php" "Mozilla/5.0 (Windows NT 10.0; Win64; x64) AppleWebKit/537.36 (KHTML, like Gecko) Chrome/141.0.0.0 Safari/537.36"
176.64.18.26 - - [20/Oct/2025:08:43:04 +0500] "GET /grades.php HTTP/1.0" 200 12739 "https://nursultan0-0.site/index.php" "Mozilla/5.0 (Windows NT 10.0; Win64; x64) AppleWebKit/537.36 (KHTML, like Gecko) Chrome/141.0.0.0 Safari/537.36"
172.71.246.79 - - [20/Oct/2025:08:44:31 +0500] "GET /wp-admin/setup-config.php HTTP/1.0" 404 4406 "-" "Mozilla/5.0 (Windows NT 10.0; Win64; x64) AppleWebKit/537.36 (KHTML, like Gecko) Chrome/140.0.0.0 Safari/537.36"
176.64.18.26 - - [20/Oct/2025:08:45:03 +0500] "POST /admin_panel.php HTTP/1.0" 200 32487 "https://nursultan0-0.site/admin_panel.php" "Mozilla/5.0 (Windows NT 10.0; Win64; x64) AppleWebKit/537.36 (KHTML, like Gecko) Chrome/141.0.0.0 Safari/537.36"
176.64.18.26 - - [20/Oct/2025:08:45:06 +0500] "POST /admin_panel.php HTTP/1.0" 200 32487 "https://nursultan0-0.site/admin_panel.php" "Mozilla/5.0 (Windows NT 10.0; Win64; x64) AppleWebKit/537.36 (KHTML, like Gecko) Chrome/141.0.0.0 Safari/537.36"
176.64.18.26 - - [20/Oct/2025:08:45:08 +0500] "GET /index.php HTTP/1.0" 200 5873 "https://nursultan0-0.site/admin_panel.php" "Mozilla/5.0 (Windows NT 10.0; Win64; x64) AppleWebKit/537.36 (KHTML, like Gecko) Chrome/141.0.0.0 Safari/537.36"
176.64.18.26 - - [20/Oct/2025:08:45:10 +0500] "GET /index.php HTTP/1.0" 200 5873 "https://nursultan0-0.site/admin_panel.php" "Mozilla/5.0 (Windows NT 10.0; Win64; x64) AppleWebKit/537.36 (KHTML, like Gecko) Chrome/141.0.0.0 Safari/537.36"
176.64.18.26 - - [20/Oct/2025:08:45:11 +0500] "GET /index.php HTTP/1.0" 200 5873 "https://nursultan0-0.site/admin_panel.php" "Mozilla/5.0 (Windows NT 10.0; Win64; x64) AppleWebKit/537.36 (KHTML, like Gecko) Chrome/141.0.0.0 Safari/537.36"
