43.166.130.123 - - [19/Oct/2025:08:00:27 +0500] "GET / HTTP/1.0" 200 40959 "-" "Mozilla/5.0 (iPhone; CPU iPhone OS 13_2_3 like Mac OS X) AppleWebKit/605.1.15 (KHTML, like Gecko) Version/13.0.3 Mobile/15E148 Safari/604.1"
43.130.67.33 - - [19/Oct/2025:08:00:27 +0500] "GET / HTTP/1.0" 200 40959 "-" "Mozilla/5.0 (iPhone; CPU iPhone OS 13_2_3 like Mac OS X) AppleWebKit/605.1.15 (KHTML, like Gecko) Version/13.0.3 Mobile/15E148 Safari/604.1"
172.68.10.7 - - [19/Oct/2025:08:16:18 +0500] "GET /wordpress/wp-admin/setup-config.php HTTP/1.0" 404 1047 "-" "Mozilla/5.0 (Windows NT 10.0; Win64; x64) AppleWebKit/537.36 (KHTML, like Gecko) Chrome/140.0.0.0 Safari/537.36"
172.68.10.7 - - [19/Oct/2025:08:16:52 +0500] "GET /wp-admin/setup-config.php HTTP/1.0" 404 1047 "-" "Mozilla/5.0 (Windows NT 10.0; Win64; x64) AppleWebKit/537.36 (KHTML, like Gecko) Chrome/140.0.0.0 Safari/537.36"
172.68.195.146 - - [19/Oct/2025:08:37:39 +0500] "GET /wordpress/wp-admin/setup-config.php HTTP/1.0" 404 1047 "-" "Mozilla/5.0 (Windows NT 10.0; Win64; x64) AppleWebKit/537.36 (KHTML, like Gecko) Chrome/140.0.0.0 Safari/537.36"
172.71.184.58 - - [19/Oct/2025:08:39:24 +0500] "GET /wp-admin/setup-config.php HTTP/1.0" 404 1047 "-" "Mozilla/5.0 (Windows NT 10.0; Win64; x64) AppleWebKit/537.36 (KHTML, like Gecko) Chrome/140.0.0.0 Safari/537.36"
43.157.172.39 - - [19/Oct/2025:08:44:17 +0500] "GET / HTTP/1.0" 200 40959 "-" "Mozilla/5.0 (iPhone; CPU iPhone OS 13_2_3 like Mac OS X) AppleWebKit/605.1.15 (KHTML, like Gecko) Version/13.0.3 Mobile/15E148 Safari/604.1"
172.68.10.6 - - [19/Oct/2025:09:02:27 +0500] "GET /wp-admin/setup-config.php HTTP/1.0" 404 1047 "-" "Mozilla/5.0 (Windows NT 10.0; Win64; x64) AppleWebKit/537.36 (KHTML, like Gecko) Chrome/140.0.0.0 Safari/537.36"
172.70.243.115 - - [19/Oct/2025:09:02:47 +0500] "GET /wordpress/wp-admin/setup-config.php HTTP/1.0" 404 1047 "-" "Mozilla/5.0 (Windows NT 10.0; Win64; x64) AppleWebKit/537.36 (KHTML, like Gecko) Chrome/140.0.0.0 Safari/537.36"
162.158.86.228 - - [19/Oct/2025:09:24:20 +0500] "GET /wp-admin/setup-config.php HTTP/1.0" 404 1047 "-" "Mozilla/5.0 (Windows NT 10.0; Win64; x64) AppleWebKit/537.36 (KHTML, like Gecko) Chrome/140.0.0.0 Safari/537.36"
172.70.248.17 - - [19/Oct/2025:09:24:34 +0500] "GET /wordpress/wp-admin/setup-config.php HTTP/1.0" 404 1047 "-" "Mozilla/5.0 (Windows NT 10.0; Win64; x64) AppleWebKit/537.36 (KHTML, like Gecko) Chrome/140.0.0.0 Safari/537.36"
182.44.8.254 - - [19/Oct/2025:09:25:27 +0500] "GET / HTTP/1.0" 200 40959 "-" "Mozilla/5.0 (iPhone; CPU iPhone OS 13_2_3 like Mac OS X) AppleWebKit/605.1.15 (KHTML, like Gecko) Version/13.0.3 Mobile/15E148 Safari/604.1"
172.71.184.59 - - [19/Oct/2025:09:43:45 +0500] "GET /wordpress/wp-admin/setup-config.php HTTP/1.0" 404 1047 "-" "Mozilla/5.0 (Windows NT 10.0; Win64; x64) AppleWebKit/537.36 (KHTML, like Gecko) Chrome/140.0.0.0 Safari/537.36"
172.68.10.7 - - [19/Oct/2025:09:45:47 +0500] "GET /wp-admin/setup-config.php HTTP/1.0" 404 1047 "-" "Mozilla/5.0 (Windows NT 10.0; Win64; x64) AppleWebKit/537.36 (KHTML, like Gecko) Chrome/140.0.0.0 Safari/537.36"
172.70.250.169 - - [19/Oct/2025:10:07:57 +0500] "GET /wp-admin/setup-config.php HTTP/1.0" 404 1047 "-" "Mozilla/5.0 (Windows NT 10.0; Win64; x64) AppleWebKit/537.36 (KHTML, like Gecko) Chrome/140.0.0.0 Safari/537.36"
172.71.184.59 - - [19/Oct/2025:10:08:31 +0500] "GET /wordpress/wp-admin/setup-config.php HTTP/1.0" 404 1047 "-" "Mozilla/5.0 (Windows NT 10.0; Win64; x64) AppleWebKit/537.36 (KHTML, like Gecko) Chrome/140.0.0.0 Safari/537.36"
172.71.184.58 - - [19/Oct/2025:10:28:52 +0500] "GET /wp-admin/setup-config.php HTTP/1.0" 404 1047 "-" "Mozilla/5.0 (Windows NT 10.0; Win64; x64) AppleWebKit/537.36 (KHTML, like Gecko) Chrome/140.0.0.0 Safari/537.36"
172.69.150.228 - - [19/Oct/2025:10:30:31 +0500] "GET /wordpress/wp-admin/setup-config.php HTTP/1.0" 404 1047 "-" "Mozilla/5.0 (Windows NT 10.0; Win64; x64) AppleWebKit/537.36 (KHTML, like Gecko) Chrome/140.0.0.0 Safari/537.36"
172.71.172.29 - - [19/Oct/2025:10:52:32 +0500] "GET /wordpress/wp-admin/setup-config.php HTTP/1.0" 404 1047 "-" "Mozilla/5.0 (Windows NT 10.0; Win64; x64) AppleWebKit/537.36 (KHTML, like Gecko) Chrome/140.0.0.0 Safari/537.36"
172.68.10.6 - - [19/Oct/2025:10:53:03 +0500] "GET /wp-admin/setup-config.php HTTP/1.0" 404 1047 "-" "Mozilla/5.0 (Windows NT 10.0; Win64; x64) AppleWebKit/537.36 (KHTML, like Gecko) Chrome/140.0.0.0 Safari/537.36"
172.71.246.79 - - [19/Oct/2025:11:14:28 +0500] "GET /wordpress/wp-admin/setup-config.php HTTP/1.0" 404 1047 "-" "Mozilla/5.0 (Windows NT 10.0; Win64; x64) AppleWebKit/537.36 (KHTML, like Gecko) Chrome/140.0.0.0 Safari/537.36"
172.71.144.165 - - [19/Oct/2025:11:15:23 +0500] "GET /wp-admin/setup-config.php HTTP/1.0" 404 1047 "-" "Mozilla/5.0 (Windows NT 10.0; Win64; x64) AppleWebKit/537.36 (KHTML, like Gecko) Chrome/140.0.0.0 Safari/537.36"
45.90.62.197 - - [19/Oct/2025:11:34:40 +0500] "GET / HTTP/1.0" 200 40959 "-" "Mozilla/5.0 (Windows NT 10.0; Win64; x64) AppleWebKit/537.36 (KHTML, like Gecko) Chrome/94.0.4606.61 Safari/537.36"
49.51.183.220 - - [19/Oct/2025:11:36:08 +0500] "GET / HTTP/1.0" 200 40959 "-" "Mozilla/5.0 (iPhone; CPU iPhone OS 13_2_3 like Mac OS X) AppleWebKit/605.1.15 (KHTML, like Gecko) Version/13.0.3 Mobile/15E148 Safari/604.1"
172.71.184.59 - - [19/Oct/2025:11:37:51 +0500] "GET /wp-admin/setup-config.php HTTP/1.0" 404 1047 "-" "Mozilla/5.0 (Windows NT 10.0; Win64; x64) AppleWebKit/537.36 (KHTML, like Gecko) Chrome/140.0.0.0 Safari/537.36"
172.70.250.234 - - [19/Oct/2025:11:39:15 +0500] "GET /wordpress/wp-admin/setup-config.php HTTP/1.0" 404 1047 "-" "Mozilla/5.0 (Windows NT 10.0; Win64; x64) AppleWebKit/537.36 (KHTML, like Gecko) Chrome/140.0.0.0 Safari/537.36"
174.138.77.26 - - [19/Oct/2025:11:58:03 +0500] "GET / HTTP/1.0" 200 40959 "-" "Mozilla/5.0 (Windows NT 10.0; Win64; x64) AppleWebKit/537.36 (KHTML, like Gecko) Chrome/80.0.3987.149 Safari/537.36"
174.138.77.26 - - [19/Oct/2025:11:58:04 +0500] "GET / HTTP/1.0" 200 40959 "-" "Mozilla/5.0 (Windows NT 10.0; Win64; x64) AppleWebKit/537.36 (KHTML, like Gecko) Chrome/80.0.3987.149 Safari/537.36"
174.138.77.26 - - [19/Oct/2025:11:58:04 +0500] "GET /wp-includes/wlwmanifest.xml HTTP/1.0" 404 1047 "-" "Mozilla/5.0 (Windows NT 10.0; Win64; x64) AppleWebKit/537.36 (KHTML, like Gecko) Chrome/80.0.3987.149 Safari/537.36"
174.138.77.26 - - [19/Oct/2025:11:58:04 +0500] "GET /xmlrpc.php?rsd HTTP/1.0" 404 180 "-" "Mozilla/5.0 (Windows NT 10.0; Win64; x64) AppleWebKit/537.36 (KHTML, like Gecko) Chrome/80.0.3987.149 Safari/537.36"
174.138.77.26 - - [19/Oct/2025:11:58:04 +0500] "GET / HTTP/1.0" 200 40959 "-" "Mozilla/5.0 (Windows NT 10.0; Win64; x64) AppleWebKit/537.36 (KHTML, like Gecko) Chrome/80.0.3987.149 Safari/537.36"
174.138.77.26 - - [19/Oct/2025:11:58:04 +0500] "GET /blog/wp-includes/wlwmanifest.xml HTTP/1.0" 404 1047 "-" "Mozilla/5.0 (Windows NT 10.0; Win64; x64) AppleWebKit/537.36 (KHTML, like Gecko) Chrome/80.0.3987.149 Safari/537.36"
174.138.77.26 - - [19/Oct/2025:11:58:05 +0500] "GET /web/wp-includes/wlwmanifest.xml HTTP/1.0" 404 1047 "-" "Mozilla/5.0 (Windows NT 10.0; Win64; x64) AppleWebKit/537.36 (KHTML, like Gecko) Chrome/80.0.3987.149 Safari/537.36"
174.138.77.26 - - [19/Oct/2025:11:58:05 +0500] "GET /wordpress/wp-includes/wlwmanifest.xml HTTP/1.0" 404 1047 "-" "Mozilla/5.0 (Windows NT 10.0; Win64; x64) AppleWebKit/537.36 (KHTML, like Gecko) Chrome/80.0.3987.149 Safari/537.36"
174.138.77.26 - - [19/Oct/2025:11:58:05 +0500] "GET /website/wp-includes/wlwmanifest.xml HTTP/1.0" 404 1047 "-" "Mozilla/5.0 (Windows NT 10.0; Win64; x64) AppleWebKit/537.36 (KHTML, like Gecko) Chrome/80.0.3987.149 Safari/537.36"
174.138.77.26 - - [19/Oct/2025:11:58:05 +0500] "GET /wp/wp-includes/wlwmanifest.xml HTTP/1.0" 404 1047 "-" "Mozilla/5.0 (Windows NT 10.0; Win64; x64) AppleWebKit/537.36 (KHTML, like Gecko) Chrome/80.0.3987.149 Safari/537.36"
174.138.77.26 - - [19/Oct/2025:11:58:05 +0500] "GET /news/wp-includes/wlwmanifest.xml HTTP/1.0" 404 1047 "-" "Mozilla/5.0 (Windows NT 10.0; Win64; x64) AppleWebKit/537.36 (KHTML, like Gecko) Chrome/80.0.3987.149 Safari/537.36"
174.138.77.26 - - [19/Oct/2025:11:58:06 +0500] "GET /2018/wp-includes/wlwmanifest.xml HTTP/1.0" 404 1047 "-" "Mozilla/5.0 (Windows NT 10.0; Win64; x64) AppleWebKit/537.36 (KHTML, like Gecko) Chrome/80.0.3987.149 Safari/537.36"
174.138.77.26 - - [19/Oct/2025:11:58:06 +0500] "GET /2019/wp-includes/wlwmanifest.xml HTTP/1.0" 404 1047 "-" "Mozilla/5.0 (Windows NT 10.0; Win64; x64) AppleWebKit/537.36 (KHTML, like Gecko) Chrome/80.0.3987.149 Safari/537.36"
174.138.77.26 - - [19/Oct/2025:11:58:06 +0500] "GET /shop/wp-includes/wlwmanifest.xml HTTP/1.0" 404 1047 "-" "Mozilla/5.0 (Windows NT 10.0; Win64; x64) AppleWebKit/537.36 (KHTML, like Gecko) Chrome/80.0.3987.149 Safari/537.36"
174.138.77.26 - - [19/Oct/2025:11:58:06 +0500] "GET /wp1/wp-includes/wlwmanifest.xml HTTP/1.0" 404 1047 "-" "Mozilla/5.0 (Windows NT 10.0; Win64; x64) AppleWebKit/537.36 (KHTML, like Gecko) Chrome/80.0.3987.149 Safari/537.36"
174.138.77.26 - - [19/Oct/2025:11:58:06 +0500] "GET /test/wp-includes/wlwmanifest.xml HTTP/1.0" 404 1047 "-" "Mozilla/5.0 (Windows NT 10.0; Win64; x64) AppleWebKit/537.36 (KHTML, like Gecko) Chrome/80.0.3987.149 Safari/537.36"
174.138.77.26 - - [19/Oct/2025:11:58:07 +0500] "GET /media/wp-includes/wlwmanifest.xml HTTP/1.0" 404 1047 "-" "Mozilla/5.0 (Windows NT 10.0; Win64; x64) AppleWebKit/537.36 (KHTML, like Gecko) Chrome/80.0.3987.149 Safari/537.36"
174.138.77.26 - - [19/Oct/2025:11:58:07 +0500] "GET /wp2/wp-includes/wlwmanifest.xml HTTP/1.0" 404 1047 "-" "Mozilla/5.0 (Windows NT 10.0; Win64; x64) AppleWebKit/537.36 (KHTML, like Gecko) Chrome/80.0.3987.149 Safari/537.36"
174.138.77.26 - - [19/Oct/2025:11:58:07 +0500] "GET /site/wp-includes/wlwmanifest.xml HTTP/1.0" 404 1047 "-" "Mozilla/5.0 (Windows NT 10.0; Win64; x64) AppleWebKit/537.36 (KHTML, like Gecko) Chrome/80.0.3987.149 Safari/537.36"
174.138.77.26 - - [19/Oct/2025:11:58:07 +0500] "GET /cms/wp-includes/wlwmanifest.xml HTTP/1.0" 404 1047 "-" "Mozilla/5.0 (Windows NT 10.0; Win64; x64) AppleWebKit/537.36 (KHTML, like Gecko) Chrome/80.0.3987.149 Safari/537.36"
174.138.77.26 - - [19/Oct/2025:11:58:07 +0500] "GET /sito/wp-includes/wlwmanifest.xml HTTP/1.0" 404 1047 "-" "Mozilla/5.0 (Windows NT 10.0; Win64; x64) AppleWebKit/537.36 (KHTML, like Gecko) Chrome/80.0.3987.149 Safari/537.36"
172.68.10.6 - - [19/Oct/2025:12:00:43 +0500] "GET /wordpress/wp-admin/setup-config.php HTTP/1.0" 404 1047 "-" "Mozilla/5.0 (Windows NT 10.0; Win64; x64) AppleWebKit/537.36 (KHTML, like Gecko) Chrome/140.0.0.0 Safari/537.36"
104.23.221.28 - - [19/Oct/2025:12:01:51 +0500] "GET /wp-admin/setup-config.php HTTP/1.0" 404 1047 "-" "Mozilla/5.0 (Windows NT 10.0; Win64; x64) AppleWebKit/537.36 (KHTML, like Gecko) Chrome/140.0.0.0 Safari/537.36"
172.68.183.48 - - [19/Oct/2025:12:23:06 +0500] "GET /wordpress/wp-admin/setup-config.php HTTP/1.0" 404 1047 "-" "Mozilla/5.0 (Windows NT 10.0; Win64; x64) AppleWebKit/537.36 (KHTML, like Gecko) Chrome/140.0.0.0 Safari/537.36"
172.68.183.48 - - [19/Oct/2025:12:24:16 +0500] "GET /wp-admin/setup-config.php HTTP/1.0" 404 1047 "-" "Mozilla/5.0 (Windows NT 10.0; Win64; x64) AppleWebKit/537.36 (KHTML, like Gecko) Chrome/140.0.0.0 Safari/537.36"
195.7.13.240 - - [19/Oct/2025:12:31:34 +0500] "GET / HTTP/1.0" 200 40959 "-" "Mozilla/5.0 (Windows NT 10.0; Win64; x64) AppleWebKit/537.36 (KHTML, like Gecko) Chrome/141.0.0.0 Safari/537.36"
195.7.13.240 - - [19/Oct/2025:12:31:34 +0500] "GET / HTTP/1.0" 200 40959 "-" "Mozilla/5.0 (Windows NT 10.0; Win64; x64) AppleWebKit/537.36 (KHTML, like Gecko) Chrome/141.0.0.0 Safari/537.36"
195.7.13.240 - - [19/Oct/2025:12:32:30 +0500] "GET / HTTP/1.0" 200 40959 "-" "Mozilla/5.0 (Windows NT 10.0; Win64; x64) AppleWebKit/537.36 (KHTML, like Gecko) Chrome/141.0.0.0 Safari/537.36"
104.23.221.28 - - [19/Oct/2025:12:43:03 +0500] "GET /wordpress/wp-admin/setup-config.php HTTP/1.0" 404 1047 "-" "Mozilla/5.0 (Windows NT 10.0; Win64; x64) AppleWebKit/537.36 (KHTML, like Gecko) Chrome/140.0.0.0 Safari/537.36"
104.23.221.29 - - [19/Oct/2025:12:44:55 +0500] "GET /wp-admin/setup-config.php HTTP/1.0" 404 1047 "-" "Mozilla/5.0 (Windows NT 10.0; Win64; x64) AppleWebKit/537.36 (KHTML, like Gecko) Chrome/140.0.0.0 Safari/537.36"
172.71.184.59 - - [19/Oct/2025:12:57:54 +0500] "GET /wp-admin/setup-config.php HTTP/1.0" 404 1047 "-" "Mozilla/5.0 (Windows NT 10.0; Win64; x64) AppleWebKit/537.36 (KHTML, like Gecko) Chrome/140.0.0.0 Safari/537.36"
104.23.223.124 - - [19/Oct/2025:12:58:18 +0500] "GET /wordpress/wp-admin/setup-config.php HTTP/1.0" 404 1047 "-" "Mozilla/5.0 (Windows NT 10.0; Win64; x64) AppleWebKit/537.36 (KHTML, like Gecko) Chrome/140.0.0.0 Safari/537.36"
104.23.223.125 - - [19/Oct/2025:13:23:23 +0500] "GET /wordpress/wp-admin/setup-config.php HTTP/1.0" 404 1047 "-" "Mozilla/5.0 (Windows NT 10.0; Win64; x64) AppleWebKit/537.36 (KHTML, like Gecko) Chrome/140.0.0.0 Safari/537.36"
172.71.184.59 - - [19/Oct/2025:13:23:27 +0500] "GET /wp-admin/setup-config.php HTTP/1.0" 404 1047 "-" "Mozilla/5.0 (Windows NT 10.0; Win64; x64) AppleWebKit/537.36 (KHTML, like Gecko) Chrome/140.0.0.0 Safari/537.36"
162.158.111.111 - - [19/Oct/2025:13:41:09 +0500] "GET /wordpress/wp-admin/setup-config.php HTTP/1.0" 404 1047 "-" "Mozilla/5.0 (Windows NT 10.0; Win64; x64) AppleWebKit/537.36 (KHTML, like Gecko) Chrome/140.0.0.0 Safari/537.36"
172.71.164.51 - - [19/Oct/2025:13:45:12 +0500] "GET /wp-admin/setup-config.php HTTP/1.0" 404 1047 "-" "Mozilla/5.0 (Windows NT 10.0; Win64; x64) AppleWebKit/537.36 (KHTML, like Gecko) Chrome/140.0.0.0 Safari/537.36"
162.158.86.229 - - [19/Oct/2025:13:45:31 +0500] "GET /wp-admin/setup-config.php HTTP/1.0" 404 1047 "-" "Mozilla/5.0 (Windows NT 10.0; Win64; x64) AppleWebKit/537.36 (KHTML, like Gecko) Chrome/140.0.0.0 Safari/537.36"
162.62.213.187 - - [19/Oct/2025:13:55:45 +0500] "GET / HTTP/1.0" 200 40959 "-" "Mozilla/5.0 (iPhone; CPU iPhone OS 13_2_3 like Mac OS X) AppleWebKit/605.1.15 (KHTML, like Gecko) Version/13.0.3 Mobile/15E148 Safari/604.1"
104.23.221.28 - - [19/Oct/2025:14:01:22 +0500] "GET /wordpress/wp-admin/setup-config.php HTTP/1.0" 404 1047 "-" "Mozilla/5.0 (Windows NT 10.0; Win64; x64) AppleWebKit/537.36 (KHTML, like Gecko) Chrome/140.0.0.0 Safari/537.36"
172.68.183.48 - - [19/Oct/2025:14:04:32 +0500] "GET /wp-admin/setup-config.php HTTP/1.0" 404 1047 "-" "Mozilla/5.0 (Windows NT 10.0; Win64; x64) AppleWebKit/537.36 (KHTML, like Gecko) Chrome/140.0.0.0 Safari/537.36"
104.23.223.125 - - [19/Oct/2025:14:23:38 +0500] "GET /wordpress/wp-admin/setup-config.php HTTP/1.0" 404 1047 "-" "Mozilla/5.0 (Windows NT 10.0; Win64; x64) AppleWebKit/537.36 (KHTML, like Gecko) Chrome/140.0.0.0 Safari/537.36"
104.23.221.28 - - [19/Oct/2025:14:23:47 +0500] "GET /wp-admin/setup-config.php HTTP/1.0" 404 1047 "-" "Mozilla/5.0 (Windows NT 10.0; Win64; x64) AppleWebKit/537.36 (KHTML, like Gecko) Chrome/140.0.0.0 Safari/537.36"
172.68.195.146 - - [19/Oct/2025:14:44:41 +0500] "GET /wp-admin/setup-config.php HTTP/1.0" 404 1047 "-" "Mozilla/5.0 (Windows NT 10.0; Win64; x64) AppleWebKit/537.36 (KHTML, like Gecko) Chrome/140.0.0.0 Safari/537.36"
104.23.221.29 - - [19/Oct/2025:14:47:32 +0500] "GET /wordpress/wp-admin/setup-config.php HTTP/1.0" 404 1047 "-" "Mozilla/5.0 (Windows NT 10.0; Win64; x64) AppleWebKit/537.36 (KHTML, like Gecko) Chrome/140.0.0.0 Safari/537.36"
170.168.96.50 - - [19/Oct/2025:14:58:47 +0500] "GET / HTTP/1.0" 200 40959 "-" "Mozilla/5.0 (Windows NT 10.0; Win64; x64) AppleWebKit/537.36 (KHTML, like Gecko) Chrome/136.0.0.0 Safari/537.36"
83.97.117.201 - - [19/Oct/2025:14:59:04 +0500] "GET / HTTP/1.0" 200 40959 "-" "Mozilla/5.0 (Windows NT 10.0; Win64; x64) AppleWebKit/537.36 (KHTML, like Gecko) Chrome/136.0.0.0 Safari/537.36"
104.23.221.28 - - [19/Oct/2025:15:08:13 +0500] "GET /wordpress/wp-admin/setup-config.php HTTP/1.0" 404 1047 "-" "Mozilla/5.0 (Windows NT 10.0; Win64; x64) AppleWebKit/537.36 (KHTML, like Gecko) Chrome/140.0.0.0 Safari/537.36"
104.23.221.28 - - [19/Oct/2025:15:10:36 +0500] "GET /wp-admin/setup-config.php HTTP/1.0" 404 1047 "-" "Mozilla/5.0 (Windows NT 10.0; Win64; x64) AppleWebKit/537.36 (KHTML, like Gecko) Chrome/140.0.0.0 Safari/537.36"
195.7.13.240 - - [19/Oct/2025:15:27:06 +0500] "GET / HTTP/1.0" 200 6168 "-" "Mozilla/5.0 (Windows NT 10.0; Win64; x64) AppleWebKit/537.36 (KHTML, like Gecko) Chrome/141.0.0.0 Safari/537.36"
195.7.13.240 - - [19/Oct/2025:15:27:06 +0500] "GET /favicon.ico HTTP/1.0" 404 1047 "http://nursultan0-0.site/" "Mozilla/5.0 (Windows NT 10.0; Win64; x64) AppleWebKit/537.36 (KHTML, like Gecko) Chrome/141.0.0.0 Safari/537.36"
195.7.13.240 - - [19/Oct/2025:15:27:30 +0500] "POST /add_grade.php HTTP/1.0" 302 181 "http://nursultan0-0.site/" "Mozilla/5.0 (Windows NT 10.0; Win64; x64) AppleWebKit/537.36 (KHTML, like Gecko) Chrome/141.0.0.0 Safari/537.36"
195.7.13.240 - - [19/Oct/2025:15:27:30 +0500] "GET /index.php HTTP/1.0" 200 6918 "http://nursultan0-0.site/" "Mozilla/5.0 (Windows NT 10.0; Win64; x64) AppleWebKit/537.36 (KHTML, like Gecko) Chrome/141.0.0.0 Safari/537.36"
195.7.13.240 - - [19/Oct/2025:15:27:39 +0500] "GET /index.php HTTP/1.0" 200 6918 "http://nursultan0-0.site/" "Mozilla/5.0 (Windows NT 10.0; Win64; x64) AppleWebKit/537.36 (KHTML, like Gecko) Chrome/141.0.0.0 Safari/537.36"
195.7.13.240 - - [19/Oct/2025:15:27:54 +0500] "GET / HTTP/1.0" 200 6918 "https://www.google.com/" "Mozilla/5.0 (Windows NT 10.0; Win64; x64) AppleWebKit/537.36 (KHTML, like Gecko) Chrome/141.0.0.0 Safari/537.36"
172.71.144.164 - - [19/Oct/2025:15:37:16 +0500] "GET /wordpress/wp-admin/setup-config.php HTTP/1.0" 404 1047 "-" "Mozilla/5.0 (Windows NT 10.0; Win64; x64) AppleWebKit/537.36 (KHTML, like Gecko) Chrome/140.0.0.0 Safari/537.36"
104.23.221.28 - - [19/Oct/2025:15:38:01 +0500] "GET /wp-admin/setup-config.php HTTP/1.0" 404 1047 "-" "Mozilla/5.0 (Windows NT 10.0; Win64; x64) AppleWebKit/537.36 (KHTML, like Gecko) Chrome/140.0.0.0 Safari/537.36"
140.228.21.27 - - [19/Oct/2025:15:51:44 +0500] "GET / HTTP/1.0" 200 6918 "-" "Mozilla/5.0 (X11; Linux x86_64) AppleWebKit/537.36 (KHTML, like Gecko) HeadlessChrome/89.0.4389.90 Safari/537.36"
172.70.240.205 - - [19/Oct/2025:15:55:10 +0500] "GET /wp-admin/setup-config.php HTTP/1.0" 404 1047 "-" "Mozilla/5.0 (Windows NT 10.0; Win64; x64) AppleWebKit/537.36 (KHTML, like Gecko) Chrome/140.0.0.0 Safari/537.36"
104.23.223.124 - - [19/Oct/2025:15:56:42 +0500] "GET /wordpress/wp-admin/setup-config.php HTTP/1.0" 404 1047 "-" "Mozilla/5.0 (Windows NT 10.0; Win64; x64) AppleWebKit/537.36 (KHTML, like Gecko) Chrome/140.0.0.0 Safari/537.36"
104.23.221.29 - - [19/Oct/2025:16:18:53 +0500] "GET /wp-admin/setup-config.php HTTP/1.0" 404 1047 "-" "Mozilla/5.0 (Windows NT 10.0; Win64; x64) AppleWebKit/537.36 (KHTML, like Gecko) Chrome/140.0.0.0 Safari/537.36"
104.23.221.29 - - [19/Oct/2025:16:19:16 +0500] "GET /wordpress/wp-admin/setup-config.php HTTP/1.0" 404 1047 "-" "Mozilla/5.0 (Windows NT 10.0; Win64; x64) AppleWebKit/537.36 (KHTML, like Gecko) Chrome/140.0.0.0 Safari/537.36"
43.135.135.57 - - [19/Oct/2025:16:31:06 +0500] "GET / HTTP/1.0" 200 6918 "-" "Mozilla/5.0 (iPhone; CPU iPhone OS 13_2_3 like Mac OS X) AppleWebKit/605.1.15 (KHTML, like Gecko) Version/13.0.3 Mobile/15E148 Safari/604.1"
172.68.183.48 - - [19/Oct/2025:16:36:33 +0500] "GET /wordpress/wp-admin/setup-config.php HTTP/1.0" 404 1047 "-" "Mozilla/5.0 (Windows NT 10.0; Win64; x64) AppleWebKit/537.36 (KHTML, like Gecko) Chrome/140.0.0.0 Safari/537.36"
104.23.223.124 - - [19/Oct/2025:16:38:27 +0500] "GET /wp-admin/setup-config.php HTTP/1.0" 404 1047 "-" "Mozilla/5.0 (Windows NT 10.0; Win64; x64) AppleWebKit/537.36 (KHTML, like Gecko) Chrome/140.0.0.0 Safari/537.36"
180.149.228.164 - - [19/Oct/2025:16:44:44 +0500] "GET / HTTP/1.0" 200 6918 "-" "Mozilla/5.0 (Windows NT 10.0; Win64; x64) AppleWebKit/537.36 (KHTML, like Gecko) Chrome/95.0.4638.69 Safari/537.36"
180.149.228.164 - - [19/Oct/2025:16:44:50 +0500] "GET /wp-includes/ID3/license.txt HTTP/1.0" 404 1047 "-" "Mozilla/5.0 (Windows NT 10.0; Win64; x64) AppleWebKit/537.36 (KHTML, like Gecko) Chrome/95.0.4638.69 Safari/537.36"
180.149.228.164 - - [19/Oct/2025:16:44:53 +0500] "GET /feed/ HTTP/1.0" 404 1047 "-" "Mozilla/5.0 (Windows NT 10.0; Win64; x64) AppleWebKit/537.36 (KHTML, like Gecko) Chrome/95.0.4638.69 Safari/537.36"
180.149.228.164 - - [19/Oct/2025:16:44:56 +0500] "GET /xmlrpc.php?rsd HTTP/1.0" 404 180 "-" "Mozilla/5.0 (Windows NT 10.0; Win64; x64) AppleWebKit/537.36 (KHTML, like Gecko) Chrome/95.0.4638.69 Safari/537.36"
180.149.228.164 - - [19/Oct/2025:16:44:58 +0500] "GET /blog/wp-includes/wlwmanifest.xml HTTP/1.0" 404 1047 "-" "Mozilla/5.0 (Windows NT 10.0; Win64; x64) AppleWebKit/537.36 (KHTML, like Gecko) Chrome/95.0.4638.69 Safari/537.36"
180.149.228.164 - - [19/Oct/2025:16:45:01 +0500] "GET /web/wp-includes/wlwmanifest.xml HTTP/1.0" 404 1047 "-" "Mozilla/5.0 (Windows NT 10.0; Win64; x64) AppleWebKit/537.36 (KHTML, like Gecko) Chrome/95.0.4638.69 Safari/537.36"
180.149.228.164 - - [19/Oct/2025:16:45:04 +0500] "GET /wordpress/wp-includes/wlwmanifest.xml HTTP/1.0" 404 1047 "-" "Mozilla/5.0 (Windows NT 10.0; Win64; x64) AppleWebKit/537.36 (KHTML, like Gecko) Chrome/95.0.4638.69 Safari/537.36"
180.149.228.164 - - [19/Oct/2025:16:45:07 +0500] "GET /wp/wp-includes/wlwmanifest.xml HTTP/1.0" 404 1047 "-" "Mozilla/5.0 (Windows NT 10.0; Win64; x64) AppleWebKit/537.36 (KHTML, like Gecko) Chrome/95.0.4638.69 Safari/537.36"
180.149.228.164 - - [19/Oct/2025:16:45:09 +0500] "GET /2020/wp-includes/wlwmanifest.xml HTTP/1.0" 404 1047 "-" "Mozilla/5.0 (Windows NT 10.0; Win64; x64) AppleWebKit/537.36 (KHTML, like Gecko) Chrome/95.0.4638.69 Safari/537.36"
180.149.228.164 - - [19/Oct/2025:16:45:12 +0500] "GET /2019/wp-includes/wlwmanifest.xml HTTP/1.0" 404 1047 "-" "Mozilla/5.0 (Windows NT 10.0; Win64; x64) AppleWebKit/537.36 (KHTML, like Gecko) Chrome/95.0.4638.69 Safari/537.36"
180.149.228.164 - - [19/Oct/2025:16:45:16 +0500] "GET /2021/wp-includes/wlwmanifest.xml HTTP/1.0" 404 1047 "-" "Mozilla/5.0 (Windows NT 10.0; Win64; x64) AppleWebKit/537.36 (KHTML, like Gecko) Chrome/95.0.4638.69 Safari/537.36"
180.149.228.164 - - [19/Oct/2025:16:45:19 +0500] "GET /shop/wp-includes/wlwmanifest.xml HTTP/1.0" 404 1047 "-" "Mozilla/5.0 (Windows NT 10.0; Win64; x64) AppleWebKit/537.36 (KHTML, like Gecko) Chrome/95.0.4638.69 Safari/537.36"
180.149.228.164 - - [19/Oct/2025:16:45:23 +0500] "GET /wp1/wp-includes/wlwmanifest.xml HTTP/1.0" 404 1047 "-" "Mozilla/5.0 (Windows NT 10.0; Win64; x64) AppleWebKit/537.36 (KHTML, like Gecko) Chrome/95.0.4638.69 Safari/537.36"
180.149.228.164 - - [19/Oct/2025:16:45:26 +0500] "GET /test/wp-includes/wlwmanifest.xml HTTP/1.0" 404 1047 "-" "Mozilla/5.0 (Windows NT 10.0; Win64; x64) AppleWebKit/537.36 (KHTML, like Gecko) Chrome/95.0.4638.69 Safari/537.36"
180.149.228.164 - - [19/Oct/2025:16:45:29 +0500] "GET /site/wp-includes/wlwmanifest.xml HTTP/1.0" 404 1047 "-" "Mozilla/5.0 (Windows NT 10.0; Win64; x64) AppleWebKit/537.36 (KHTML, like Gecko) Chrome/95.0.4638.69 Safari/537.36"
180.149.228.164 - - [19/Oct/2025:16:45:34 +0500] "GET /cms/wp-includes/wlwmanifest.xml HTTP/1.0" 404 1047 "-" "Mozilla/5.0 (Windows NT 10.0; Win64; x64) AppleWebKit/537.36 (KHTML, like Gecko) Chrome/95.0.4638.69 Safari/537.36"
104.23.223.125 - - [19/Oct/2025:16:58:36 +0500] "GET /wordpress/wp-admin/setup-config.php HTTP/1.0" 404 1047 "-" "Mozilla/5.0 (Windows NT 10.0; Win64; x64) AppleWebKit/537.36 (KHTML, like Gecko) Chrome/140.0.0.0 Safari/537.36"
103.198.133.12 - - [19/Oct/2025:17:01:20 +0500] "GET /wp-login.php HTTP/1.0" 404 180 "-" "Mozilla/5.0"
104.23.223.125 - - [19/Oct/2025:17:02:30 +0500] "GET /wp-admin/setup-config.php HTTP/1.0" 404 1047 "-" "Mozilla/5.0 (Windows NT 10.0; Win64; x64) AppleWebKit/537.36 (KHTML, like Gecko) Chrome/140.0.0.0 Safari/537.36"
43.166.244.192 - - [19/Oct/2025:17:03:56 +0500] "GET / HTTP/1.0" 200 6918 "-" "Mozilla/5.0 (iPhone; CPU iPhone OS 13_2_3 like Mac OS X) AppleWebKit/605.1.15 (KHTML, like Gecko) Version/13.0.3 Mobile/15E148 Safari/604.1"
104.23.221.29 - - [19/Oct/2025:17:18:06 +0500] "GET /wordpress/wp-admin/setup-config.php HTTP/1.0" 404 1047 "-" "Mozilla/5.0 (Windows NT 10.0; Win64; x64) AppleWebKit/537.36 (KHTML, like Gecko) Chrome/140.0.0.0 Safari/537.36"
104.23.221.29 - - [19/Oct/2025:17:22:19 +0500] "GET /wp-admin/setup-config.php HTTP/1.0" 404 1047 "-" "Mozilla/5.0 (Windows NT 10.0; Win64; x64) AppleWebKit/537.36 (KHTML, like Gecko) Chrome/140.0.0.0 Safari/537.36"
104.23.221.28 - - [19/Oct/2025:17:40:41 +0500] "GET /wp-admin/setup-config.php HTTP/1.0" 404 1047 "-" "Mozilla/5.0 (Windows NT 10.0; Win64; x64) AppleWebKit/537.36 (KHTML, like Gecko) Chrome/140.0.0.0 Safari/537.36"
104.23.221.28 - - [19/Oct/2025:17:42:05 +0500] "GET /wordpress/wp-admin/setup-config.php HTTP/1.0" 404 1047 "-" "Mozilla/5.0 (Windows NT 10.0; Win64; x64) AppleWebKit/537.36 (KHTML, like Gecko) Chrome/140.0.0.0 Safari/537.36"
104.23.221.28 - - [19/Oct/2025:18:05:11 +0500] "GET /wp-admin/setup-config.php HTTP/1.0" 404 1047 "-" "Mozilla/5.0 (Windows NT 10.0; Win64; x64) AppleWebKit/537.36 (KHTML, like Gecko) Chrome/140.0.0.0 Safari/537.36"
172.70.240.205 - - [19/Oct/2025:18:07:08 +0500] "GET /wordpress/wp-admin/setup-config.php HTTP/1.0" 404 1047 "-" "Mozilla/5.0 (Windows NT 10.0; Win64; x64) AppleWebKit/537.36 (KHTML, like Gecko) Chrome/140.0.0.0 Safari/537.36"
104.23.223.124 - - [19/Oct/2025:18:25:42 +0500] "GET /wp-admin/setup-config.php HTTP/1.0" 404 1047 "-" "Mozilla/5.0 (Windows NT 10.0; Win64; x64) AppleWebKit/537.36 (KHTML, like Gecko) Chrome/140.0.0.0 Safari/537.36"
104.23.221.29 - - [19/Oct/2025:18:27:55 +0500] "GET /wordpress/wp-admin/setup-config.php HTTP/1.0" 404 1047 "-" "Mozilla/5.0 (Windows NT 10.0; Win64; x64) AppleWebKit/537.36 (KHTML, like Gecko) Chrome/140.0.0.0 Safari/537.36"
43.156.168.214 - - [19/Oct/2025:18:30:12 +0500] "GET / HTTP/1.0" 200 6918 "-" "Mozilla/5.0 (iPhone; CPU iPhone OS 13_2_3 like Mac OS X) AppleWebKit/605.1.15 (KHTML, like Gecko) Version/13.0.3 Mobile/15E148 Safari/604.1"
104.23.221.28 - - [19/Oct/2025:18:48:25 +0500] "GET /wordpress/wp-admin/setup-config.php HTTP/1.0" 404 1047 "-" "Mozilla/5.0 (Windows NT 10.0; Win64; x64) AppleWebKit/537.36 (KHTML, like Gecko) Chrome/140.0.0.0 Safari/537.36"
104.23.223.124 - - [19/Oct/2025:18:51:33 +0500] "GET /wp-admin/setup-config.php HTTP/1.0" 404 1047 "-" "Mozilla/5.0 (Windows NT 10.0; Win64; x64) AppleWebKit/537.36 (KHTML, like Gecko) Chrome/140.0.0.0 Safari/537.36"
172.68.195.146 - - [19/Oct/2025:19:12:28 +0500] "GET /wp-admin/setup-config.php HTTP/1.0" 404 1047 "-" "Mozilla/5.0 (Windows NT 10.0; Win64; x64) AppleWebKit/537.36 (KHTML, like Gecko) Chrome/140.0.0.0 Safari/537.36"
162.158.111.111 - - [19/Oct/2025:19:14:09 +0500] "GET /wordpress/wp-admin/setup-config.php HTTP/1.0" 404 1047 "-" "Mozilla/5.0 (Windows NT 10.0; Win64; x64) AppleWebKit/537.36 (KHTML, like Gecko) Chrome/140.0.0.0 Safari/537.36"
104.23.221.28 - - [19/Oct/2025:19:33:45 +0500] "GET /wp-admin/setup-config.php HTTP/1.0" 404 1047 "-" "Mozilla/5.0 (Windows NT 10.0; Win64; x64) AppleWebKit/537.36 (KHTML, like Gecko) Chrome/140.0.0.0 Safari/537.36"
104.23.223.124 - - [19/Oct/2025:19:34:14 +0500] "GET /wordpress/wp-admin/setup-config.php HTTP/1.0" 404 1047 "-" "Mozilla/5.0 (Windows NT 10.0; Win64; x64) AppleWebKit/537.36 (KHTML, like Gecko) Chrome/140.0.0.0 Safari/537.36"
104.23.221.28 - - [19/Oct/2025:19:54:57 +0500] "GET /wordpress/wp-admin/setup-config.php HTTP/1.0" 404 1047 "-" "Mozilla/5.0 (Windows NT 10.0; Win64; x64) AppleWebKit/537.36 (KHTML, like Gecko) Chrome/140.0.0.0 Safari/537.36"
104.23.221.28 - - [19/Oct/2025:19:56:36 +0500] "GET /wp-admin/setup-config.php HTTP/1.0" 404 1047 "-" "Mozilla/5.0 (Windows NT 10.0; Win64; x64) AppleWebKit/537.36 (KHTML, like Gecko) Chrome/140.0.0.0 Safari/537.36"
43.135.36.201 - - [19/Oct/2025:20:04:06 +0500] "GET / HTTP/1.0" 200 6918 "-" "Mozilla/5.0 (iPhone; CPU iPhone OS 13_2_3 like Mac OS X) AppleWebKit/605.1.15 (KHTML, like Gecko) Version/13.0.3 Mobile/15E148 Safari/604.1"
104.23.223.124 - - [19/Oct/2025:20:18:05 +0500] "GET /wp-admin/setup-config.php HTTP/1.0" 404 1047 "-" "Mozilla/5.0 (Windows NT 10.0; Win64; x64) AppleWebKit/537.36 (KHTML, like Gecko) Chrome/140.0.0.0 Safari/537.36"
104.23.221.29 - - [19/Oct/2025:20:18:15 +0500] "GET /wordpress/wp-admin/setup-config.php HTTP/1.0" 404 1047 "-" "Mozilla/5.0 (Windows NT 10.0; Win64; x64) AppleWebKit/537.36 (KHTML, like Gecko) Chrome/140.0.0.0 Safari/537.36"
104.23.221.28 - - [19/Oct/2025:20:35:42 +0500] "GET /wp-admin/setup-config.php HTTP/1.0" 404 1047 "-" "Mozilla/5.0 (Windows NT 10.0; Win64; x64) AppleWebKit/537.36 (KHTML, like Gecko) Chrome/140.0.0.0 Safari/537.36"
104.23.221.29 - - [19/Oct/2025:20:36:14 +0500] "GET /wordpress/wp-admin/setup-config.php HTTP/1.0" 404 1047 "-" "Mozilla/5.0 (Windows NT 10.0; Win64; x64) AppleWebKit/537.36 (KHTML, like Gecko) Chrome/140.0.0.0 Safari/537.36"
104.23.223.125 - - [19/Oct/2025:20:57:28 +0500] "GET /wordpress/wp-admin/setup-config.php HTTP/1.0" 404 1047 "-" "Mozilla/5.0 (Windows NT 10.0; Win64; x64) AppleWebKit/537.36 (KHTML, like Gecko) Chrome/140.0.0.0 Safari/537.36"
104.23.221.28 - - [19/Oct/2025:20:58:47 +0500] "GET /wp-admin/setup-config.php HTTP/1.0" 404 1047 "-" "Mozilla/5.0 (Windows NT 10.0; Win64; x64) AppleWebKit/537.36 (KHTML, like Gecko) Chrome/140.0.0.0 Safari/537.36"
43.131.253.14 - - [19/Oct/2025:21:02:00 +0500] "GET / HTTP/1.0" 200 6918 "-" "Mozilla/5.0 (iPhone; CPU iPhone OS 13_2_3 like Mac OS X) AppleWebKit/605.1.15 (KHTML, like Gecko) Version/13.0.3 Mobile/15E148 Safari/604.1"
104.23.221.29 - - [19/Oct/2025:21:19:37 +0500] "GET /wp-admin/setup-config.php HTTP/1.0" 404 1047 "-" "Mozilla/5.0 (Windows NT 10.0; Win64; x64) AppleWebKit/537.36 (KHTML, like Gecko) Chrome/140.0.0.0 Safari/537.36"
172.71.246.79 - - [19/Oct/2025:21:21:33 +0500] "GET /wordpress/wp-admin/setup-config.php HTTP/1.0" 404 1047 "-" "Mozilla/5.0 (Windows NT 10.0; Win64; x64) AppleWebKit/537.36 (KHTML, like Gecko) Chrome/140.0.0.0 Safari/537.36"
182.42.105.144 - - [19/Oct/2025:21:34:20 +0500] "GET / HTTP/1.0" 200 6918 "-" "Mozilla/5.0 (iPhone; CPU iPhone OS 13_2_3 like Mac OS X) AppleWebKit/605.1.15 (KHTML, like Gecko) Version/13.0.3 Mobile/15E148 Safari/604.1"
104.23.223.125 - - [19/Oct/2025:21:37:58 +0500] "GET /wp-admin/setup-config.php HTTP/1.0" 404 1047 "-" "Mozilla/5.0 (Windows NT 10.0; Win64; x64) AppleWebKit/537.36 (KHTML, like Gecko) Chrome/140.0.0.0 Safari/537.36"
104.23.223.125 - - [19/Oct/2025:21:39:32 +0500] "GET /wordpress/wp-admin/setup-config.php HTTP/1.0" 404 1047 "-" "Mozilla/5.0 (Windows NT 10.0; Win64; x64) AppleWebKit/537.36 (KHTML, like Gecko) Chrome/140.0.0.0 Safari/537.36"
104.23.221.28 - - [19/Oct/2025:21:59:30 +0500] "GET /wp-admin/setup-config.php HTTP/1.0" 404 1047 "-" "Mozilla/5.0 (Windows NT 10.0; Win64; x64) AppleWebKit/537.36 (KHTML, like Gecko) Chrome/140.0.0.0 Safari/537.36"
172.68.183.47 - - [19/Oct/2025:22:00:49 +0500] "GET /wordpress/wp-admin/setup-config.php HTTP/1.0" 404 1047 "-" "Mozilla/5.0 (Windows NT 10.0; Win64; x64) AppleWebKit/537.36 (KHTML, like Gecko) Chrome/140.0.0.0 Safari/537.36"
172.71.164.51 - - [19/Oct/2025:22:22:42 +0500] "GET /wordpress/wp-admin/setup-config.php HTTP/1.0" 404 1047 "-" "Mozilla/5.0 (Windows NT 10.0; Win64; x64) AppleWebKit/537.36 (KHTML, like Gecko) Chrome/140.0.0.0 Safari/537.36"
104.23.221.28 - - [19/Oct/2025:22:23:56 +0500] "GET /wp-admin/setup-config.php HTTP/1.0" 404 1047 "-" "Mozilla/5.0 (Windows NT 10.0; Win64; x64) AppleWebKit/537.36 (KHTML, like Gecko) Chrome/140.0.0.0 Safari/537.36"
104.23.221.28 - - [19/Oct/2025:22:44:43 +0500] "GET /wordpress/wp-admin/setup-config.php HTTP/1.0" 404 1047 "-" "Mozilla/5.0 (Windows NT 10.0; Win64; x64) AppleWebKit/537.36 (KHTML, like Gecko) Chrome/140.0.0.0 Safari/537.36"
104.23.223.124 - - [19/Oct/2025:22:44:43 +0500] "GET /wp-admin/setup-config.php HTTP/1.0" 404 1047 "-" "Mozilla/5.0 (Windows NT 10.0; Win64; x64) AppleWebKit/537.36 (KHTML, like Gecko) Chrome/140.0.0.0 Safari/537.36"
172.68.183.47 - - [19/Oct/2025:23:04:20 +0500] "GET /wp-admin/setup-config.php HTTP/1.0" 404 1047 "-" "Mozilla/5.0 (Windows NT 10.0; Win64; x64) AppleWebKit/537.36 (KHTML, like Gecko) Chrome/140.0.0.0 Safari/537.36"
43.155.27.244 - - [19/Oct/2025:23:05:02 +0500] "GET / HTTP/1.0" 200 6918 "-" "Mozilla/5.0 (iPhone; CPU iPhone OS 13_2_3 like Mac OS X) AppleWebKit/605.1.15 (KHTML, like Gecko) Version/13.0.3 Mobile/15E148 Safari/604.1"
104.23.223.124 - - [19/Oct/2025:23:07:49 +0500] "GET /wordpress/wp-admin/setup-config.php HTTP/1.0" 404 1047 "-" "Mozilla/5.0 (Windows NT 10.0; Win64; x64) AppleWebKit/537.36 (KHTML, like Gecko) Chrome/140.0.0.0 Safari/537.36"
104.23.239.32 - - [19/Oct/2025:23:25:20 +0500] "GET /wordpress/wp-admin/setup-config.php HTTP/1.0" 404 1047 "-" "Mozilla/5.0 (Windows NT 10.0; Win64; x64) AppleWebKit/537.36 (KHTML, like Gecko) Chrome/140.0.0.0 Safari/537.36"
104.23.223.125 - - [19/Oct/2025:23:25:34 +0500] "GET /wp-admin/setup-config.php HTTP/1.0" 404 1047 "-" "Mozilla/5.0 (Windows NT 10.0; Win64; x64) AppleWebKit/537.36 (KHTML, like Gecko) Chrome/140.0.0.0 Safari/537.36"
104.23.223.124 - - [19/Oct/2025:23:45:43 +0500] "GET /wp-admin/setup-config.php HTTP/1.0" 404 1047 "-" "Mozilla/5.0 (Windows NT 10.0; Win64; x64) AppleWebKit/537.36 (KHTML, like Gecko) Chrome/140.0.0.0 Safari/537.36"
172.68.195.146 - - [19/Oct/2025:23:48:37 +0500] "GET /wordpress/wp-admin/setup-config.php HTTP/1.0" 404 1047 "-" "Mozilla/5.0 (Windows NT 10.0; Win64; x64) AppleWebKit/537.36 (KHTML, like Gecko) Chrome/140.0.0.0 Safari/537.36"
104.23.221.28 - - [20/Oct/2025:00:08:28 +0500] "GET /wordpress/wp-admin/setup-config.php HTTP/1.0" 404 1047 "-" "Mozilla/5.0 (Windows NT 10.0; Win64; x64) AppleWebKit/537.36 (KHTML, like Gecko) Chrome/140.0.0.0 Safari/537.36"
104.23.221.28 - - [20/Oct/2025:00:08:37 +0500] "GET /wp-admin/setup-config.php HTTP/1.0" 404 1047 "-" "Mozilla/5.0 (Windows NT 10.0; Win64; x64) AppleWebKit/537.36 (KHTML, like Gecko) Chrome/140.0.0.0 Safari/537.36"
54.157.130.202 - - [20/Oct/2025:00:12:36 +0500] "GET / HTTP/1.0" 200 6918 "-" "Baiduspider ( http://www.baidu.com/search/spider.htm)"
54.157.130.202 - - [20/Oct/2025:00:12:36 +0500] "GET / HTTP/1.0" 200 6918 "-" "Mozilla/5.0 (Macintosh; U; PPC Mac OS X 10.5; en-US; rv:1.9.2.15) Gecko/20110303 Firefox/3.6.15"
54.157.130.202 - - [20/Oct/2025:00:12:37 +0500] "GET / HTTP/1.0" 200 6918 "-" "Mozilla/5.0 (BlackBerry; U; BlackBerry 9930; en-US) AppleWebKit/534.11+ (KHTML, like Gecko) Version/7.1.0.267 Mobile Safari/534.11+"
104.23.223.125 - - [20/Oct/2025:00:31:53 +0500] "GET /wp-admin/setup-config.php HTTP/1.0" 404 1047 "-" "Mozilla/5.0 (Windows NT 10.0; Win64; x64) AppleWebKit/537.36 (KHTML, like Gecko) Chrome/140.0.0.0 Safari/537.36"
104.23.221.29 - - [20/Oct/2025:00:31:58 +0500] "GET /wordpress/wp-admin/setup-config.php HTTP/1.0" 404 1047 "-" "Mozilla/5.0 (Windows NT 10.0; Win64; x64) AppleWebKit/537.36 (KHTML, like Gecko) Chrome/140.0.0.0 Safari/537.36"
172.68.183.48 - - [20/Oct/2025:00:52:50 +0500] "GET /wp-admin/setup-config.php HTTP/1.0" 404 1047 "-" "Mozilla/5.0 (Windows NT 10.0; Win64; x64) AppleWebKit/537.36 (KHTML, like Gecko) Chrome/140.0.0.0 Safari/537.36"
104.23.221.29 - - [20/Oct/2025:00:53:47 +0500] "GET /wordpress/wp-admin/setup-config.php HTTP/1.0" 404 1047 "-" "Mozilla/5.0 (Windows NT 10.0; Win64; x64) AppleWebKit/537.36 (KHTML, like Gecko) Chrome/140.0.0.0 Safari/537.36"
104.23.221.29 - - [20/Oct/2025:01:17:49 +0500] "GET /wordpress/wp-admin/setup-config.php HTTP/1.0" 404 1047 "-" "Mozilla/5.0 (Windows NT 10.0; Win64; x64) AppleWebKit/537.36 (KHTML, like Gecko) Chrome/140.0.0.0 Safari/537.36"
195.7.13.240 - - [20/Oct/2025:01:18:55 +0500] "GET / HTTP/1.0" 200 6918 "-" "Mozilla/5.0 (Windows NT 10.0; Win64; x64) AppleWebKit/537.36 (KHTML, like Gecko) Chrome/141.0.0.0 Safari/537.36"
172.68.183.48 - - [20/Oct/2025:01:20:01 +0500] "GET /wp-admin/setup-config.php HTTP/1.0" 404 1047 "-" "Mozilla/5.0 (Windows NT 10.0; Win64; x64) AppleWebKit/537.36 (KHTML, like Gecko) Chrome/140.0.0.0 Safari/537.36"
172.68.183.47 - - [20/Oct/2025:01:30:39 +0500] "GET /wordpress/wp-admin/setup-config.php HTTP/1.0" 404 1047 "-" "Mozilla/5.0 (Windows NT 10.0; Win64; x64) AppleWebKit/537.36 (KHTML, like Gecko) Chrome/140.0.0.0 Safari/537.36"
172.68.183.47 - - [20/Oct/2025:01:31:29 +0500] "GET /wp-admin/setup-config.php HTTP/1.0" 404 1047 "-" "Mozilla/5.0 (Windows NT 10.0; Win64; x64) AppleWebKit/537.36 (KHTML, like Gecko) Chrome/140.0.0.0 Safari/537.36"
172.68.195.147 - - [20/Oct/2025:01:50:12 +0500] "GET /wordpress/wp-admin/setup-config.php HTTP/1.0" 404 1047 "-" "Mozilla/5.0 (Windows NT 10.0; Win64; x64) AppleWebKit/537.36 (KHTML, like Gecko) Chrome/140.0.0.0 Safari/537.36"
172.68.195.146 - - [20/Oct/2025:01:53:41 +0500] "GET /wp-admin/setup-config.php HTTP/1.0" 404 1047 "-" "Mozilla/5.0 (Windows NT 10.0; Win64; x64) AppleWebKit/537.36 (KHTML, like Gecko) Chrome/140.0.0.0 Safari/537.36"
34.26.127.104 - - [20/Oct/2025:02:08:15 +0500] "GET /media/system/js/core.js HTTP/1.0" 404 1047 "-" "Mozilla/5.0 (Macintosh; Intel Mac OS X 10_10_1) AppleWebKit/537.36 (KHTML, like Gecko) Chrome/39.0.2171.95 Safari/537.36"
34.26.127.104 - - [20/Oct/2025:02:08:17 +0500] "GET /wp-includes/js/jquery/jquery.js HTTP/1.0" 404 1047 "-" "Mozilla/5.0 (Macintosh; Intel Mac OS X 10_10_1) AppleWebKit/537.36 (KHTML, like Gecko) Chrome/39.0.2171.95 Safari/537.36"
172.70.240.204 - - [20/Oct/2025:02:11:16 +0500] "GET /wp-admin/setup-config.php HTTP/1.0" 404 1047 "-" "Mozilla/5.0 (Windows NT 10.0; Win64; x64) AppleWebKit/537.36 (KHTML, like Gecko) Chrome/140.0.0.0 Safari/537.36"
172.68.10.7 - - [20/Oct/2025:02:14:36 +0500] "GET /wordpress/wp-admin/setup-config.php HTTP/1.0" 404 1047 "-" "Mozilla/5.0 (Windows NT 10.0; Win64; x64) AppleWebKit/537.36 (KHTML, like Gecko) Chrome/140.0.0.0 Safari/537.36"
172.71.184.58 - - [20/Oct/2025:02:33:55 +0500] "GET /wordpress/wp-admin/setup-config.php HTTP/1.0" 404 1047 "-" "Mozilla/5.0 (Windows NT 10.0; Win64; x64) AppleWebKit/537.36 (KHTML, like Gecko) Chrome/140.0.0.0 Safari/537.36"
176.64.31.213 - - [20/Oct/2025:02:36:41 +0500] "GET / HTTP/1.0" 302 349 "-" "Mozilla/5.0 (iPhone; CPU iPhone OS 18_6_2 like Mac OS X) AppleWebKit/605.1.15 (KHTML, like Gecko) CriOS/138.0.7204.119 Mobile/15E148 Safari/604.1"
176.64.31.213 - - [20/Oct/2025:02:36:41 +0500] "GET /login.php HTTP/1.0" 200 1714 "-" "Mozilla/5.0 (iPhone; CPU iPhone OS 18_6_2 like Mac OS X) AppleWebKit/605.1.15 (KHTML, like Gecko) CriOS/138.0.7204.119 Mobile/15E148 Safari/604.1"
176.64.31.213 - - [20/Oct/2025:02:36:41 +0500] "GET /assets/style.css HTTP/1.0" 200 225 "http://nursultan0-0.site/login.php" "Mozilla/5.0 (iPhone; CPU iPhone OS 18_6_2 like Mac OS X) AppleWebKit/605.1.15 (KHTML, like Gecko) CriOS/138.0.7204.119 Mobile/15E148 Safari/604.1"
176.64.31.213 - - [20/Oct/2025:02:36:41 +0500] "GET /assets/script.js HTTP/1.0" 200 239 "http://nursultan0-0.site/login.php" "Mozilla/5.0 (iPhone; CPU iPhone OS 18_6_2 like Mac OS X) AppleWebKit/605.1.15 (KHTML, like Gecko) CriOS/138.0.7204.119 Mobile/15E148 Safari/604.1"
176.64.31.213 - - [20/Oct/2025:02:36:41 +0500] "GET /favicon.ico HTTP/1.0" 404 1047 "-" "Mozilla/5.0 (iPhone; CPU iPhone OS 18_6_2 like Mac OS X) AppleWebKit/605.1.15 (KHTML, like Gecko) CriOS/138.0.7204.119 Mobile/15E148 Safari/604.1"
172.71.184.58 - - [20/Oct/2025:02:36:43 +0500] "GET /wp-admin/setup-config.php HTTP/1.0" 404 1047 "-" "Mozilla/5.0 (Windows NT 10.0; Win64; x64) AppleWebKit/537.36 (KHTML, like Gecko) Chrome/140.0.0.0 Safari/537.36"
176.64.31.213 - - [20/Oct/2025:02:36:58 +0500] "POST /login.php HTTP/1.0" 302 291 "http://nursultan0-0.site/login.php" "Mozilla/5.0 (iPhone; CPU iPhone OS 18_6_2 like Mac OS X) AppleWebKit/605.1.15 (KHTML, like Gecko) CriOS/138.0.7204.119 Mobile/15E148 Safari/604.1"
176.64.31.213 - - [20/Oct/2025:02:36:59 +0500] "GET /index.php HTTP/1.0" 200 2513 "http://nursultan0-0.site/login.php" "Mozilla/5.0 (iPhone; CPU iPhone OS 18_6_2 like Mac OS X) AppleWebKit/605.1.15 (KHTML, like Gecko) CriOS/138.0.7204.119 Mobile/15E148 Safari/604.1"
176.64.31.213 - - [20/Oct/2025:02:37:04 +0500] "GET /index.php?date=2025-10-18 HTTP/1.0" 200 2513 "http://nursultan0-0.site/index.php" "Mozilla/5.0 (iPhone; CPU iPhone OS 18_6_2 like Mac OS X) AppleWebKit/605.1.15 (KHTML, like Gecko) CriOS/138.0.7204.119 Mobile/15E148 Safari/604.1"
176.64.31.213 - - [20/Oct/2025:02:37:08 +0500] "GET /index.php HTTP/1.0" 200 2513 "http://nursultan0-0.site/index.php?date=2025-10-18" "Mozilla/5.0 (iPhone; CPU iPhone OS 18_6_2 like Mac OS X) AppleWebKit/605.1.15 (KHTML, like Gecko) CriOS/138.0.7204.119 Mobile/15E148 Safari/604.1"
176.64.31.213 - - [20/Oct/2025:02:37:10 +0500] "GET /grades.php HTTP/1.0" 200 9350 "http://nursultan0-0.site/index.php" "Mozilla/5.0 (iPhone; CPU iPhone OS 18_6_2 like Mac OS X) AppleWebKit/605.1.15 (KHTML, like Gecko) CriOS/138.0.7204.119 Mobile/15E148 Safari/604.1"
176.64.31.213 - - [20/Oct/2025:02:37:17 +0500] "POST /grades.php HTTP/1.0" 200 9350 "http://nursultan0-0.site/grades.php" "Mozilla/5.0 (iPhone; CPU iPhone OS 18_6_2 like Mac OS X) AppleWebKit/605.1.15 (KHTML, like Gecko) CriOS/138.0.7204.119 Mobile/15E148 Safari/604.1"
172.68.183.47 - - [20/Oct/2025:02:56:36 +0500] "GET /wordpress/wp-admin/setup-config.php HTTP/1.0" 404 1047 "-" "Mozilla/5.0 (Windows NT 10.0; Win64; x64) AppleWebKit/537.36 (KHTML, like Gecko) Chrome/140.0.0.0 Safari/537.36"
104.23.221.28 - - [20/Oct/2025:02:58:07 +0500] "GET /wp-admin/setup-config.php HTTP/1.0" 404 1047 "-" "Mozilla/5.0 (Windows NT 10.0; Win64; x64) AppleWebKit/537.36 (KHTML, like Gecko) Chrome/140.0.0.0 Safari/537.36"
43.153.73.200 - - [20/Oct/2025:03:17:24 +0500] "GET / HTTP/1.0" 302 349 "-" "Mozilla/5.0 (iPhone; CPU iPhone OS 13_2_3 like Mac OS X) AppleWebKit/605.1.15 (KHTML, like Gecko) Version/13.0.3 Mobile/15E148 Safari/604.1"
43.153.73.200 - - [20/Oct/2025:03:17:27 +0500] "GET /login.php HTTP/1.0" 200 1772 "http://www.nursultan0-0.site" "Mozilla/5.0 (iPhone; CPU iPhone OS 13_2_3 like Mac OS X) AppleWebKit/605.1.15 (KHTML, like Gecko) Version/13.0.3 Mobile/15E148 Safari/604.1"
172.71.148.71 - - [20/Oct/2025:03:17:56 +0500] "GET /wp-admin/setup-config.php HTTP/1.0" 404 1047 "-" "Mozilla/5.0 (Windows NT 10.0; Win64; x64) AppleWebKit/537.36 (KHTML, like Gecko) Chrome/140.0.0.0 Safari/537.36"
172.70.248.17 - - [20/Oct/2025:03:18:36 +0500] "GET /wordpress/wp-admin/setup-config.php HTTP/1.0" 404 1047 "-" "Mozilla/5.0 (Windows NT 10.0; Win64; x64) AppleWebKit/537.36 (KHTML, like Gecko) Chrome/140.0.0.0 Safari/537.36"
221.229.106.25 - - [20/Oct/2025:03:18:46 +0500] "GET / HTTP/1.0" 302 349 "-" "Mozilla/5.0 (iPhone; CPU iPhone OS 13_2_3 like Mac OS X) AppleWebKit/605.1.15 (KHTML, like Gecko) Version/13.0.3 Mobile/15E148 Safari/604.1"
221.229.106.25 - - [20/Oct/2025:03:18:51 +0500] "GET /login.php HTTP/1.0" 200 1772 "http://nursultan0-0.site" "Mozilla/5.0 (iPhone; CPU iPhone OS 13_2_3 like Mac OS X) AppleWebKit/605.1.15 (KHTML, like Gecko) Version/13.0.3 Mobile/15E148 Safari/604.1"
104.23.223.125 - - [20/Oct/2025:03:41:04 +0500] "GET /wordpress/wp-admin/setup-config.php HTTP/1.0" 404 1047 "-" "Mozilla/5.0 (Windows NT 10.0; Win64; x64) AppleWebKit/537.36 (KHTML, like Gecko) Chrome/140.0.0.0 Safari/537.36"
172.71.184.58 - - [20/Oct/2025:03:41:18 +0500] "GET /wp-admin/setup-config.php HTTP/1.0" 404 1047 "-" "Mozilla/5.0 (Windows NT 10.0; Win64; x64) AppleWebKit/537.36 (KHTML, like Gecko) Chrome/140.0.0.0 Safari/537.36"
176.64.31.213 - - [20/Oct/2025:02:36:41 +0500] "GET /assets/script.js HTTP/1.1" 200 3278 "http://nursultan0-0.site/login.php" "Mozilla/5.0 (iPhone; CPU iPhone OS 18_6_2 like Mac OS X) AppleWebKit/605.1.15 (KHTML, like Gecko) CriOS/138.0.7204.119 Mobile/15E148 Safari/604.1"
176.64.31.213 - - [20/Oct/2025:02:36:41 +0500] "GET /assets/style.css HTTP/1.1" 200 12525 "http://nursultan0-0.site/login.php" "Mozilla/5.0 (iPhone; CPU iPhone OS 18_6_2 like Mac OS X) AppleWebKit/605.1.15 (KHTML, like Gecko) CriOS/138.0.7204.119 Mobile/15E148 Safari/604.1"
172.68.10.6 - - [20/Oct/2025:04:01:07 +0500] "GET /wordpress/wp-admin/setup-config.php HTTP/1.0" 404 1047 "-" "Mozilla/5.0 (Windows NT 10.0; Win64; x64) AppleWebKit/537.36 (KHTML, like Gecko) Chrome/140.0.0.0 Safari/537.36"
172.71.184.58 - - [20/Oct/2025:04:03:28 +0500] "GET /wp-admin/setup-config.php HTTP/1.0" 404 1047 "-" "Mozilla/5.0 (Windows NT 10.0; Win64; x64) AppleWebKit/537.36 (KHTML, like Gecko) Chrome/140.0.0.0 Safari/537.36"
172.71.184.58 - - [20/Oct/2025:04:23:29 +0500] "GET /wp-admin/setup-config.php HTTP/1.0" 404 1047 "-" "Mozilla/5.0 (Windows NT 10.0; Win64; x64) AppleWebKit/537.36 (KHTML, like Gecko) Chrome/140.0.0.0 Safari/537.36"
162.158.111.250 - - [20/Oct/2025:04:23:39 +0500] "GET /wordpress/wp-admin/setup-config.php HTTP/1.0" 404 1047 "-" "Mozilla/5.0 (Windows NT 10.0; Win64; x64) AppleWebKit/537.36 (KHTML, like Gecko) Chrome/140.0.0.0 Safari/537.36"
104.23.221.28 - - [20/Oct/2025:04:40:27 +0500] "GET /wp-admin/setup-config.php HTTP/1.0" 404 1047 "-" "Mozilla/5.0 (Windows NT 10.0; Win64; x64) AppleWebKit/537.36 (KHTML, like Gecko) Chrome/140.0.0.0 Safari/537.36"
172.71.184.59 - - [20/Oct/2025:04:40:36 +0500] "GET /wordpress/wp-admin/setup-config.php HTTP/1.0" 404 1047 "-" "Mozilla/5.0 (Windows NT 10.0; Win64; x64) AppleWebKit/537.36 (KHTML, like Gecko) Chrome/140.0.0.0 Safari/537.36"
34.69.145.212 - - [20/Oct/2025:04:54:30 +0500] "GET / HTTP/1.0" 302 349 "-" "Mozilla/5.0 (Windows NT 10.0; Win64; x64) AppleWebKit/537.36 (KHTML, like Gecko) Chrome/78.0.3904.108 Safari/537.36"
34.69.145.212 - - [20/Oct/2025:04:54:30 +0500] "GET / HTTP/1.0" 302 291 "-" "Mozilla/5.0 (Windows NT 10.0; Win64; x64) AppleWebKit/537.36 (KHTML, like Gecko) Chrome/78.0.3904.108 Safari/537.36"
34.69.145.212 - - [20/Oct/2025:04:54:30 +0500] "GET /wp-includes/wlwmanifest.xml HTTP/1.0" 404 1047 "-" "Mozilla/5.0 (Windows NT 10.0; Win64; x64) AppleWebKit/537.36 (KHTML, like Gecko) Chrome/78.0.3904.108 Safari/537.36"
34.69.145.212 - - [20/Oct/2025:04:54:31 +0500] "GET /xmlrpc.php?rsd HTTP/1.0" 404 180 "-" "Mozilla/5.0 (Windows NT 10.0; Win64; x64) AppleWebKit/537.36 (KHTML, like Gecko) Chrome/78.0.3904.108 Safari/537.36"
34.69.145.212 - - [20/Oct/2025:04:54:31 +0500] "GET / HTTP/1.0" 302 291 "-" "Mozilla/5.0 (Windows NT 10.0; Win64; x64) AppleWebKit/537.36 (KHTML, like Gecko) Chrome/78.0.3904.108 Safari/537.36"
34.69.145.212 - - [20/Oct/2025:04:54:31 +0500] "GET /blog/wp-includes/wlwmanifest.xml HTTP/1.0" 404 1047 "-" "Mozilla/5.0 (Windows NT 10.0; Win64; x64) AppleWebKit/537.36 (KHTML, like Gecko) Chrome/78.0.3904.108 Safari/537.36"
34.69.145.212 - - [20/Oct/2025:04:54:32 +0500] "GET /web/wp-includes/wlwmanifest.xml HTTP/1.0" 404 1047 "-" "Mozilla/5.0 (Windows NT 10.0; Win64; x64) AppleWebKit/537.36 (KHTML, like Gecko) Chrome/78.0.3904.108 Safari/537.36"
34.69.145.212 - - [20/Oct/2025:04:54:32 +0500] "GET /wordpress/wp-includes/wlwmanifest.xml HTTP/1.0" 404 1047 "-" "Mozilla/5.0 (Windows NT 10.0; Win64; x64) AppleWebKit/537.36 (KHTML, like Gecko) Chrome/78.0.3904.108 Safari/537.36"
34.69.145.212 - - [20/Oct/2025:04:54:32 +0500] "GET /website/wp-includes/wlwmanifest.xml HTTP/1.0" 404 1047 "-" "Mozilla/5.0 (Windows NT 10.0; Win64; x64) AppleWebKit/537.36 (KHTML, like Gecko) Chrome/78.0.3904.108 Safari/537.36"
34.69.145.212 - - [20/Oct/2025:04:54:32 +0500] "GET /wp/wp-includes/wlwmanifest.xml HTTP/1.0" 404 1047 "-" "Mozilla/5.0 (Windows NT 10.0; Win64; x64) AppleWebKit/537.36 (KHTML, like Gecko) Chrome/78.0.3904.108 Safari/537.36"
34.69.145.212 - - [20/Oct/2025:04:54:33 +0500] "GET /news/wp-includes/wlwmanifest.xml HTTP/1.0" 404 1047 "-" "Mozilla/5.0 (Windows NT 10.0; Win64; x64) AppleWebKit/537.36 (KHTML, like Gecko) Chrome/78.0.3904.108 Safari/537.36"
34.69.145.212 - - [20/Oct/2025:04:54:33 +0500] "GET /2018/wp-includes/wlwmanifest.xml HTTP/1.0" 404 1047 "-" "Mozilla/5.0 (Windows NT 10.0; Win64; x64) AppleWebKit/537.36 (KHTML, like Gecko) Chrome/78.0.3904.108 Safari/537.36"
34.69.145.212 - - [20/Oct/2025:04:54:33 +0500] "GET /2019/wp-includes/wlwmanifest.xml HTTP/1.0" 404 1047 "-" "Mozilla/5.0 (Windows NT 10.0; Win64; x64) AppleWebKit/537.36 (KHTML, like Gecko) Chrome/78.0.3904.108 Safari/537.36"
34.69.145.212 - - [20/Oct/2025:04:54:34 +0500] "GET /shop/wp-includes/wlwmanifest.xml HTTP/1.0" 404 1047 "-" "Mozilla/5.0 (Windows NT 10.0; Win64; x64) AppleWebKit/537.36 (KHTML, like Gecko) Chrome/78.0.3904.108 Safari/537.36"
34.69.145.212 - - [20/Oct/2025:04:54:34 +0500] "GET /wp1/wp-includes/wlwmanifest.xml HTTP/1.0" 404 1047 "-" "Mozilla/5.0 (Windows NT 10.0; Win64; x64) AppleWebKit/537.36 (KHTML, like Gecko) Chrome/78.0.3904.108 Safari/537.36"
34.69.145.212 - - [20/Oct/2025:04:54:34 +0500] "GET /test/wp-includes/wlwmanifest.xml HTTP/1.0" 404 1047 "-" "Mozilla/5.0 (Windows NT 10.0; Win64; x64) AppleWebKit/537.36 (KHTML, like Gecko) Chrome/78.0.3904.108 Safari/537.36"
34.69.145.212 - - [20/Oct/2025:04:54:35 +0500] "GET /media/wp-includes/wlwmanifest.xml HTTP/1.0" 404 1047 "-" "Mozilla/5.0 (Windows NT 10.0; Win64; x64) AppleWebKit/537.36 (KHTML, like Gecko) Chrome/78.0.3904.108 Safari/537.36"
34.69.145.212 - - [20/Oct/2025:04:54:35 +0500] "GET /wp2/wp-includes/wlwmanifest.xml HTTP/1.0" 404 1047 "-" "Mozilla/5.0 (Windows NT 10.0; Win64; x64) AppleWebKit/537.36 (KHTML, like Gecko) Chrome/78.0.3904.108 Safari/537.36"
34.69.145.212 - - [20/Oct/2025:04:54:35 +0500] "GET /site/wp-includes/wlwmanifest.xml HTTP/1.0" 404 1047 "-" "Mozilla/5.0 (Windows NT 10.0; Win64; x64) AppleWebKit/537.36 (KHTML, like Gecko) Chrome/78.0.3904.108 Safari/537.36"
34.69.145.212 - - [20/Oct/2025:04:54:36 +0500] "GET /cms/wp-includes/wlwmanifest.xml HTTP/1.0" 404 1047 "-" "Mozilla/5.0 (Windows NT 10.0; Win64; x64) AppleWebKit/537.36 (KHTML, like Gecko) Chrome/78.0.3904.108 Safari/537.36"
34.69.145.212 - - [20/Oct/2025:04:54:36 +0500] "GET /sito/wp-includes/wlwmanifest.xml HTTP/1.0" 404 1047 "-" "Mozilla/5.0 (Windows NT 10.0; Win64; x64) AppleWebKit/537.36 (KHTML, like Gecko) Chrome/78.0.3904.108 Safari/537.36"
