104.23.223.125 - - [20/Oct/2025:21:56:35 +0500] "GET /wordpress/wp-admin/setup-config.php HTTP/1.0" 404 4406 "-" "Mozilla/5.0 (Windows NT 10.0; Win64; x64) AppleWebKit/537.36 (KHTML, like Gecko) Chrome/140.0.0.0 Safari/537.36"
195.7.13.240 - - [20/Oct/2025:21:58:52 +0500] "GET / HTTP/1.0" 302 3719 "-" "Mozilla/5.0 (iPhone; CPU iPhone OS 18_6_2 like Mac OS X) AppleWebKit/605.1.15 (KHTML, like Gecko) Mobile/15E148"
195.7.13.240 - - [20/Oct/2025:21:58:52 +0500] "GET /login.php HTTP/1.0" 200 5074 "-" "Mozilla/5.0 (iPhone; CPU iPhone OS 18_6_2 like Mac OS X) AppleWebKit/605.1.15 (KHTML, like Gecko) Mobile/15E148"
3.95.225.219 - - [20/Oct/2025:22:11:06 +0500] "GET / HTTP/1.0" 302 3719 "-" "Mozilla/5.0 (iPhone; CPU iPhone OS 12_2 like Mac OS X) AppleWebKit/605.1.15 (KHTML, like Gecko) Mobile/15E148"
3.95.225.219 - - [20/Oct/2025:22:11:10 +0500] "GET /login.php HTTP/1.0" 200 5074 "-" "Mozilla/5.0 (iPhone; CPU iPhone OS 12_2 like Mac OS X) AppleWebKit/605.1.15 (KHTML, like Gecko) Mobile/15E148"
3.95.225.219 - - [20/Oct/2025:22:11:14 +0500] "GET /assets/style.css HTTP/1.0" 200 3555 "https://nursultan0-0.site/login.php" "Mozilla/5.0 (iPhone; CPU iPhone OS 12_2 like Mac OS X) AppleWebKit/605.1.15 (KHTML, like Gecko) Mobile/15E148"
3.95.225.219 - - [20/Oct/2025:22:11:14 +0500] "GET /assets/script.js HTTP/1.0" 200 3569 "https://nursultan0-0.site/login.php" "Mozilla/5.0 (iPhone; CPU iPhone OS 12_2 like Mac OS X) AppleWebKit/605.1.15 (KHTML, like Gecko) Mobile/15E148"
54.84.6.56 - - [20/Oct/2025:22:11:34 +0500] "GET / HTTP/1.0" 302 3719 "-" "Mozilla/5.0 (iPhone; CPU iPhone OS 12_2 like Mac OS X) AppleWebKit/605.1.15 (KHTML, like Gecko) Mobile/15E148"
54.84.6.56 - - [20/Oct/2025:22:11:36 +0500] "GET /login.php HTTP/1.0" 200 5074 "-" "Mozilla/5.0 (iPhone; CPU iPhone OS 12_2 like Mac OS X) AppleWebKit/605.1.15 (KHTML, like Gecko) Mobile/15E148"
54.84.6.56 - - [20/Oct/2025:22:11:37 +0500] "GET /assets/style.css HTTP/1.0" 200 3555 "https://nursultan0-0.site/login.php" "Mozilla/5.0 (iPhone; CPU iPhone OS 12_2 like Mac OS X) AppleWebKit/605.1.15 (KHTML, like Gecko) Mobile/15E148"
54.84.6.56 - - [20/Oct/2025:22:11:37 +0500] "GET /assets/script.js HTTP/1.0" 200 3569 "https://nursultan0-0.site/login.php" "Mozilla/5.0 (iPhone; CPU iPhone OS 12_2 like Mac OS X) AppleWebKit/605.1.15 (KHTML, like Gecko) Mobile/15E148"
54.196.195.253 - - [20/Oct/2025:22:11:40 +0500] "GET /favicon.ico HTTP/1.0" 404 4406 "-" "Mozilla/5.0 (Windows NT 6.3; WOW64; rv:38.0) Gecko/20100101 Firefox/38.0"
104.23.221.28 - - [20/Oct/2025:22:13:41 +0500] "GET /wp-admin/setup-config.php HTTP/1.0" 404 4406 "-" "Mozilla/5.0 (Windows NT 10.0; Win64; x64) AppleWebKit/537.36 (KHTML, like Gecko) Chrome/140.0.0.0 Safari/537.36"
172.68.183.48 - - [20/Oct/2025:22:13:56 +0500] "GET /wordpress/wp-admin/setup-config.php HTTP/1.0" 404 4406 "-" "Mozilla/5.0 (Windows NT 10.0; Win64; x64) AppleWebKit/537.36 (KHTML, like Gecko) Chrome/140.0.0.0 Safari/537.36"
104.23.223.125 - - [20/Oct/2025:22:14:23 +0500] "GET /wordpress/wp-admin/setup-config.php HTTP/1.0" 404 4406 "-" "Mozilla/5.0 (Windows NT 10.0; Win64; x64) AppleWebKit/537.36 (KHTML, like Gecko) Chrome/140.0.0.0 Safari/537.36"
104.23.223.124 - - [20/Oct/2025:22:16:02 +0500] "GET /wp-admin/setup-config.php HTTP/1.0" 404 4406 "-" "Mozilla/5.0 (Windows NT 10.0; Win64; x64) AppleWebKit/537.36 (KHTML, like Gecko) Chrome/140.0.0.0 Safari/537.36"
104.236.5.222 - - [20/Oct/2025:22:29:13 +0500] "GET / HTTP/1.0" 302 3719 "http://nursultan0-0.site" "Mozilla/5.0 (Windows NT 10.0; Win64; x64) AppleWebKit/537.36 (KHTML, like Gecko) Chrome/113.0.5672.126 Safari/537.36 Edg/113.0.1774.50"
104.236.5.222 - - [20/Oct/2025:22:29:13 +0500] "GET /login.php HTTP/1.0" 200 5074 "https://nursultan0-0.site/" "Mozilla/5.0 (Windows NT 10.0; Win64; x64) AppleWebKit/537.36 (KHTML, like Gecko) Chrome/113.0.5672.126 Safari/537.36 Edg/113.0.1774.50"
162.158.86.228 - - [20/Oct/2025:22:34:56 +0500] "GET /wp-admin/setup-config.php HTTP/1.0" 404 4406 "-" "Mozilla/5.0 (Windows NT 10.0; Win64; x64) AppleWebKit/537.36 (KHTML, like Gecko) Chrome/140.0.0.0 Safari/537.36"
104.23.221.28 - - [20/Oct/2025:22:37:55 +0500] "GET /wordpress/wp-admin/setup-config.php HTTP/1.0" 404 4406 "-" "Mozilla/5.0 (Windows NT 10.0; Win64; x64) AppleWebKit/537.36 (KHTML, like Gecko) Chrome/140.0.0.0 Safari/537.36"
104.23.223.124 - - [20/Oct/2025:22:38:41 +0500] "GET /wordpress/wp-admin/setup-config.php HTTP/1.0" 404 4406 "-" "Mozilla/5.0 (Windows NT 10.0; Win64; x64) AppleWebKit/537.36 (KHTML, like Gecko) Chrome/140.0.0.0 Safari/537.36"
172.68.192.149 - - [20/Oct/2025:22:38:55 +0500] "GET /wp-admin/setup-config.php HTTP/1.0" 404 4406 "-" "Mozilla/5.0 (Windows NT 10.0; Win64; x64) AppleWebKit/537.36 (KHTML, like Gecko) Chrome/140.0.0.0 Safari/537.36"
104.23.221.28 - - [20/Oct/2025:22:57:10 +0500] "GET /wp-admin/setup-config.php HTTP/1.0" 404 4406 "-" "Mozilla/5.0 (Windows NT 10.0; Win64; x64) AppleWebKit/537.36 (KHTML, like Gecko) Chrome/140.0.0.0 Safari/537.36"
172.68.183.47 - - [20/Oct/2025:22:57:49 +0500] "GET /wp-admin/setup-config.php HTTP/1.0" 404 4406 "-" "Mozilla/5.0 (Windows NT 10.0; Win64; x64) AppleWebKit/537.36 (KHTML, like Gecko) Chrome/140.0.0.0 Safari/537.36"
172.68.183.48 - - [20/Oct/2025:22:58:03 +0500] "GET /wordpress/wp-admin/setup-config.php HTTP/1.0" 404 4406 "-" "Mozilla/5.0 (Windows NT 10.0; Win64; x64) AppleWebKit/537.36 (KHTML, like Gecko) Chrome/140.0.0.0 Safari/537.36"
104.23.221.28 - - [20/Oct/2025:22:58:50 +0500] "GET /wordpress/wp-admin/setup-config.php HTTP/1.0" 404 4406 "-" "Mozilla/5.0 (Windows NT 10.0; Win64; x64) AppleWebKit/537.36 (KHTML, like Gecko) Chrome/140.0.0.0 Safari/537.36"
43.153.204.189 - - [20/Oct/2025:23:08:12 +0500] "GET / HTTP/1.0" 302 3719 "http://nursultan0-0.site" "Mozilla/5.0 (iPhone; CPU iPhone OS 13_2_3 like Mac OS X) AppleWebKit/605.1.15 (KHTML, like Gecko) Version/13.0.3 Mobile/15E148 Safari/604.1"
43.153.204.189 - - [20/Oct/2025:23:08:15 +0500] "GET /login.php HTTP/1.0" 200 5142 "https://nursultan0-0.site/" "Mozilla/5.0 (iPhone; CPU iPhone OS 13_2_3 like Mac OS X) AppleWebKit/605.1.15 (KHTML, like Gecko) Version/13.0.3 Mobile/15E148 Safari/604.1"
133.242.174.119 - - [20/Oct/2025:23:08:31 +0500] "GET /robots.txt HTTP/1.0" 404 4406 "-" "Mozilla/5.0 (Linux; Android 10; K) AppleWebKit/537.36 (KHTML, like Gecko) Chrome/137.0.0.0 Mobile Safari/537.36"
133.242.174.119 - - [20/Oct/2025:23:08:32 +0500] "GET / HTTP/1.0" 302 3719 "-" "Mozilla/5.0 (Linux; Android 10; K) AppleWebKit/537.36 (KHTML, like Gecko) Chrome/137.0.0.0 Mobile Safari/537.36"
133.242.174.119 - - [20/Oct/2025:23:08:33 +0500] "GET /login.php HTTP/1.0" 200 5074 "-" "Mozilla/5.0 (Linux; Android 10; K) AppleWebKit/537.36 (KHTML, like Gecko) Chrome/137.0.0.0 Mobile Safari/537.36"
104.23.221.28 - - [20/Oct/2025:23:18:01 +0500] "GET /wordpress/wp-admin/setup-config.php HTTP/1.0" 404 4406 "-" "Mozilla/5.0 (Windows NT 10.0; Win64; x64) AppleWebKit/537.36 (KHTML, like Gecko) Chrome/140.0.0.0 Safari/537.36"
104.23.223.124 - - [20/Oct/2025:23:18:30 +0500] "GET /wp-admin/setup-config.php HTTP/1.0" 404 4406 "-" "Mozilla/5.0 (Windows NT 10.0; Win64; x64) AppleWebKit/537.36 (KHTML, like Gecko) Chrome/140.0.0.0 Safari/537.36"
104.23.223.124 - - [20/Oct/2025:23:19:19 +0500] "GET /wp-admin/setup-config.php HTTP/1.0" 404 4406 "-" "Mozilla/5.0 (Windows NT 10.0; Win64; x64) AppleWebKit/537.36 (KHTML, like Gecko) Chrome/140.0.0.0 Safari/537.36"
104.23.221.28 - - [20/Oct/2025:23:19:28 +0500] "GET /wordpress/wp-admin/setup-config.php HTTP/1.0" 404 4406 "-" "Mozilla/5.0 (Windows NT 10.0; Win64; x64) AppleWebKit/537.36 (KHTML, like Gecko) Chrome/140.0.0.0 Safari/537.36"
149.34.248.70 - - [20/Oct/2025:23:25:19 +0500] "GET / HTTP/1.0" 302 3719 "http://nursultan0-0.site/" "Mozilla/5.0 (Macintosh; Intel Mac OS X 10_15_7) AppleWebKit/605.1.15 (KHTML, like Gecko) Version/18.4 Safari/605.1.15"
149.34.248.70 - - [20/Oct/2025:23:25:20 +0500] "GET /login.php HTTP/1.0" 200 5074 "https://nursultan0-0.site/" "Mozilla/5.0 (Macintosh; Intel Mac OS X 10_15_7) AppleWebKit/605.1.15 (KHTML, like Gecko) Version/18.4 Safari/605.1.15"
149.34.248.70 - - [20/Oct/2025:23:27:59 +0500] "GET / HTTP/1.0" 302 3719 "http://nursultan0-0.site/" "Mozilla/5.0 (iPhone; CPU iPhone OS 26_0_1 like Mac OS X) AppleWebKit/605.1.15 (KHTML, like Gecko) Version/26.0 YaBrowser/25.10.1.709.10 SA/3 Mobile/15E148 Safari/604.1"
149.34.248.70 - - [20/Oct/2025:23:27:59 +0500] "GET /login.php HTTP/1.0" 200 5074 "https://nursultan0-0.site/" "Mozilla/5.0 (iPhone; CPU iPhone OS 26_0_1 like Mac OS X) AppleWebKit/605.1.15 (KHTML, like Gecko) Version/26.0 YaBrowser/25.10.1.709.10 SA/3 Mobile/15E148 Safari/604.1"
149.34.248.70 - - [20/Oct/2025:23:30:22 +0500] "GET /favicon.ico HTTP/1.0" 404 4406 "http://nursultan0-0.site/favicon.ico" "Mozilla/5.0 (Macintosh; Intel Mac OS X 10_15_7) AppleWebKit/605.1.15 (KHTML, like Gecko) Version/18.4 Safari/605.1.15"
172.68.183.47 - - [20/Oct/2025:23:36:57 +0500] "GET /wp-admin/setup-config.php HTTP/1.0" 404 4406 "-" "Mozilla/5.0 (Windows NT 10.0; Win64; x64) AppleWebKit/537.36 (KHTML, like Gecko) Chrome/140.0.0.0 Safari/537.36"
172.68.183.48 - - [20/Oct/2025:23:38:20 +0500] "GET /wordpress/wp-admin/setup-config.php HTTP/1.0" 404 4406 "-" "Mozilla/5.0 (Windows NT 10.0; Win64; x64) AppleWebKit/537.36 (KHTML, like Gecko) Chrome/140.0.0.0 Safari/537.36"
172.68.183.48 - - [20/Oct/2025:23:38:38 +0500] "GET /wp-admin/setup-config.php HTTP/1.0" 404 4406 "-" "Mozilla/5.0 (Windows NT 10.0; Win64; x64) AppleWebKit/537.36 (KHTML, like Gecko) Chrome/140.0.0.0 Safari/537.36"
149.34.248.70 - - [20/Oct/2025:23:38:52 +0500] "GET / HTTP/1.0" 302 3719 "-" "Mozilla/5.0 (Macintosh; Intel Mac OS X 10_15_7) AppleWebKit/605.1.15 (KHTML, like Gecko) Version/18.4 Safari/605.1.15"
149.34.248.70 - - [20/Oct/2025:23:38:52 +0500] "GET /login.php HTTP/1.0" 200 5074 "-" "Mozilla/5.0 (Macintosh; Intel Mac OS X 10_15_7) AppleWebKit/605.1.15 (KHTML, like Gecko) Version/18.4 Safari/605.1.15"
149.34.248.70 - - [20/Oct/2025:23:38:53 +0500] "GET /assets/style.css HTTP/1.0" 200 3555 "https://nursultan0-0.site/login.php" "Mozilla/5.0 (Macintosh; Intel Mac OS X 10_15_7) AppleWebKit/605.1.15 (KHTML, like Gecko) Version/18.4 Safari/605.1.15"
149.34.248.70 - - [20/Oct/2025:23:38:53 +0500] "GET /assets/script.js HTTP/1.0" 200 3569 "https://nursultan0-0.site/login.php" "Mozilla/5.0 (Macintosh; Intel Mac OS X 10_15_7) AppleWebKit/605.1.15 (KHTML, like Gecko) Version/18.4 Safari/605.1.15"
149.34.248.70 - - [20/Oct/2025:23:39:04 +0500] "GET /favicon.ico HTTP/1.0" 404 4406 "https://nursultan0-0.site/login.php" "Mozilla/5.0 (Macintosh; Intel Mac OS X 10_15_7) AppleWebKit/605.1.15 (KHTML, like Gecko) Version/18.4 Safari/605.1.15"
149.34.248.70 - - [20/Oct/2025:23:39:10 +0500] "POST /login.php HTTP/1.0" 200 5175 "https://nursultan0-0.site/login.php" "Mozilla/5.0 (Macintosh; Intel Mac OS X 10_15_7) AppleWebKit/605.1.15 (KHTML, like Gecko) Version/18.4 Safari/605.1.15"
149.34.248.70 - - [20/Oct/2025:23:39:12 +0500] "POST /login.php HTTP/1.0" 200 5175 "https://nursultan0-0.site/login.php" "Mozilla/5.0 (Macintosh; Intel Mac OS X 10_15_7) AppleWebKit/605.1.15 (KHTML, like Gecko) Version/18.4 Safari/605.1.15"
149.34.248.70 - - [20/Oct/2025:23:39:13 +0500] "POST /login.php HTTP/1.0" 200 5175 "https://nursultan0-0.site/login.php" "Mozilla/5.0 (Macintosh; Intel Mac OS X 10_15_7) AppleWebKit/605.1.15 (KHTML, like Gecko) Version/18.4 Safari/605.1.15"
149.34.248.70 - - [20/Oct/2025:23:39:15 +0500] "POST /login.php HTTP/1.0" 200 5175 "https://nursultan0-0.site/login.php" "Mozilla/5.0 (Macintosh; Intel Mac OS X 10_15_7) AppleWebKit/605.1.15 (KHTML, like Gecko) Version/18.4 Safari/605.1.15"
149.34.248.70 - - [20/Oct/2025:23:39:16 +0500] "POST /login.php HTTP/1.0" 200 5175 "https://nursultan0-0.site/login.php" "Mozilla/5.0 (Macintosh; Intel Mac OS X 10_15_7) AppleWebKit/605.1.15 (KHTML, like Gecko) Version/18.4 Safari/605.1.15"
172.68.183.47 - - [20/Oct/2025:23:40:13 +0500] "GET /wordpress/wp-admin/setup-config.php HTTP/1.0" 404 4406 "-" "Mozilla/5.0 (Windows NT 10.0; Win64; x64) AppleWebKit/537.36 (KHTML, like Gecko) Chrome/140.0.0.0 Safari/537.36"
149.34.248.70 - - [20/Oct/2025:23:44:18 +0500] "GET / HTTP/1.0" 302 3719 "http://nursultan0-0.site/" "Mozilla/5.0 (iPhone; CPU iPhone OS 17_0 like Mac OS X) AppleWebKit/605.1.15 (KHTML, like Gecko) Brave/1 Mobile/15E148 Safari/604.1"
149.34.248.70 - - [20/Oct/2025:23:44:18 +0500] "GET /login.php HTTP/1.0" 200 5074 "http://nursultan0-0.site/" "Mozilla/5.0 (iPhone; CPU iPhone OS 17_0 like Mac OS X) AppleWebKit/605.1.15 (KHTML, like Gecko) Brave/1 Mobile/15E148 Safari/604.1"
149.34.248.70 - - [20/Oct/2025:23:45:47 +0500] "GET /favicon.ico HTTP/1.0" 404 4406 "-" "Mozilla/5.0 (Macintosh; Intel Mac OS X 10_15_7) AppleWebKit/605.1.15 (KHTML, like Gecko) Version/18.4 Safari/605.1.15"
149.34.248.70 - - [20/Oct/2025:23:49:12 +0500] "GET /favicon.ico HTTP/1.0" 404 4406 "-" "Mozilla/5.0 (iPhone; CPU iPhone OS 17_0 like Mac OS X) AppleWebKit/605.1.15 (KHTML, like Gecko) Brave/1 Mobile/15E148 Safari/604.1"
104.23.223.125 - - [21/Oct/2025:00:01:30 +0500] "GET /wordpress/wp-admin/setup-config.php HTTP/1.0" 404 4406 "-" "Mozilla/5.0 (Windows NT 10.0; Win64; x64) AppleWebKit/537.36 (KHTML, like Gecko) Chrome/140.0.0.0 Safari/537.36"
104.23.223.124 - - [21/Oct/2025:00:03:06 +0500] "GET /wordpress/wp-admin/setup-config.php HTTP/1.0" 404 4406 "-" "Mozilla/5.0 (Windows NT 10.0; Win64; x64) AppleWebKit/537.36 (KHTML, like Gecko) Chrome/140.0.0.0 Safari/537.36"
104.23.221.29 - - [21/Oct/2025:00:03:20 +0500] "GET /wp-admin/setup-config.php HTTP/1.0" 404 4406 "-" "Mozilla/5.0 (Windows NT 10.0; Win64; x64) AppleWebKit/537.36 (KHTML, like Gecko) Chrome/140.0.0.0 Safari/537.36"
104.23.223.124 - - [21/Oct/2025:00:03:29 +0500] "GET /wp-admin/setup-config.php HTTP/1.0" 404 4406 "-" "Mozilla/5.0 (Windows NT 10.0; Win64; x64) AppleWebKit/537.36 (KHTML, like Gecko) Chrome/140.0.0.0 Safari/537.36"
162.158.111.112 - - [21/Oct/2025:00:24:24 +0500] "GET /wordpress/wp-admin/setup-config.php HTTP/1.0" 404 4406 "-" "Mozilla/5.0 (Windows NT 10.0; Win64; x64) AppleWebKit/537.36 (KHTML, like Gecko) Chrome/140.0.0.0 Safari/537.36"
104.23.223.124 - - [21/Oct/2025:00:24:57 +0500] "GET /wordpress/wp-admin/setup-config.php HTTP/1.0" 404 4406 "-" "Mozilla/5.0 (Windows NT 10.0; Win64; x64) AppleWebKit/537.36 (KHTML, like Gecko) Chrome/140.0.0.0 Safari/537.36"
104.23.221.29 - - [21/Oct/2025:00:25:41 +0500] "GET /wp-admin/setup-config.php HTTP/1.0" 404 4406 "-" "Mozilla/5.0 (Windows NT 10.0; Win64; x64) AppleWebKit/537.36 (KHTML, like Gecko) Chrome/140.0.0.0 Safari/537.36"
104.23.221.29 - - [21/Oct/2025:00:27:39 +0500] "GET /wp-admin/setup-config.php HTTP/1.0" 404 4406 "-" "Mozilla/5.0 (Windows NT 10.0; Win64; x64) AppleWebKit/537.36 (KHTML, like Gecko) Chrome/140.0.0.0 Safari/537.36"
104.23.221.28 - - [21/Oct/2025:00:48:47 +0500] "GET /wp-admin/setup-config.php HTTP/1.0" 404 4406 "-" "Mozilla/5.0 (Windows NT 10.0; Win64; x64) AppleWebKit/537.36 (KHTML, like Gecko) Chrome/140.0.0.0 Safari/537.36"
104.23.221.29 - - [21/Oct/2025:00:49:12 +0500] "GET /wp-admin/setup-config.php HTTP/1.0" 404 4406 "-" "Mozilla/5.0 (Windows NT 10.0; Win64; x64) AppleWebKit/537.36 (KHTML, like Gecko) Chrome/140.0.0.0 Safari/537.36"
104.23.221.29 - - [21/Oct/2025:00:50:43 +0500] "GET /wordpress/wp-admin/setup-config.php HTTP/1.0" 404 4406 "-" "Mozilla/5.0 (Windows NT 10.0; Win64; x64) AppleWebKit/537.36 (KHTML, like Gecko) Chrome/140.0.0.0 Safari/537.36"
104.23.223.125 - - [21/Oct/2025:00:51:08 +0500] "GET /wordpress/wp-admin/setup-config.php HTTP/1.0" 404 4406 "-" "Mozilla/5.0 (Windows NT 10.0; Win64; x64) AppleWebKit/537.36 (KHTML, like Gecko) Chrome/140.0.0.0 Safari/537.36"
104.23.221.29 - - [21/Oct/2025:01:09:26 +0500] "GET /wordpress/wp-admin/setup-config.php HTTP/1.0" 404 4406 "-" "Mozilla/5.0 (Windows NT 10.0; Win64; x64) AppleWebKit/537.36 (KHTML, like Gecko) Chrome/140.0.0.0 Safari/537.36"
104.23.221.28 - - [21/Oct/2025:01:12:04 +0500] "GET /wordpress/wp-admin/setup-config.php HTTP/1.0" 404 4406 "-" "Mozilla/5.0 (Windows NT 10.0; Win64; x64) AppleWebKit/537.36 (KHTML, like Gecko) Chrome/140.0.0.0 Safari/537.36"
104.23.223.125 - - [21/Oct/2025:01:12:54 +0500] "GET /wp-admin/setup-config.php HTTP/1.0" 404 4406 "-" "Mozilla/5.0 (Windows NT 10.0; Win64; x64) AppleWebKit/537.36 (KHTML, like Gecko) Chrome/140.0.0.0 Safari/537.36"
104.23.221.29 - - [21/Oct/2025:01:13:20 +0500] "GET /wp-admin/setup-config.php HTTP/1.0" 404 4406 "-" "Mozilla/5.0 (Windows NT 10.0; Win64; x64) AppleWebKit/537.36 (KHTML, like Gecko) Chrome/140.0.0.0 Safari/537.36"
172.70.247.181 - - [21/Oct/2025:01:30:31 +0500] "GET /wp-admin/setup-config.php HTTP/1.0" 404 4406 "-" "Mozilla/5.0 (Windows NT 10.0; Win64; x64) AppleWebKit/537.36 (KHTML, like Gecko) Chrome/140.0.0.0 Safari/537.36"
104.23.221.29 - - [21/Oct/2025:01:31:38 +0500] "GET /wordpress/wp-admin/setup-config.php HTTP/1.0" 404 4406 "-" "Mozilla/5.0 (Windows NT 10.0; Win64; x64) AppleWebKit/537.36 (KHTML, like Gecko) Chrome/140.0.0.0 Safari/537.36"
172.70.240.205 - - [21/Oct/2025:01:32:41 +0500] "GET /wp-admin/setup-config.php HTTP/1.0" 404 4406 "-" "Mozilla/5.0 (Windows NT 10.0; Win64; x64) AppleWebKit/537.36 (KHTML, like Gecko) Chrome/140.0.0.0 Safari/537.36"
172.70.248.16 - - [21/Oct/2025:01:33:29 +0500] "GET /wordpress/wp-admin/setup-config.php HTTP/1.0" 404 4406 "-" "Mozilla/5.0 (Windows NT 10.0; Win64; x64) AppleWebKit/537.36 (KHTML, like Gecko) Chrome/140.0.0.0 Safari/537.36"
172.68.10.7 - - [21/Oct/2025:01:50:29 +0500] "GET /wp-admin/setup-config.php HTTP/1.0" 404 4406 "-" "Mozilla/5.0 (Windows NT 10.0; Win64; x64) AppleWebKit/537.36 (KHTML, like Gecko) Chrome/140.0.0.0 Safari/537.36"
104.23.221.29 - - [21/Oct/2025:01:51:30 +0500] "GET /wordpress/wp-admin/setup-config.php HTTP/1.0" 404 4406 "-" "Mozilla/5.0 (Windows NT 10.0; Win64; x64) AppleWebKit/537.36 (KHTML, like Gecko) Chrome/140.0.0.0 Safari/537.36"
104.23.221.28 - - [21/Oct/2025:01:51:34 +0500] "GET /wordpress/wp-admin/setup-config.php HTTP/1.0" 404 4406 "-" "Mozilla/5.0 (Windows NT 10.0; Win64; x64) AppleWebKit/537.36 (KHTML, like Gecko) Chrome/140.0.0.0 Safari/537.36"
104.23.221.28 - - [21/Oct/2025:01:52:52 +0500] "GET /wp-admin/setup-config.php HTTP/1.0" 404 4406 "-" "Mozilla/5.0 (Windows NT 10.0; Win64; x64) AppleWebKit/537.36 (KHTML, like Gecko) Chrome/140.0.0.0 Safari/537.36"
172.71.184.59 - - [21/Oct/2025:02:12:51 +0500] "GET /wordpress/wp-admin/setup-config.php HTTP/1.0" 404 4406 "-" "Mozilla/5.0 (Windows NT 10.0; Win64; x64) AppleWebKit/537.36 (KHTML, like Gecko) Chrome/140.0.0.0 Safari/537.36"
162.158.111.112 - - [21/Oct/2025:02:15:14 +0500] "GET /wp-admin/setup-config.php HTTP/1.0" 404 4406 "-" "Mozilla/5.0 (Windows NT 10.0; Win64; x64) AppleWebKit/537.36 (KHTML, like Gecko) Chrome/140.0.0.0 Safari/537.36"
172.71.184.58 - - [21/Oct/2025:02:15:34 +0500] "GET /wordpress/wp-admin/setup-config.php HTTP/1.0" 404 4406 "-" "Mozilla/5.0 (Windows NT 10.0; Win64; x64) AppleWebKit/537.36 (KHTML, like Gecko) Chrome/140.0.0.0 Safari/537.36"
98.93.138.211 - - [21/Oct/2025:02:16:32 +0500] "GET / HTTP/1.0" 302 3719 "-" "Mozilla/5.0 (BB10; Touch) AppleWebKit/537.10+ (KHTML, like Gecko) Version/10.1.0.2342 Mobile Safari/537.10+"
98.93.138.211 - - [21/Oct/2025:02:16:33 +0500] "GET /login.php HTTP/1.0" 200 5142 "-" "Mozilla/5.0 (Macintosh; Intel Mac OS X 10_15_7) AppleWebKit/537.36 (KHTML, like Gecko) Chrome/98.0.4758.102 Safari/537.36"
104.23.221.28 - - [21/Oct/2025:02:16:51 +0500] "GET /wp-admin/setup-config.php HTTP/1.0" 404 4406 "-" "Mozilla/5.0 (Windows NT 10.0; Win64; x64) AppleWebKit/537.36 (KHTML, like Gecko) Chrome/140.0.0.0 Safari/537.36"
104.23.223.124 - - [21/Oct/2025:02:32:48 +0500] "GET /wp-admin/setup-config.php HTTP/1.0" 404 4406 "-" "Mozilla/5.0 (Windows NT 10.0; Win64; x64) AppleWebKit/537.36 (KHTML, like Gecko) Chrome/140.0.0.0 Safari/537.36"
172.71.184.58 - - [21/Oct/2025:02:33:21 +0500] "GET /wordpress/wp-admin/setup-config.php HTTP/1.0" 404 4406 "-" "Mozilla/5.0 (Windows NT 10.0; Win64; x64) AppleWebKit/537.36 (KHTML, like Gecko) Chrome/140.0.0.0 Safari/537.36"
104.23.223.124 - - [21/Oct/2025:02:35:02 +0500] "GET /wordpress/wp-admin/setup-config.php HTTP/1.0" 404 4406 "-" "Mozilla/5.0 (Windows NT 10.0; Win64; x64) AppleWebKit/537.36 (KHTML, like Gecko) Chrome/140.0.0.0 Safari/537.36"
104.23.221.28 - - [21/Oct/2025:02:35:38 +0500] "GET /wp-admin/setup-config.php HTTP/1.0" 404 4406 "-" "Mozilla/5.0 (Windows NT 10.0; Win64; x64) AppleWebKit/537.36 (KHTML, like Gecko) Chrome/140.0.0.0 Safari/537.36"
172.71.184.59 - - [21/Oct/2025:02:55:45 +0500] "GET /wp-admin/setup-config.php HTTP/1.0" 404 4406 "-" "Mozilla/5.0 (Windows NT 10.0; Win64; x64) AppleWebKit/537.36 (KHTML, like Gecko) Chrome/140.0.0.0 Safari/537.36"
104.23.239.33 - - [21/Oct/2025:02:55:51 +0500] "GET /wp-admin/setup-config.php HTTP/1.0" 404 4406 "-" "Mozilla/5.0 (Windows NT 10.0; Win64; x64) AppleWebKit/537.36 (KHTML, like Gecko) Chrome/140.0.0.0 Safari/537.36"
172.68.10.6 - - [21/Oct/2025:02:56:06 +0500] "GET /wordpress/wp-admin/setup-config.php HTTP/1.0" 404 4406 "-" "Mozilla/5.0 (Windows NT 10.0; Win64; x64) AppleWebKit/537.36 (KHTML, like Gecko) Chrome/140.0.0.0 Safari/537.36"
172.71.184.59 - - [21/Oct/2025:02:56:22 +0500] "GET /wordpress/wp-admin/setup-config.php HTTP/1.0" 404 4406 "-" "Mozilla/5.0 (Windows NT 10.0; Win64; x64) AppleWebKit/537.36 (KHTML, like Gecko) Chrome/140.0.0.0 Safari/537.36"
172.71.172.151 - - [21/Oct/2025:03:14:37 +0500] "GET /wordpress/wp-admin/setup-config.php HTTP/1.0" 404 4406 "-" "Mozilla/5.0 (Windows NT 10.0; Win64; x64) AppleWebKit/537.36 (KHTML, like Gecko) Chrome/140.0.0.0 Safari/537.36"
172.68.10.7 - - [21/Oct/2025:03:16:02 +0500] "GET /wordpress/wp-admin/setup-config.php HTTP/1.0" 404 4406 "-" "Mozilla/5.0 (Windows NT 10.0; Win64; x64) AppleWebKit/537.36 (KHTML, like Gecko) Chrome/140.0.0.0 Safari/537.36"
172.68.10.6 - - [21/Oct/2025:03:17:36 +0500] "GET /wp-admin/setup-config.php HTTP/1.0" 404 4406 "-" "Mozilla/5.0 (Windows NT 10.0; Win64; x64) AppleWebKit/537.36 (KHTML, like Gecko) Chrome/140.0.0.0 Safari/537.36"
172.68.10.7 - - [21/Oct/2025:03:17:52 +0500] "GET /wp-admin/setup-config.php HTTP/1.0" 404 4406 "-" "Mozilla/5.0 (Windows NT 10.0; Win64; x64) AppleWebKit/537.36 (KHTML, like Gecko) Chrome/140.0.0.0 Safari/537.36"
172.71.184.58 - - [21/Oct/2025:03:36:46 +0500] "GET /wp-admin/setup-config.php HTTP/1.0" 404 4406 "-" "Mozilla/5.0 (Windows NT 10.0; Win64; x64) AppleWebKit/537.36 (KHTML, like Gecko) Chrome/140.0.0.0 Safari/537.36"
172.71.184.59 - - [21/Oct/2025:03:37:43 +0500] "GET /wp-admin/setup-config.php HTTP/1.0" 404 4406 "-" "Mozilla/5.0 (Windows NT 10.0; Win64; x64) AppleWebKit/537.36 (KHTML, like Gecko) Chrome/140.0.0.0 Safari/537.36"
172.71.144.164 - - [21/Oct/2025:03:37:59 +0500] "GET /wordpress/wp-admin/setup-config.php HTTP/1.0" 404 4406 "-" "Mozilla/5.0 (Windows NT 10.0; Win64; x64) AppleWebKit/537.36 (KHTML, like Gecko) Chrome/140.0.0.0 Safari/537.36"
172.71.144.165 - - [21/Oct/2025:03:39:34 +0500] "GET /wordpress/wp-admin/setup-config.php HTTP/1.0" 404 4406 "-" "Mozilla/5.0 (Windows NT 10.0; Win64; x64) AppleWebKit/537.36 (KHTML, like Gecko) Chrome/140.0.0.0 Safari/537.36"
104.23.223.124 - - [21/Oct/2025:03:59:49 +0500] "GET /wp-admin/setup-config.php HTTP/1.0" 404 4406 "-" "Mozilla/5.0 (Windows NT 10.0; Win64; x64) AppleWebKit/537.36 (KHTML, like Gecko) Chrome/140.0.0.0 Safari/537.36"
104.23.223.124 - - [21/Oct/2025:04:00:37 +0500] "GET /wordpress/wp-admin/setup-config.php HTTP/1.0" 404 4406 "-" "Mozilla/5.0 (Windows NT 10.0; Win64; x64) AppleWebKit/537.36 (KHTML, like Gecko) Chrome/140.0.0.0 Safari/537.36"
172.71.184.58 - - [21/Oct/2025:04:01:01 +0500] "GET /wordpress/wp-admin/setup-config.php HTTP/1.0" 404 4406 "-" "Mozilla/5.0 (Windows NT 10.0; Win64; x64) AppleWebKit/537.36 (KHTML, like Gecko) Chrome/140.0.0.0 Safari/537.36"
104.23.223.125 - - [21/Oct/2025:04:02:44 +0500] "GET /wp-admin/setup-config.php HTTP/1.0" 404 4406 "-" "Mozilla/5.0 (Windows NT 10.0; Win64; x64) AppleWebKit/537.36 (KHTML, like Gecko) Chrome/140.0.0.0 Safari/537.36"
176.64.18.26 - - [20/Oct/2025:08:05:44 +0500] "GET /assets/script.js HTTP/2.0" 200 982 "https://nursultan0-0.site/login.php" "Mozilla/5.0 (Windows NT 10.0; Win64; x64) AppleWebKit/537.36 (KHTML, like Gecko) Chrome/141.0.0.0 Safari/537.36"
176.64.18.26 - - [20/Oct/2025:08:05:44 +0500] "GET /assets/style.css HTTP/2.0" 200 2555 "https://nursultan0-0.site/login.php" "Mozilla/5.0 (Windows NT 10.0; Win64; x64) AppleWebKit/537.36 (KHTML, like Gecko) Chrome/141.0.0.0 Safari/537.36"
143.110.213.72 - - [20/Oct/2025:08:13:47 +0500] "GET / HTTP/1.1" 400 248 "-" "-"
104.164.173.202 - - [20/Oct/2025:08:13:55 +0500] "GET /assets/script.js HTTP/1.1" 200 994 "-" "Mozilla/5.0 (Windows NT 10.0; Win64; x64) AppleWebKit/537.36 (KHTML, like Gecko) Chrome/116.0.0.0 Safari/537.36"
34.244.237.25 - - [20/Oct/2025:08:14:23 +0500] "GET /assets/style.css HTTP/2.0" 200 2555 "https://nursultan0-0.site/login.php" "Plesk screenshot bot https://support.plesk.com/hc/en-us/articles/10301006946066"
34.244.237.25 - - [20/Oct/2025:08:14:23 +0500] "GET /assets/script.js HTTP/2.0" 200 982 "https://nursultan0-0.site/login.php" "Plesk screenshot bot https://support.plesk.com/hc/en-us/articles/10301006946066"
106.75.167.27 - - [20/Oct/2025:08:15:04 +0500] "GET /assets/script.js HTTP/1.1" 200 3278 "-" "Mozilla/5.0 (Windows NT 6.1) AppleWebKit/537.36 (KHTML, like Gecko) Chrome/49.0.2623.112 Safari/537.36"
69.67.183.112 - - [20/Oct/2025:08:15:09 +0500] "GET /?SSL_Labs_Renegotiation_Test=User_Agent_May_Not_Show HTTP/1.0" 400 0 "-" "SSL Labs (https://www.ssllabs.com/about/assessment.html)"
69.67.183.112 - - [20/Oct/2025:08:15:10 +0500] "GET /?SSL_Labs_Renegotiation_Test=User_Agent_May_Not_Show HTTP/1.0" 400 0 "-" "SSL Labs (https://www.ssllabs.com/about/assessment.html)"
106.75.167.27 - - [20/Oct/2025:08:15:15 +0500] "GET /assets/script.js HTTP/1.1" 200 3278 "-" "Mozilla/5.0 (Windows NT 6.1) AppleWebKit/537.36 (KHTML, like Gecko) Chrome/49.0.2623.112 Safari/537.36"
176.64.18.26 - - [20/Oct/2025:08:15:25 +0500] "GET /assets/style.css HTTP/2.0" 200 2555 "https://nursultan0-0.site/login.php" "Mozilla/5.0 (Windows NT 10.0; Win64; x64) AppleWebKit/537.36 (KHTML, like Gecko) Chrome/141.0.0.0 Safari/537.36"
176.64.18.26 - - [20/Oct/2025:08:15:25 +0500] "GET /assets/script.js HTTP/2.0" 200 982 "https://nursultan0-0.site/login.php" "Mozilla/5.0 (Windows NT 10.0; Win64; x64) AppleWebKit/537.36 (KHTML, like Gecko) Chrome/141.0.0.0 Safari/537.36"
96.41.38.202 - - [20/Oct/2025:08:16:30 +0500] "GET /assets/script.js HTTP/1.1" 200 3278 "-" "Mozilla/5.0 (Macintosh; Intel Mac OS X 10.15; rv:139.0) Gecko/20100101 Firefox/139.0"
96.41.38.202 - - [20/Oct/2025:08:17:32 +0500] "GET /assets/script.js HTTP/1.1" 200 3278 "-" "Mozilla/5.0 (Macintosh; Intel Mac OS X 10.15; rv:139.0) Gecko/20100101 Firefox/139.0"
78.138.117.37 - - [20/Oct/2025:08:22:50 +0500] "GET /assets/style.css HTTP/2.0" 200 2555 "https://nursultan0-0.site/login.php" "Mozilla/5.0 (Windows NT 10.0; Win64; x64) AppleWebKit/537.36 (KHTML, like Gecko) Chrome/139.0.0.0 Safari/537.36"
78.138.117.37 - - [20/Oct/2025:08:22:50 +0500] "GET /assets/script.js HTTP/2.0" 200 982 "https://nursultan0-0.site/login.php" "Mozilla/5.0 (Windows NT 10.0; Win64; x64) AppleWebKit/537.36 (KHTML, like Gecko) Chrome/139.0.0.0 Safari/537.36"
103.4.251.14 - - [20/Oct/2025:08:27:17 +0500] "GET /assets/script.js HTTP/1.1" 200 994 "-" "Mozilla/5.0 (Macintosh; Intel Mac OS X 10_15_7) AppleWebKit/537.36 (KHTML, like Gecko) Chrome/117.0.0.0 Safari/537.36"
52.16.245.145 - - [20/Oct/2025:08:29:15 +0500] "GET /assets/style.css HTTP/2.0" 200 2555 "https://nursultan0-0.site/login.php" "Mozilla/5.0 (X11; Linux x86_64) AppleWebKit/537.36 (KHTML, like Gecko) Chrome/132.0.0.0 Safari/537.36"
52.16.245.145 - - [20/Oct/2025:08:29:15 +0500] "GET /assets/script.js HTTP/2.0" 200 982 "https://nursultan0-0.site/login.php" "Mozilla/5.0 (X11; Linux x86_64) AppleWebKit/537.36 (KHTML, like Gecko) Chrome/132.0.0.0 Safari/537.36"
176.64.23.113 - - [20/Oct/2025:08:29:36 +0500] "GET /assets/style.css HTTP/2.0" 200 2555 "https://nursultan0-0.site/login.php" "Mozilla/5.0 (Linux; Android 10; K) AppleWebKit/537.36 (KHTML, like Gecko) Chrome/141.0.0.0 Mobile Safari/537.36"
176.64.23.113 - - [20/Oct/2025:08:29:36 +0500] "GET /assets/script.js HTTP/2.0" 200 982 "https://nursultan0-0.site/login.php" "Mozilla/5.0 (Linux; Android 10; K) AppleWebKit/537.36 (KHTML, like Gecko) Chrome/141.0.0.0 Mobile Safari/537.36"
176.64.18.26 - - [20/Oct/2025:08:29:39 +0500] "GET /assets/style.css HTTP/2.0" 200 2555 "https://nursultan0-0.site/login.php" "Mozilla/5.0 (iPhone; CPU iPhone OS 18_6_2 like Mac OS X) AppleWebKit/605.1.15 (KHTML, like Gecko) CriOS/138.0.7204.119 Mobile/15E148 Safari/604.1"
176.64.18.26 - - [20/Oct/2025:08:29:39 +0500] "GET /assets/style.css HTTP/2.0" 200 2555 "https://nursultan0-0.site/login.php" "Mozilla/5.0 (iPhone; CPU iPhone OS 18_6_2 like Mac OS X) AppleWebKit/605.1.15 (KHTML, like Gecko) CriOS/138.0.7204.119 Mobile/15E148 Safari/604.1"
176.64.18.26 - - [20/Oct/2025:08:29:39 +0500] "GET /assets/script.js HTTP/2.0" 200 982 "https://nursultan0-0.site/login.php" "Mozilla/5.0 (iPhone; CPU iPhone OS 18_6_2 like Mac OS X) AppleWebKit/605.1.15 (KHTML, like Gecko) CriOS/138.0.7204.119 Mobile/15E148 Safari/604.1"
176.64.18.26 - - [20/Oct/2025:08:29:39 +0500] "GET /assets/script.js HTTP/2.0" 200 982 "https://nursultan0-0.site/login.php" "Mozilla/5.0 (iPhone; CPU iPhone OS 18_6_2 like Mac OS X) AppleWebKit/605.1.15 (KHTML, like Gecko) CriOS/138.0.7204.119 Mobile/15E148 Safari/604.1"
92.46.47.11 - - [20/Oct/2025:08:29:43 +0500] "GET /assets/style.css HTTP/2.0" 200 2555 "https://nursultan0-0.site/login.php" "Mozilla/5.0 (Linux; Android 10; K) AppleWebKit/537.36 (KHTML, like Gecko) Chrome/141.0.0.0 Mobile Safari/537.36"
92.46.47.11 - - [20/Oct/2025:08:29:43 +0500] "GET /assets/script.js HTTP/2.0" 200 982 "https://nursultan0-0.site/login.php" "Mozilla/5.0 (Linux; Android 10; K) AppleWebKit/537.36 (KHTML, like Gecko) Chrome/141.0.0.0 Mobile Safari/537.36"
82.146.44.21 - - [20/Oct/2025:08:33:08 +0500] "GET /assets/style.css HTTP/1.1" 200 12525 "-" "Chrome/86.0.4240.198"
82.146.44.21 - - [20/Oct/2025:08:33:15 +0500] "GET /assets/script.js HTTP/1.1" 200 3278 "-" "Chrome/86.0.4240.198"
82.146.44.21 - - [20/Oct/2025:08:33:18 +0500] "GET /assets/style.css HTTP/1.1" 200 12525 "-" "Chrome/86.0.4240.198"
82.146.44.21 - - [20/Oct/2025:08:33:19 +0500] "GET /assets/script.js HTTP/1.1" 200 3278 "-" "Chrome/86.0.4240.198"
176.64.18.26 - - [20/Oct/2025:08:52:38 +0500] "GET /assets/script.js HTTP/2.0" 304 0 "https://nursultan0-0.site/login.php" "Mozilla/5.0 (Windows NT 10.0; Win64; x64) AppleWebKit/537.36 (KHTML, like Gecko) Chrome/141.0.0.0 Safari/537.36"
176.64.18.26 - - [20/Oct/2025:09:03:22 +0500] "GET /assets/style.css HTTP/2.0" 304 0 "https://nursultan0-0.site/login.php" "Mozilla/5.0 (Windows NT 10.0; Win64; x64) AppleWebKit/537.36 (KHTML, like Gecko) Chrome/141.0.0.0 Safari/537.36"
157.143.122.60 - - [20/Oct/2025:09:37:10 +0500] "GET /assets/script.js HTTP/2.0" 200 3278 "-" "Mozilla/5.0 (Linux; Android 6.0; Nexus 5 Build/MRA58N) AppleWebKit/537.36 (KHTML, like Gecko) Chrome/130.0.0.0 Mobile Safari/537.36"
157.143.122.60 - - [20/Oct/2025:09:37:10 +0500] "GET /assets/style.css HTTP/2.0" 200 12525 "-" "Mozilla/5.0 (Linux; Android 6.0; Nexus 5 Build/MRA58N) AppleWebKit/537.36 (KHTML, like Gecko) Chrome/130.0.0.0 Mobile Safari/537.36"
178.128.89.8 - - [20/Oct/2025:09:49:10 +0500] "" 400 0 "-" "-"
23.27.145.66 - - [20/Oct/2025:10:21:42 +0500] "GET /assets/style.css HTTP/2.0" 200 2555 "https://nursultan0-0.site/login.php" "Mozilla/5.0 (X11; Linux x86_64) AppleWebKit/537.36 (KHTML, like Gecko) Chrome/119.0.0.0 Safari/537.36"
23.27.145.66 - - [20/Oct/2025:10:21:42 +0500] "GET /assets/script.js HTTP/2.0" 200 982 "https://nursultan0-0.site/login.php" "Mozilla/5.0 (X11; Linux x86_64) AppleWebKit/537.36 (KHTML, like Gecko) Chrome/119.0.0.0 Safari/537.36"
176.64.18.26 - - [20/Oct/2025:10:40:06 +0500] "GET /assets/script.js HTTP/2.0" 304 0 "https://nursultan0-0.site/login.php" "Mozilla/5.0 (iPhone; CPU iPhone OS 18_6_2 like Mac OS X) AppleWebKit/605.1.15 (KHTML, like Gecko) CriOS/138.0.7204.119 Mobile/15E148 Safari/604.1"
176.64.18.26 - - [20/Oct/2025:10:40:06 +0500] "GET /assets/style.css HTTP/2.0" 304 0 "https://nursultan0-0.site/login.php" "Mozilla/5.0 (iPhone; CPU iPhone OS 18_6_2 like Mac OS X) AppleWebKit/605.1.15 (KHTML, like Gecko) CriOS/138.0.7204.119 Mobile/15E148 Safari/604.1"
176.64.18.26 - - [20/Oct/2025:10:46:30 +0500] "GET /assets/script.js HTTP/2.0" 304 0 "https://nursultan0-0.site/login.php" "Mozilla/5.0 (Windows NT 10.0; Win64; x64) AppleWebKit/537.36 (KHTML, like Gecko) Chrome/141.0.0.0 Safari/537.36"
176.64.18.26 - - [20/Oct/2025:10:46:30 +0500] "GET /assets/style.css HTTP/2.0" 304 0 "https://nursultan0-0.site/login.php" "Mozilla/5.0 (Windows NT 10.0; Win64; x64) AppleWebKit/537.36 (KHTML, like Gecko) Chrome/141.0.0.0 Safari/537.36"
176.64.22.113 - - [20/Oct/2025:10:47:15 +0500] "GET /assets/style.css HTTP/2.0" 200 2555 "https://nursultan0-0.site/login.php" "Mozilla/5.0 (iPhone; CPU iPhone OS 18_7 like Mac OS X) AppleWebKit/605.1.15 (KHTML, like Gecko) Version/26.0.1 Mobile/15E148 Safari/604.1"
176.64.22.113 - - [20/Oct/2025:10:47:15 +0500] "GET /assets/script.js HTTP/2.0" 200 982 "https://nursultan0-0.site/login.php" "Mozilla/5.0 (iPhone; CPU iPhone OS 18_7 like Mac OS X) AppleWebKit/605.1.15 (KHTML, like Gecko) Version/26.0.1 Mobile/15E148 Safari/604.1"
95.82.118.158 - - [20/Oct/2025:11:07:46 +0500] "GET /assets/script.js HTTP/2.0" 200 982 "https://nursultan0-0.site/login.php" "Mozilla/5.0 (Linux; Android 10; K) AppleWebKit/537.36 (KHTML, like Gecko) Chrome/141.0.0.0 Mobile Safari/537.36"
95.82.118.158 - - [20/Oct/2025:11:07:46 +0500] "GET /assets/style.css HTTP/2.0" 200 2555 "https://nursultan0-0.site/login.php" "Mozilla/5.0 (Linux; Android 10; K) AppleWebKit/537.36 (KHTML, like Gecko) Chrome/141.0.0.0 Mobile Safari/537.36"
92.46.47.9 - - [20/Oct/2025:12:20:31 +0500] "GET /assets/style.css HTTP/2.0" 200 2555 "https://nursultan0-0.site/login.php" "Mozilla/5.0 (iPhone; CPU iPhone OS 18_6_2 like Mac OS X) AppleWebKit/605.1.15 (KHTML, like Gecko) Version/18.6 Mobile/15E148 Safari/604.1"
92.46.47.9 - - [20/Oct/2025:12:20:31 +0500] "GET /assets/script.js HTTP/2.0" 200 982 "https://nursultan0-0.site/login.php" "Mozilla/5.0 (iPhone; CPU iPhone OS 18_6_2 like Mac OS X) AppleWebKit/605.1.15 (KHTML, like Gecko) Version/18.6 Mobile/15E148 Safari/604.1"
104.168.71.109 - - [20/Oct/2025:13:51:05 +0500] "GET /assets/style.css HTTP/2.0" 200 2555 "https://nursultan0-0.site/login.php" "Mozilla/5.0 (iPhone; CPU iPhone OS 18_5 like Mac OS X) AppleWebKit/605.1.15 (KHTML, like Gecko) CriOS/138.0.7204.156 Mobile/15E148 Safari/604.1"
104.168.71.109 - - [20/Oct/2025:13:51:05 +0500] "GET /assets/script.js HTTP/2.0" 200 982 "https://nursultan0-0.site/login.php" "Mozilla/5.0 (iPhone; CPU iPhone OS 18_5 like Mac OS X) AppleWebKit/605.1.15 (KHTML, like Gecko) CriOS/138.0.7204.156 Mobile/15E148 Safari/604.1"
104.168.71.228 - - [20/Oct/2025:13:51:12 +0500] "GET /assets/style.css HTTP/2.0" 200 2555 "https://nursultan0-0.site/login.php" "Mozilla/5.0 (iPhone; CPU iPhone OS 18_5 like Mac OS X) AppleWebKit/605.1.15 (KHTML, like Gecko) CriOS/138.0.7204.156 Mobile/15E148 Safari/604.1"
104.168.71.228 - - [20/Oct/2025:13:51:12 +0500] "GET /assets/script.js HTTP/2.0" 200 982 "https://nursultan0-0.site/login.php" "Mozilla/5.0 (iPhone; CPU iPhone OS 18_5 like Mac OS X) AppleWebKit/605.1.15 (KHTML, like Gecko) CriOS/138.0.7204.156 Mobile/15E148 Safari/604.1"
82.146.44.21 - - [20/Oct/2025:14:37:45 +0500] "GET /assets/script.js HTTP/1.1" 200 3278 "-" "Chrome/86.0.4240.198"
82.146.44.21 - - [20/Oct/2025:14:37:45 +0500] "GET /assets/style.css HTTP/1.1" 200 12525 "-" "Chrome/86.0.4240.198"
82.146.44.21 - - [20/Oct/2025:14:37:45 +0500] "GET /assets/style.css HTTP/1.1" 200 12525 "-" "Chrome/86.0.4240.198"
82.146.44.21 - - [20/Oct/2025:14:37:56 +0500] "GET /assets/script.js HTTP/1.1" 200 3278 "-" "Chrome/86.0.4240.198"
34.41.13.236 - - [20/Oct/2025:14:48:35 +0500] "" 400 0 "-" "-"
104.164.173.253 - - [20/Oct/2025:16:58:32 +0500] "GET /assets/script.js HTTP/1.1" 200 994 "-" "Mozilla/5.0 (Macintosh; Intel Mac OS X 10_15_7) AppleWebKit/537.36 (KHTML, like Gecko) Chrome/117.0.0.0 Safari/537.36"
124.150.139.44 - - [20/Oct/2025:17:31:22 +0500] "" 400 0 "-" "-"
96.41.38.202 - - [20/Oct/2025:17:37:24 +0500] "GET /assets/script.js HTTP/1.1" 200 3278 "-" "Mozilla/5.0 (Macintosh; Intel Mac OS X 10.15; rv:139.0) Gecko/20100101 Firefox/139.0"
95.177.180.85 - - [20/Oct/2025:19:01:41 +0500] "GET /assets/style.css HTTP/2.0" 200 2555 "https://nursultan0-0.site/login.php" "Mozilla/5.0 (iPhone; CPU iPhone OS 10_3_1 like Mac OS X) AppleWebKit/603.1.30 (KHTML, like Gecko) Version/10.0 Mobile/14E304 Safari/602.1"
95.177.180.85 - - [20/Oct/2025:19:01:41 +0500] "GET /assets/script.js HTTP/2.0" 200 982 "https://nursultan0-0.site/login.php" "Mozilla/5.0 (iPhone; CPU iPhone OS 10_3_1 like Mac OS X) AppleWebKit/603.1.30 (KHTML, like Gecko) Version/10.0 Mobile/14E304 Safari/602.1"
34.150.149.12 - - [20/Oct/2025:19:11:43 +0500] "" 400 0 "-" "-"
195.7.13.240 - - [20/Oct/2025:20:35:10 +0500] "GET /assets/style.css HTTP/2.0" 304 0 "https://nursultan0-0.site/login.php" "Mozilla/5.0 (Windows NT 10.0; Win64; x64) AppleWebKit/537.36 (KHTML, like Gecko) Chrome/141.0.0.0 Safari/537.36"
195.7.13.240 - - [20/Oct/2025:20:35:10 +0500] "GET /assets/script.js HTTP/2.0" 304 0 "https://nursultan0-0.site/login.php" "Mozilla/5.0 (Windows NT 10.0; Win64; x64) AppleWebKit/537.36 (KHTML, like Gecko) Chrome/141.0.0.0 Safari/537.36"
66.249.77.6 - - [20/Oct/2025:20:40:30 +0500] "GET /assets/style.css HTTP/1.1" 200 2567 "https://nursultan0-0.site/login.php" "Mozilla/5.0 AppleWebKit/537.36 (KHTML, like Gecko; compatible; Googlebot/2.1; +http://www.google.com/bot.html) Chrome/140.0.7339.207 Safari/537.36"
66.249.77.6 - - [20/Oct/2025:20:40:30 +0500] "GET /assets/script.js HTTP/1.1" 200 994 "https://nursultan0-0.site/login.php" "Mozilla/5.0 AppleWebKit/537.36 (KHTML, like Gecko; compatible; Googlebot/2.1; +http://www.google.com/bot.html) Chrome/140.0.7339.207 Safari/537.36"
66.249.77.7 - - [20/Oct/2025:20:40:30 +0500] "GET /assets/style.css HTTP/1.1" 200 2567 "https://nursultan0-0.site/login.php" "Mozilla/5.0 (Linux; Android 6.0.1; Nexus 5X Build/MMB29P) AppleWebKit/537.36 (KHTML, like Gecko) Chrome/140.0.7339.207 Mobile Safari/537.36 (compatible; Googlebot/2.1; +http://www.google.com/bot.html)"
66.249.77.6 - - [20/Oct/2025:20:40:31 +0500] "GET /assets/script.js HTTP/1.1" 200 994 "https://nursultan0-0.site/login.php" "Mozilla/5.0 (Linux; Android 6.0.1; Nexus 5X Build/MMB29P) AppleWebKit/537.36 (KHTML, like Gecko) Chrome/140.0.7339.207 Mobile Safari/537.36 (compatible; Googlebot/2.1; +http://www.google.com/bot.html)"
34.253.202.191 - - [20/Oct/2025:20:42:01 +0500] "GET /assets/style.css HTTP/2.0" 200 2555 "https://nursultan0-0.site/login.php" "Plesk screenshot bot https://support.plesk.com/hc/en-us/articles/10301006946066"
34.253.202.191 - - [20/Oct/2025:20:42:01 +0500] "GET /assets/script.js HTTP/2.0" 200 982 "https://nursultan0-0.site/login.php" "Plesk screenshot bot https://support.plesk.com/hc/en-us/articles/10301006946066"
37.32.73.89 - - [20/Oct/2025:20:42:36 +0500] "GET /assets/style.css HTTP/2.0" 200 2555 "https://nursultan0-0.site/login.php" "Mozilla/5.0 (Windows NT 10.0; Win64; x64) AppleWebKit/537.36 (KHTML, like Gecko) Chrome/141.0.0.0 Safari/537.36"
37.32.73.89 - - [20/Oct/2025:20:42:36 +0500] "GET /assets/script.js HTTP/2.0" 200 982 "https://nursultan0-0.site/login.php" "Mozilla/5.0 (Windows NT 10.0; Win64; x64) AppleWebKit/537.36 (KHTML, like Gecko) Chrome/141.0.0.0 Safari/537.36"
92.46.70.5 - - [20/Oct/2025:20:42:43 +0500] "GET /assets/style.css HTTP/2.0" 200 2555 "https://nursultan0-0.site/login.php" "Mozilla/5.0 (Windows NT 10.0; Win64; x64) AppleWebKit/537.36 (KHTML, like Gecko) Chrome/141.0.0.0 Safari/537.36"
92.46.70.5 - - [20/Oct/2025:20:42:43 +0500] "GET /assets/script.js HTTP/2.0" 200 982 "https://nursultan0-0.site/login.php" "Mozilla/5.0 (Windows NT 10.0; Win64; x64) AppleWebKit/537.36 (KHTML, like Gecko) Chrome/141.0.0.0 Safari/537.36"
92.46.70.107 - - [20/Oct/2025:20:51:25 +0500] "GET /assets/style.css HTTP/2.0" 200 2555 "https://nursultan0-0.site/login.php" "Mozilla/5.0 (Windows NT 10.0; Win64; x64) AppleWebKit/537.36 (KHTML, like Gecko) Chrome/138.0.0.0 Safari/537.36"
92.46.70.107 - - [20/Oct/2025:20:51:25 +0500] "GET /assets/script.js HTTP/2.0" 200 982 "https://nursultan0-0.site/login.php" "Mozilla/5.0 (Windows NT 10.0; Win64; x64) AppleWebKit/537.36 (KHTML, like Gecko) Chrome/138.0.0.0 Safari/537.36"
195.7.13.240 - - [20/Oct/2025:20:59:50 +0500] "GET /assets/style.css HTTP/2.0" 200 2555 "https://nursultan0-0.site/login.php" "Mozilla/5.0 (iPhone; CPU iPhone OS 18_6_2 like Mac OS X) AppleWebKit/605.1.15 (KHTML, like Gecko) Mobile/15E148"
195.7.13.240 - - [20/Oct/2025:20:59:50 +0500] "GET /assets/script.js HTTP/2.0" 200 982 "https://nursultan0-0.site/login.php" "Mozilla/5.0 (iPhone; CPU iPhone OS 18_6_2 like Mac OS X) AppleWebKit/605.1.15 (KHTML, like Gecko) Mobile/15E148"
37.32.73.89 - - [20/Oct/2025:21:02:43 +0500] "GET /assets/style.css HTTP/2.0" 200 2555 "https://nursultan0-0.site/login.php" "Mozilla/5.0 (Linux; Android 14; K) AppleWebKit/537.36 (KHTML, like Gecko) Chrome/140.0.7339.208 Mobile Safari/537.36 Telegram-Android/12.1.1 (Xiaomi 24090RA29G; Android 14; SDK 34; HIGH)"
37.32.73.89 - - [20/Oct/2025:21:02:43 +0500] "GET /assets/script.js HTTP/2.0" 200 982 "https://nursultan0-0.site/login.php" "Mozilla/5.0 (Linux; Android 14; K) AppleWebKit/537.36 (KHTML, like Gecko) Chrome/140.0.7339.208 Mobile Safari/537.36 Telegram-Android/12.1.1 (Xiaomi 24090RA29G; Android 14; SDK 34; HIGH)"
34.83.144.45 - - [20/Oct/2025:21:48:16 +0500] "" 400 0 "-" "-"
85.117.102.66 - - [20/Oct/2025:21:53:56 +0500] "GET /assets/script.js HTTP/2.0" 200 982 "https://nursultan0-0.site/login.php" "Mozilla/5.0 (iPhone; CPU iPhone OS 18_0_1 like Mac OS X) AppleWebKit/605.1.15 (KHTML, like Gecko) Mobile/15E148"
85.117.102.66 - - [20/Oct/2025:21:53:56 +0500] "GET /assets/style.css HTTP/2.0" 200 2555 "https://nursultan0-0.site/login.php" "Mozilla/5.0 (iPhone; CPU iPhone OS 18_0_1 like Mac OS X) AppleWebKit/605.1.15 (KHTML, like Gecko) Mobile/15E148"
3.95.225.219 - - [20/Oct/2025:22:11:14 +0500] "GET /assets/style.css HTTP/2.0" 200 12525 "https://nursultan0-0.site/login.php" "Mozilla/5.0 (iPhone; CPU iPhone OS 12_2 like Mac OS X) AppleWebKit/605.1.15 (KHTML, like Gecko) Mobile/15E148"
3.95.225.219 - - [20/Oct/2025:22:11:14 +0500] "GET /assets/script.js HTTP/2.0" 200 3278 "https://nursultan0-0.site/login.php" "Mozilla/5.0 (iPhone; CPU iPhone OS 12_2 like Mac OS X) AppleWebKit/605.1.15 (KHTML, like Gecko) Mobile/15E148"
54.84.6.56 - - [20/Oct/2025:22:11:37 +0500] "GET /assets/style.css HTTP/2.0" 200 12525 "https://nursultan0-0.site/login.php" "Mozilla/5.0 (iPhone; CPU iPhone OS 12_2 like Mac OS X) AppleWebKit/605.1.15 (KHTML, like Gecko) Mobile/15E148"
54.84.6.56 - - [20/Oct/2025:22:11:37 +0500] "GET /assets/script.js HTTP/2.0" 200 3278 "https://nursultan0-0.site/login.php" "Mozilla/5.0 (iPhone; CPU iPhone OS 12_2 like Mac OS X) AppleWebKit/605.1.15 (KHTML, like Gecko) Mobile/15E148"
149.34.248.70 - - [20/Oct/2025:23:38:53 +0500] "GET /assets/style.css HTTP/2.0" 200 2555 "https://nursultan0-0.site/login.php" "Mozilla/5.0 (Macintosh; Intel Mac OS X 10_15_7) AppleWebKit/605.1.15 (KHTML, like Gecko) Version/18.4 Safari/605.1.15"
149.34.248.70 - - [20/Oct/2025:23:38:53 +0500] "GET /assets/script.js HTTP/2.0" 200 982 "https://nursultan0-0.site/login.php" "Mozilla/5.0 (Macintosh; Intel Mac OS X 10_15_7) AppleWebKit/605.1.15 (KHTML, like Gecko) Version/18.4 Safari/605.1.15"
172.68.10.6 - - [21/Oct/2025:04:22:31 +0500] "GET /wp-admin/setup-config.php HTTP/1.0" 404 4406 "-" "Mozilla/5.0 (Windows NT 10.0; Win64; x64) AppleWebKit/537.36 (KHTML, like Gecko) Chrome/140.0.0.0 Safari/537.36"
172.68.10.6 - - [21/Oct/2025:04:23:00 +0500] "GET /wordpress/wp-admin/setup-config.php HTTP/1.0" 404 4406 "-" "Mozilla/5.0 (Windows NT 10.0; Win64; x64) AppleWebKit/537.36 (KHTML, like Gecko) Chrome/140.0.0.0 Safari/537.36"
172.70.250.169 - - [21/Oct/2025:04:23:03 +0500] "GET /wordpress/wp-admin/setup-config.php HTTP/1.0" 404 4406 "-" "Mozilla/5.0 (Windows NT 10.0; Win64; x64) AppleWebKit/537.36 (KHTML, like Gecko) Chrome/140.0.0.0 Safari/537.36"
172.69.150.106 - - [21/Oct/2025:04:25:29 +0500] "GET /wp-admin/setup-config.php HTTP/1.0" 404 4406 "-" "Mozilla/5.0 (Windows NT 10.0; Win64; x64) AppleWebKit/537.36 (KHTML, like Gecko) Chrome/140.0.0.0 Safari/537.36"
172.68.10.7 - - [21/Oct/2025:04:41:48 +0500] "GET /wordpress/wp-admin/setup-config.php HTTP/1.0" 404 4406 "-" "Mozilla/5.0 (Windows NT 10.0; Win64; x64) AppleWebKit/537.36 (KHTML, like Gecko) Chrome/140.0.0.0 Safari/537.36"
172.68.10.6 - - [21/Oct/2025:04:42:35 +0500] "GET /wp-admin/setup-config.php HTTP/1.0" 404 4406 "-" "Mozilla/5.0 (Windows NT 10.0; Win64; x64) AppleWebKit/537.36 (KHTML, like Gecko) Chrome/140.0.0.0 Safari/537.36"
172.70.240.205 - - [21/Oct/2025:04:43:35 +0500] "GET /wordpress/wp-admin/setup-config.php HTTP/1.0" 404 4406 "-" "Mozilla/5.0 (Windows NT 10.0; Win64; x64) AppleWebKit/537.36 (KHTML, like Gecko) Chrome/140.0.0.0 Safari/537.36"
104.23.239.32 - - [21/Oct/2025:04:43:36 +0500] "GET /wp-admin/setup-config.php HTTP/1.0" 404 4406 "-" "Mozilla/5.0 (Windows NT 10.0; Win64; x64) AppleWebKit/537.36 (KHTML, like Gecko) Chrome/140.0.0.0 Safari/537.36"
104.23.221.28 - - [21/Oct/2025:05:02:23 +0500] "GET /wp-admin/setup-config.php HTTP/1.0" 404 4406 "-" "Mozilla/5.0 (Windows NT 10.0; Win64; x64) AppleWebKit/537.36 (KHTML, like Gecko) Chrome/140.0.0.0 Safari/537.36"
172.71.184.59 - - [21/Oct/2025:05:04:17 +0500] "GET /wordpress/wp-admin/setup-config.php HTTP/1.0" 404 4406 "-" "Mozilla/5.0 (Windows NT 10.0; Win64; x64) AppleWebKit/537.36 (KHTML, like Gecko) Chrome/140.0.0.0 Safari/537.36"
104.23.223.124 - - [21/Oct/2025:05:04:47 +0500] "GET /wordpress/wp-admin/setup-config.php HTTP/1.0" 404 4406 "-" "Mozilla/5.0 (Windows NT 10.0; Win64; x64) AppleWebKit/537.36 (KHTML, like Gecko) Chrome/140.0.0.0 Safari/537.36"
172.68.10.6 - - [21/Oct/2025:05:06:17 +0500] "GET /wp-admin/setup-config.php HTTP/1.0" 404 4406 "-" "Mozilla/5.0 (Windows NT 10.0; Win64; x64) AppleWebKit/537.36 (KHTML, like Gecko) Chrome/140.0.0.0 Safari/537.36"
124.150.139.44 - - [21/Oct/2025:05:10:02 +0500] "GET //wp-includes/ID3/license.txt HTTP/1.0" 404 4406 "-" "Mozilla/5.0 (Windows NT 10.0; Win64; x64) AppleWebKit/537.36 (KHTML, like Gecko) Chrome/95.0.4638.69 Safari/537.36"
124.150.139.44 - - [21/Oct/2025:05:10:04 +0500] "GET //feed/ HTTP/1.0" 404 4406 "-" "Mozilla/5.0 (Windows NT 10.0; Win64; x64) AppleWebKit/537.36 (KHTML, like Gecko) Chrome/95.0.4638.69 Safari/537.36"
124.150.139.44 - - [21/Oct/2025:05:10:05 +0500] "GET //xmlrpc.php?rsd HTTP/1.0" 404 3539 "-" "Mozilla/5.0 (Windows NT 10.0; Win64; x64) AppleWebKit/537.36 (KHTML, like Gecko) Chrome/95.0.4638.69 Safari/537.36"
124.150.139.44 - - [21/Oct/2025:05:10:06 +0500] "GET //blog/wp-includes/wlwmanifest.xml HTTP/1.0" 404 4406 "-" "Mozilla/5.0 (Windows NT 10.0; Win64; x64) AppleWebKit/537.36 (KHTML, like Gecko) Chrome/95.0.4638.69 Safari/537.36"
124.150.139.44 - - [21/Oct/2025:05:10:07 +0500] "GET //web/wp-includes/wlwmanifest.xml HTTP/1.0" 404 4406 "-" "Mozilla/5.0 (Windows NT 10.0; Win64; x64) AppleWebKit/537.36 (KHTML, like Gecko) Chrome/95.0.4638.69 Safari/537.36"
124.150.139.44 - - [21/Oct/2025:05:10:08 +0500] "GET //wordpress/wp-includes/wlwmanifest.xml HTTP/1.0" 404 4406 "-" "Mozilla/5.0 (Windows NT 10.0; Win64; x64) AppleWebKit/537.36 (KHTML, like Gecko) Chrome/95.0.4638.69 Safari/537.36"
124.150.139.44 - - [21/Oct/2025:05:10:09 +0500] "GET //wp/wp-includes/wlwmanifest.xml HTTP/1.0" 404 4406 "-" "Mozilla/5.0 (Windows NT 10.0; Win64; x64) AppleWebKit/537.36 (KHTML, like Gecko) Chrome/95.0.4638.69 Safari/537.36"
124.150.139.44 - - [21/Oct/2025:05:10:10 +0500] "GET //2020/wp-includes/wlwmanifest.xml HTTP/1.0" 404 4406 "-" "Mozilla/5.0 (Windows NT 10.0; Win64; x64) AppleWebKit/537.36 (KHTML, like Gecko) Chrome/95.0.4638.69 Safari/537.36"
124.150.139.44 - - [21/Oct/2025:05:10:13 +0500] "GET //2019/wp-includes/wlwmanifest.xml HTTP/1.0" 404 4406 "-" "Mozilla/5.0 (Windows NT 10.0; Win64; x64) AppleWebKit/537.36 (KHTML, like Gecko) Chrome/95.0.4638.69 Safari/537.36"
124.150.139.44 - - [21/Oct/2025:05:10:20 +0500] "GET //2021/wp-includes/wlwmanifest.xml HTTP/1.0" 404 4406 "-" "Mozilla/5.0 (Windows NT 10.0; Win64; x64) AppleWebKit/537.36 (KHTML, like Gecko) Chrome/95.0.4638.69 Safari/537.36"
124.150.139.44 - - [21/Oct/2025:05:10:21 +0500] "GET //shop/wp-includes/wlwmanifest.xml HTTP/1.0" 404 4406 "-" "Mozilla/5.0 (Windows NT 10.0; Win64; x64) AppleWebKit/537.36 (KHTML, like Gecko) Chrome/95.0.4638.69 Safari/537.36"
124.150.139.44 - - [21/Oct/2025:05:10:22 +0500] "GET //wp1/wp-includes/wlwmanifest.xml HTTP/1.0" 404 4406 "-" "Mozilla/5.0 (Windows NT 10.0; Win64; x64) AppleWebKit/537.36 (KHTML, like Gecko) Chrome/95.0.4638.69 Safari/537.36"
124.150.139.44 - - [21/Oct/2025:05:10:25 +0500] "GET //test/wp-includes/wlwmanifest.xml HTTP/1.0" 404 4406 "-" "Mozilla/5.0 (Windows NT 10.0; Win64; x64) AppleWebKit/537.36 (KHTML, like Gecko) Chrome/95.0.4638.69 Safari/537.36"
124.150.139.44 - - [21/Oct/2025:05:10:27 +0500] "GET //site/wp-includes/wlwmanifest.xml HTTP/1.0" 404 4406 "-" "Mozilla/5.0 (Windows NT 10.0; Win64; x64) AppleWebKit/537.36 (KHTML, like Gecko) Chrome/95.0.4638.69 Safari/537.36"
124.150.139.44 - - [21/Oct/2025:05:10:27 +0500] "GET //cms/wp-includes/wlwmanifest.xml HTTP/1.0" 404 4406 "-" "Mozilla/5.0 (Windows NT 10.0; Win64; x64) AppleWebKit/537.36 (KHTML, like Gecko) Chrome/95.0.4638.69 Safari/537.36"
176.53.222.10 - - [21/Oct/2025:05:17:53 +0500] "GET / HTTP/1.0" 302 3719 "-" "Mozilla/5.0 (Windows NT 10.0; Win64; x64) AppleWebKit/537.36 (KHTML, like Gecko) Chrome/94.0.4606.61 Safari/537.36"
